LinkChecker 10.1.0
Copyright (C) 2000-2016 Bastian Kleineidam, 2010-2021 LinkChecker Authors
LinkChecker comes with ABSOLUTELY NO WARRANTY!
This is free software, and you are welcome to redistribute it under
certain conditions. Look at the file `LICENSE' within this distribution.
Read the documentation at https://linkchecker.github.io/linkchecker/
Write comments and bugs to https://github.com/linkchecker/linkchecker/issues

Start checking at 2022-11-01 23:50:08-005

URL        `https://github.com/PostHog/posthog.com/issues/new?title=Feedback on: Self-host PostHog&body=**Issue with: /docs/self-host/index.mdx**'
Parent URL https://posthog.com/docs/self-host, line 80, col 23043
Real URL   https://github.com/PostHog/posthog.com/issues/new?title=Feedback%20on:%20Self-host%20PostHog&body=%2A%2AIssue%20with:%20/docs/self-host/index.mdx%2A%2A
Info       The URL is outside of the domain filter, checked only
           syntax.
Warning    [url-whitespace] Leading or trailing whitespace in URL
           `https://github.com/PostHog/posthog.com/issues/new?title=Feedback
           on: Self-host PostHog&body=**Issue with:
           /docs/self-host/index.mdx**
           '.
Result     Valid: filtered

URL        `https://github.com/PostHog/posthog.com/issues/new?title=Feedback on: Deploying to AWS&body=**Issue with: /docs/self-host/deploy/aws.mdx**'
Parent URL https://posthog.com/docs/self-host/deploy/aws, line 92, col 26494
Real URL   https://github.com/PostHog/posthog.com/issues/new?title=Feedback%20on:%20Deploying%20to%20AWS&body=%2A%2AIssue%20with:%20/docs/self-host/deploy/aws.mdx%2A%2A
Info       The URL is outside of the domain filter, checked only
           syntax.
Warning    [url-whitespace] Leading or trailing whitespace in URL
           `https://github.com/PostHog/posthog.com/issues/new?title=Feedback
           on: Deploying to AWS&body=**Issue with:
           /docs/self-host/deploy/aws.mdx**
           '.
Result     Valid: filtered

URL        `https://github.com/PostHog/posthog.com/issues/new?title=Feedback on: Deploying to Google Cloud Platform&body=**Issue with: /docs/self-host/deploy/gcp.mdx**'
Parent URL https://posthog.com/docs/self-host/deploy/gcp, line 91, col 40407
Real URL   https://github.com/PostHog/posthog.com/issues/new?title=Feedback%20on:%20Deploying%20to%20Google%20Cloud%20Platform&body=%2A%2AIssue%20with:%20/docs/self-host/deploy/gcp.mdx%2A%2A
Info       The URL is outside of the domain filter, checked only
           syntax.
Warning    [url-whitespace] Leading or trailing whitespace in URL
           `https://github.com/PostHog/posthog.com/issues/new?title=Feedback
           on: Deploying to Google Cloud Platform&body=**Issue
           with: /docs/self-host/deploy/gcp.mdx**
           '.
Result     Valid: filtered

URL        `https://github.com/PostHog/posthog.com/issues/new?title=Feedback on: Deploying to DigitalOcean&body=**Issue with: /docs/self-host/deploy/digital-ocean.mdx**'
Parent URL https://posthog.com/docs/self-host/deploy/digital-ocean, line 110, col 26466
Real URL   https://github.com/PostHog/posthog.com/issues/new?title=Feedback%20on:%20Deploying%20to%20DigitalOcean&body=%2A%2AIssue%20with:%20/docs/self-host/deploy/digital-ocean.mdx%2A%2A
Info       The URL is outside of the domain filter, checked only
           syntax.
Warning    [url-whitespace] Leading or trailing whitespace in URL
           `https://github.com/PostHog/posthog.com/issues/new?title=Feedback
           on: Deploying to DigitalOcean&body=**Issue with:
           /docs/self-host/deploy/digital-ocean.mdx**
           '.
Result     Valid: filtered

            URL        `/product/user-paths'
            Name       `User paths'
            Parent URL https://posthog.com, line 72, col 48115
            Real URL   https://posthog.com/apps/user-paths
            Check time 4.482 seconds
            Info       Redirected to `https://posthog.com/apps/user-paths'.
            Result     Error: 404 Not Found

URL        `https://github.com/PostHog/posthog.com/issues/new?title=Feedback on: PostHog vs Amplitude&body=**Issue with: /blog/posthog-vs-amplitude.md**'
Parent URL https://posthog.com/blog/posthog-vs-amplitude, line 72, col 89405
Real URL   https://github.com/PostHog/posthog.com/issues/new?title=Feedback%20on:%20PostHog%20vs%20Amplitude&body=%2A%2AIssue%20with:%20/blog/posthog-vs-amplitude.md%2A%2A
Info       The URL is outside of the domain filter, checked only
           syntax.
Warning    [url-whitespace] Leading or trailing whitespace in URL
           `https://github.com/PostHog/posthog.com/issues/new?title=Feedback
           on: PostHog vs Amplitude&body=**Issue with:
           /blog/posthog-vs-amplitude.md**
           '.
Result     Valid: filtered

URL        `https://github.com/PostHog/posthog.com/issues/new?title=Feedback on: Why I ditched Google Analytics and Mixpanel for PostHog&body=**Issue with: /blog/why-i-ditched-google-analytics-for-posthog.md**'
Parent URL https://posthog.com/blog/why-i-ditched-google-analytics-for-posthog, line 72, col 56932
Real URL   https://github.com/PostHog/posthog.com/issues/new?title=Feedback%20on:%20Why%20I%20ditched%20Google%20Analytics%20and%20Mixpanel%20for%20PostHog&body=%2A%2AIssue%20with:%20/blog/why-i-ditched-google-analytics-for-posthog.md%2A%2A
Info       The URL is outside of the domain filter, checked only
           syntax.
Warning    [url-whitespace] Leading or trailing whitespace in URL
           `https://github.com/PostHog/posthog.com/issues/new?title=Feedback
           on: Why I ditched Google Analytics and Mixpanel for
           PostHog&body=**Issue with:
           /blog/why-i-ditched-google-analytics-for-posthog.md**
           '.
Result     Valid: filtered

URL        `https://github.com/PostHog/posthog.com/issues/new?title=Feedback on: PostHog vs Matomo&body=**Issue with: /blog/posthog-vs-matomo.md**'
Parent URL https://posthog.com/blog/posthog-vs-matomo, line 72, col 80848
Real URL   https://github.com/PostHog/posthog.com/issues/new?title=Feedback%20on:%20PostHog%20vs%20Matomo&body=%2A%2AIssue%20with:%20/blog/posthog-vs-matomo.md%2A%2A
Info       The URL is outside of the domain filter, checked only
           syntax.
Warning    [url-whitespace] Leading or trailing whitespace in URL
           `https://github.com/PostHog/posthog.com/issues/new?title=Feedback
           on: PostHog vs Matomo&body=**Issue with:
           /blog/posthog-vs-matomo.md**
           '.
Result     Valid: filtered

URL        `https://github.com/PostHog/posthog.com/issues/new?title=Feedback on: JavaScript&body=**Issue with: /docs/integrate/client/js/index.mdx**'
Parent URL https://posthog.com/docs/integrate/client/js, line 76, col 54830
Real URL   https://github.com/PostHog/posthog.com/issues/new?title=Feedback%20on:%20JavaScript&body=%2A%2AIssue%20with:%20/docs/integrate/client/js/index.mdx%2A%2A
Info       The URL is outside of the domain filter, checked only
           syntax.
Warning    [url-whitespace] Leading or trailing whitespace in URL
           `https://github.com/PostHog/posthog.com/issues/new?title=Feedback
           on: JavaScript&body=**Issue with:
           /docs/integrate/client/js/index.mdx**
           '.
Result     Valid: filtered

URL        `https://github.com/PostHog/posthog.com/issues/new?title=Feedback on: React Native&body=**Issue with: /docs/integrate/client/react-native/index.mdx**'
Parent URL https://posthog.com/docs/integrate/client/react-native, line 99, col 28089
Real URL   https://github.com/PostHog/posthog.com/issues/new?title=Feedback%20on:%20React%20Native&body=%2A%2AIssue%20with:%20/docs/integrate/client/react-native/index.mdx%2A%2A
Info       The URL is outside of the domain filter, checked only
           syntax.
Warning    [url-whitespace] Leading or trailing whitespace in URL
           `https://github.com/PostHog/posthog.com/issues/new?title=Feedback
           on: React Native&body=**Issue with:
           /docs/integrate/client/react-native/index.mdx**
           '.
Result     Valid: filtered

URL        `https://github.com/PostHog/posthog.com/issues/new?title=Feedback on: Node.js&body=**Issue with: /docs/integrate/server/node.mdx**'
Parent URL https://posthog.com/docs/integrate/server/node, line 77, col 43166
Real URL   https://github.com/PostHog/posthog.com/issues/new?title=Feedback%20on:%20Node.js&body=%2A%2AIssue%20with:%20/docs/integrate/server/node.mdx%2A%2A
Info       The URL is outside of the domain filter, checked only
           syntax.
Warning    [url-whitespace] Leading or trailing whitespace in URL
           `https://github.com/PostHog/posthog.com/issues/new?title=Feedback
           on: Node.js&body=**Issue with:
           /docs/integrate/server/node.mdx**
           '.
Result     Valid: filtered

URL        `https://github.com/PostHog/posthog.com/issues/new?title=Feedback on: Ruby&body=**Issue with: /docs/integrate/server/ruby.mdx**'
Parent URL https://posthog.com/docs/integrate/server/ruby, line 74, col 40046
Real URL   https://github.com/PostHog/posthog.com/issues/new?title=Feedback%20on:%20Ruby&body=%2A%2AIssue%20with:%20/docs/integrate/server/ruby.mdx%2A%2A
Info       The URL is outside of the domain filter, checked only
           syntax.
Warning    [url-whitespace] Leading or trailing whitespace in URL
           `https://github.com/PostHog/posthog.com/issues/new?title=Feedback
           on: Ruby&body=**Issue with:
           /docs/integrate/server/ruby.mdx**
           '.
Result     Valid: filtered

URL        `https://github.com/PostHog/posthog.com/issues/new?title=Feedback on: iOS&body=**Issue with: /docs/integrate/client/ios/index.mdx**'
Parent URL https://posthog.com/docs/integrate/client/ios, line 93, col 29407
Real URL   https://github.com/PostHog/posthog.com/issues/new?title=Feedback%20on:%20iOS&body=%2A%2AIssue%20with:%20/docs/integrate/client/ios/index.mdx%2A%2A
Info       The URL is outside of the domain filter, checked only
           syntax.
Warning    [url-whitespace] Leading or trailing whitespace in URL
           `https://github.com/PostHog/posthog.com/issues/new?title=Feedback
           on: iOS&body=**Issue with:
           /docs/integrate/client/ios/index.mdx**
           '.
Result     Valid: filtered

URL        `https://github.com/PostHog/posthog.com/issues/new?title=Feedback on: Android&body=**Issue with: /docs/integrate/client/android/index.mdx**'
Parent URL https://posthog.com/docs/integrate/client/android, line 89, col 27202
Real URL   https://github.com/PostHog/posthog.com/issues/new?title=Feedback%20on:%20Android&body=%2A%2AIssue%20with:%20/docs/integrate/client/android/index.mdx%2A%2A
Info       The URL is outside of the domain filter, checked only
           syntax.
Warning    [url-whitespace] Leading or trailing whitespace in URL
           `https://github.com/PostHog/posthog.com/issues/new?title=Feedback
           on: Android&body=**Issue with:
           /docs/integrate/client/android/index.mdx**
           '.
Result     Valid: filtered

URL        `https://github.com/PostHog/posthog.com/issues/new?title=Feedback on: Integrate PostHog&body=**Issue with: /docs/integrate/index.mdx**'
Parent URL https://posthog.com/docs/integrate, line 79, col 43009
Real URL   https://github.com/PostHog/posthog.com/issues/new?title=Feedback%20on:%20Integrate%20PostHog&body=%2A%2AIssue%20with:%20/docs/integrate/index.mdx%2A%2A
Info       The URL is outside of the domain filter, checked only
           syntax.
Warning    [url-whitespace] Leading or trailing whitespace in URL
           `https://github.com/PostHog/posthog.com/issues/new?title=Feedback
           on: Integrate PostHog&body=**Issue with:
           /docs/integrate/index.mdx**
           '.
Result     Valid: filtered

URL        `https://github.com/PostHog/posthog.com/issues/new?title=Feedback on: Overview&body=**Issue with: /docs/apps/build/index.md**'
Parent URL https://posthog.com/docs/apps/build, line 74, col 26044
Real URL   https://github.com/PostHog/posthog.com/issues/new?title=Feedback%20on:%20Overview&body=%2A%2AIssue%20with:%20/docs/apps/build/index.md%2A%2A
Info       The URL is outside of the domain filter, checked only
           syntax.
Warning    [url-whitespace] Leading or trailing whitespace in URL
           `https://github.com/PostHog/posthog.com/issues/new?title=Feedback
           on: Overview&body=**Issue with:
           /docs/apps/build/index.md**
           '.
Result     Valid: filtered

URL        `https://github.com/PostHog/posthog.com/issues/new?title=Feedback on: API&body=**Issue with: /docs/api/index.mdx**'
Parent URL https://posthog.com/docs/api, line 75, col 53692
Real URL   https://github.com/PostHog/posthog.com/issues/new?title=Feedback%20on:%20API&body=%2A%2AIssue%20with:%20/docs/api/index.mdx%2A%2A
Info       The URL is outside of the domain filter, checked only
           syntax.
Warning    [url-whitespace] Leading or trailing whitespace in URL
           `https://github.com/PostHog/posthog.com/issues/new?title=Feedback
           on: API&body=**Issue with: /docs/api/index.mdx**
           '.
Result     Valid: filtered

URL        `https://github.com/PostHog/posthog.com/issues/new?title=Feedback on: Apps&body=**Issue with: /docs/apps/index.md**'
Parent URL https://posthog.com/docs/apps, line 73, col 24114
Real URL   https://github.com/PostHog/posthog.com/issues/new?title=Feedback%20on:%20Apps&body=%2A%2AIssue%20with:%20/docs/apps/index.md%2A%2A
Info       The URL is outside of the domain filter, checked only
           syntax.
Warning    [url-whitespace] Leading or trailing whitespace in URL
           `https://github.com/PostHog/posthog.com/issues/new?title=Feedback
           on: Apps&body=**Issue with: /docs/apps/index.md**
           '.
Result     Valid: filtered

URL        `https://github.com/PostHog/posthog.com/issues/new?title=Feedback on: Quickstart with PostHog Cloud&body=**Issue with: /docs/getting-started/cloud.md**'
Parent URL https://posthog.com/docs/getting-started/cloud, line 81, col 19416
Real URL   https://github.com/PostHog/posthog.com/issues/new?title=Feedback%20on:%20Quickstart%20with%20PostHog%20Cloud&body=%2A%2AIssue%20with:%20/docs/getting-started/cloud.md%2A%2A
Info       The URL is outside of the domain filter, checked only
           syntax.
Warning    [url-whitespace] Leading or trailing whitespace in URL
           `https://github.com/PostHog/posthog.com/issues/new?title=Feedback
           on: Quickstart with PostHog Cloud&body=**Issue with:
           /docs/getting-started/cloud.md**
           '.
Result     Valid: filtered

URL        `https://github.com/PostHog/posthog.com/issues/new?title=Feedback on: Message formatting&body=**Issue with: /docs/integrate/webhooks/message-formatting.md**'
Parent URL https://posthog.com/docs/integrate/webhooks/message-formatting, line 72, col 387559
Real URL   https://github.com/PostHog/posthog.com/issues/new?title=Feedback%20on:%20Message%20formatting&body=%2A%2AIssue%20with:%20/docs/integrate/webhooks/message-formatting.md%2A%2A
Info       The URL is outside of the domain filter, checked only
           syntax.
Warning    [url-whitespace] Leading or trailing whitespace in URL
           `https://github.com/PostHog/posthog.com/issues/new?title=Feedback
           on: Message formatting&body=**Issue with:
           /docs/integrate/webhooks/message-formatting.md**
           '.
Result     Valid: filtered

URL        `https://github.com/PostHog/posthog.com/issues/new?title=Feedback on: Architecture&body=**Issue with: /docs/how-posthog-works/index.mdx**'
Parent URL https://posthog.com/docs/how-posthog-works, line 77, col 22059
Real URL   https://github.com/PostHog/posthog.com/issues/new?title=Feedback%20on:%20Architecture&body=%2A%2AIssue%20with:%20/docs/how-posthog-works/index.mdx%2A%2A
Info       The URL is outside of the domain filter, checked only
           syntax.
Warning    [url-whitespace] Leading or trailing whitespace in URL
           `https://github.com/PostHog/posthog.com/issues/new?title=Feedback
           on: Architecture&body=**Issue with:
           /docs/how-posthog-works/index.mdx**
           '.
Result     Valid: filtered

URL        `https://github.com/PostHog/posthog.com/issues/new?title=Feedback on: Privacy compliance&body=**Issue with: /docs/privacy/index.md**'
Parent URL https://posthog.com/docs/privacy, line 72, col 378960
Real URL   https://github.com/PostHog/posthog.com/issues/new?title=Feedback%20on:%20Privacy%20compliance&body=%2A%2AIssue%20with:%20/docs/privacy/index.md%2A%2A
Info       The URL is outside of the domain filter, checked only
           syntax.
Warning    [url-whitespace] Leading or trailing whitespace in URL
           `https://github.com/PostHog/posthog.com/issues/new?title=Feedback
           on: Privacy compliance&body=**Issue with:
           /docs/privacy/index.md**
           '.
Result     Valid: filtered

URL        `https://github.com/PostHog/posthog.com/issues/new?title=Feedback on: Start here&body=**Issue with: /handbook/getting-started/start-here.md**'
Parent URL https://posthog.com/handbook/getting-started/start-here, line 72, col 229390
Real URL   https://github.com/PostHog/posthog.com/issues/new?title=Feedback%20on:%20Start%20here&body=%2A%2AIssue%20with:%20/handbook/getting-started/start-here.md%2A%2A
Info       The URL is outside of the domain filter, checked only
           syntax.
Warning    [url-whitespace] Leading or trailing whitespace in URL
           `https://github.com/PostHog/posthog.com/issues/new?title=Feedback
           on: Start here&body=**Issue with:
           /handbook/getting-started/start-here.md**
           '.
Result     Valid: filtered

URL        `https://github.com/PostHog/posthog.com/issues/new?title=Feedback on: Story&body=**Issue with: /handbook/company/story.md**'
Parent URL https://posthog.com/handbook/company/story, line 72, col 233035
Real URL   https://github.com/PostHog/posthog.com/issues/new?title=Feedback%20on:%20Story&body=%2A%2AIssue%20with:%20/handbook/company/story.md%2A%2A
Info       The URL is outside of the domain filter, checked only
           syntax.
Warning    [url-whitespace] Leading or trailing whitespace in URL
           `https://github.com/PostHog/posthog.com/issues/new?title=Feedback
           on: Story&body=**Issue with:
           /handbook/company/story.md**
           '.
Result     Valid: filtered

URL        `https://github.com/PostHog/posthog.com/issues/new?title=Feedback on: Strategy overview&body=**Issue with: /handbook/strategy/overview.md**'
Parent URL https://posthog.com/handbook/strategy/overview, line 72, col 234210
Real URL   https://github.com/PostHog/posthog.com/issues/new?title=Feedback%20on:%20Strategy%20overview&body=%2A%2AIssue%20with:%20/handbook/strategy/overview.md%2A%2A
Info       The URL is outside of the domain filter, checked only
           syntax.
Warning    [url-whitespace] Leading or trailing whitespace in URL
           `https://github.com/PostHog/posthog.com/issues/new?title=Feedback
           on: Strategy overview&body=**Issue with:
           /handbook/strategy/overview.md**
           '.
Result     Valid: filtered

URL        `https://github.com/PostHog/posthog.com/issues/new?title=Feedback on: Culture&body=**Issue with: /handbook/company/culture.md**'
Parent URL https://posthog.com/handbook/company/culture, line 72, col 233773
Real URL   https://github.com/PostHog/posthog.com/issues/new?title=Feedback%20on:%20Culture&body=%2A%2AIssue%20with:%20/handbook/company/culture.md%2A%2A
Info       The URL is outside of the domain filter, checked only
           syntax.
Warning    [url-whitespace] Leading or trailing whitespace in URL
           `https://github.com/PostHog/posthog.com/issues/new?title=Feedback
           on: Culture&body=**Issue with:
           /handbook/company/culture.md**
           '.
Result     Valid: filtered

URL        `https://github.com/PostHog/posthog.com/issues/new?title=Feedback on: Team structure&body=**Issue with: /handbook/small-teams/team-structure.md**'
Parent URL https://posthog.com/handbook/small-teams/team-structure, line 72, col 245986
Real URL   https://github.com/PostHog/posthog.com/issues/new?title=Feedback%20on:%20Team%20structure&body=%2A%2AIssue%20with:%20/handbook/small-teams/team-structure.md%2A%2A
Info       The URL is outside of the domain filter, checked only
           syntax.
Warning    [url-whitespace] Leading or trailing whitespace in URL
           `https://github.com/PostHog/posthog.com/issues/new?title=Feedback
           on: Team structure&body=**Issue with:
           /handbook/small-teams/team-structure.md**
           '.
Result     Valid: filtered

URL        `https://github.com/PostHog/posthog.com/issues/new?title=Feedback on: Compensation&body=**Issue with: /handbook/people/compensation.mdx**'
Parent URL https://posthog.com/handbook/people/compensation, line 74, col 47973
Real URL   https://github.com/PostHog/posthog.com/issues/new?title=Feedback%20on:%20Compensation&body=%2A%2AIssue%20with:%20/handbook/people/compensation.mdx%2A%2A
Info       The URL is outside of the domain filter, checked only
           syntax.
Warning    [url-whitespace] Leading or trailing whitespace in URL
           `https://github.com/PostHog/posthog.com/issues/new?title=Feedback
           on: Compensation&body=**Issue with:
           /handbook/people/compensation.mdx**
           '.
Result     Valid: filtered

URL        `https://github.com/PostHog/posthog.com/issues/new?title=Feedback on: Product team overview&body=**Issue with: /handbook/product/product-team.md**'
Parent URL https://posthog.com/handbook/product/product-team, line 72, col 217316
Real URL   https://github.com/PostHog/posthog.com/issues/new?title=Feedback%20on:%20Product%20team%20overview&body=%2A%2AIssue%20with:%20/handbook/product/product-team.md%2A%2A
Info       The URL is outside of the domain filter, checked only
           syntax.
Warning    [url-whitespace] Leading or trailing whitespace in URL
           `https://github.com/PostHog/posthog.com/issues/new?title=Feedback
           on: Product team overview&body=**Issue with:
           /handbook/product/product-team.md**
           '.
Result     Valid: filtered

URL        `https://github.com/PostHog/posthog.com/issues/new?title=Feedback on: Design philosophy&body=**Issue with: /handbook/design/philosophy.md**'
Parent URL https://posthog.com/handbook/design/philosophy, line 72, col 214611
Real URL   https://github.com/PostHog/posthog.com/issues/new?title=Feedback%20on:%20Design%20philosophy&body=%2A%2AIssue%20with:%20/handbook/design/philosophy.md%2A%2A
Info       The URL is outside of the domain filter, checked only
           syntax.
Warning    [url-whitespace] Leading or trailing whitespace in URL
           `https://github.com/PostHog/posthog.com/issues/new?title=Feedback
           on: Design philosophy&body=**Issue with:
           /handbook/design/philosophy.md**
           '.
Result     Valid: filtered

URL        `/handbook/engineering/developing-locally'
Name       `Engineering'
Parent URL https://posthog.com, line 73, col 72614
Real URL   https://posthog.com/handbook/engineering/developing-locally
Check time 5.174 seconds
Info       Redirected to
           `https://posthog.com/docs/contribute/developing-locally'.
           Redirected to
           `https://posthog.com/handbook/engineering/developing-locally'.
Result     Error: TooManyRedirects: Exceeded 10 redirects.

URL        `https://github.com/PostHog/posthog.com/issues/new?title=Feedback on: Overview&body=**Issue with: /handbook/growth/marketing/index.md**'
Parent URL https://posthog.com/handbook/growth/marketing, line 74, col 43192
Real URL   https://github.com/PostHog/posthog.com/issues/new?title=Feedback%20on:%20Overview&body=%2A%2AIssue%20with:%20/handbook/growth/marketing/index.md%2A%2A
Info       The URL is outside of the domain filter, checked only
           syntax.
Warning    [url-whitespace] Leading or trailing whitespace in URL
           `https://github.com/PostHog/posthog.com/issues/new?title=Feedback
           on: Overview&body=**Issue with:
           /handbook/growth/marketing/index.md**
           '.
Result     Valid: filtered

URL        `https://github.com/PostHog/posthog.com/issues/new?title=Feedback on: Growth strategy&body=**Issue with: /handbook/growth/strategy.md**'
Parent URL https://posthog.com/handbook/growth/strategy, line 72, col 233418
Real URL   https://github.com/PostHog/posthog.com/issues/new?title=Feedback%20on:%20Growth%20strategy&body=%2A%2AIssue%20with:%20/handbook/growth/strategy.md%2A%2A
Info       The URL is outside of the domain filter, checked only
           syntax.
Warning    [url-whitespace] Leading or trailing whitespace in URL
           `https://github.com/PostHog/posthog.com/issues/new?title=Feedback
           on: Growth strategy&body=**Issue with:
           /handbook/growth/strategy.md**
           '.
Result     Valid: filtered

URL        `https://github.com/PostHog/posthog.com/issues/new?title=Feedback on: Investors&body=**Issue with: /handbook/strategy/investors.md**'
Parent URL https://posthog.com/handbook/strategy/investors, line 72, col 224718
Real URL   https://github.com/PostHog/posthog.com/issues/new?title=Feedback%20on:%20Investors&body=%2A%2AIssue%20with:%20/handbook/strategy/investors.md%2A%2A
Info       The URL is outside of the domain filter, checked only
           syntax.
Warning    [url-whitespace] Leading or trailing whitespace in URL
           `https://github.com/PostHog/posthog.com/issues/new?title=Feedback
           on: Investors&body=**Issue with:
           /handbook/strategy/investors.md**
           '.
Result     Valid: filtered

URL        `https://github.com/PostHog/posthog.com/issues/new?title=Feedback on: Code of conduct&body=**Issue with: /docs/contribute/code-of-conduct.md**'
Parent URL https://posthog.com/docs/contribute/code-of-conduct, line 122, col 20317
Real URL   https://github.com/PostHog/posthog.com/issues/new?title=Feedback%20on:%20Code%20of%20conduct&body=%2A%2AIssue%20with:%20/docs/contribute/code-of-conduct.md%2A%2A
Info       The URL is outside of the domain filter, checked only
           syntax.
Warning    [url-whitespace] Leading or trailing whitespace in URL
           `https://github.com/PostHog/posthog.com/issues/new?title=Feedback
           on: Code of conduct&body=**Issue with:
           /docs/contribute/code-of-conduct.md**
           '.
Result     Valid: filtered

URL        `mailto:hey@posthog.com.'
Name       `hey@posthog.com.'
Parent URL https://posthog.com/docs/contribute/code-of-conduct, line 99, col 1
Real URL   mailto:hey@posthog.com.
Info       The URL is outside of the domain filter, checked only
           syntax.
Result     Error: Invalid top level domain part of mail address `hey@posthog.com.'.

URL        `mailto:careers@posthog.com.'
Name       `careers@posthog.com.'
Parent URL https://posthog.com/privacy, line 72, col 48952
Real URL   mailto:careers@posthog.com.
Info       The URL is outside of the domain filter, checked only
           syntax.
Result     Error: Invalid top level domain part of mail address `careers@posthog.com.'.

URL        `mailto:privacy@posthog.com.'
Name       `privacy@posthog.com.'
Parent URL https://posthog.com/privacy, line 72, col 48719
Real URL   mailto:privacy@posthog.com.
Info       The URL is outside of the domain filter, checked only
           syntax.
Result     Error: Invalid top level domain part of mail address `privacy@posthog.com.'.

URL        `https://github.com/PostHog/posthog.com/issues/new?title=Feedback on: Deploying with helm directly&body=**Issue with: /docs/self-host/deploy/other.mdx**'
Parent URL https://posthog.com/docs/self-host/deploy/other, line 91, col 25875
Real URL   https://github.com/PostHog/posthog.com/issues/new?title=Feedback%20on:%20Deploying%20with%20helm%20directly&body=%2A%2AIssue%20with:%20/docs/self-host/deploy/other.mdx%2A%2A
Info       The URL is outside of the domain filter, checked only
           syntax.
Warning    [url-whitespace] Leading or trailing whitespace in URL
           `https://github.com/PostHog/posthog.com/issues/new?title=Feedback
           on: Deploying with helm directly&body=**Issue with:
           /docs/self-host/deploy/other.mdx**
           '.
Result     Valid: filtered

URL        `https://github.com/PostHog/posthog.com/issues/new?title=Feedback on: Hobby Deployment&body=**Issue with: /docs/self-host/deploy/hobby.mdx**'
Parent URL https://posthog.com/docs/self-host/deploy/hobby, line 85, col 40646
Real URL   https://github.com/PostHog/posthog.com/issues/new?title=Feedback%20on:%20Hobby%20Deployment&body=%2A%2AIssue%20with:%20/docs/self-host/deploy/hobby.mdx%2A%2A
Info       The URL is outside of the domain filter, checked only
           syntax.
Warning    [url-whitespace] Leading or trailing whitespace in URL
           `https://github.com/PostHog/posthog.com/issues/new?title=Feedback
           on: Hobby Deployment&body=**Issue with:
           /docs/self-host/deploy/hobby.mdx**
           '.
Result     Valid: filtered

URL        `https://github.com/PostHog/posthog.com/issues/new?title=Feedback on: Instance settings&body=**Issue with: /docs/self-host/configure/instance-settings.md**'
Parent URL https://posthog.com/docs/self-host/configure/instance-settings, line 72, col 374037
Real URL   https://github.com/PostHog/posthog.com/issues/new?title=Feedback%20on:%20Instance%20settings&body=%2A%2AIssue%20with:%20/docs/self-host/configure/instance-settings.md%2A%2A
Info       The URL is outside of the domain filter, checked only
           syntax.
Warning    [url-whitespace] Leading or trailing whitespace in URL
           `https://github.com/PostHog/posthog.com/issues/new?title=Feedback
           on: Instance settings&body=**Issue with:
           /docs/self-host/configure/instance-settings.md**
           '.
Result     Valid: filtered

URL        `https://github.com/PostHog/posthog.com/issues/new?title=Feedback on: Securing PostHog&body=**Issue with: /docs/self-host/configure/securing-posthog.mdx**'
Parent URL https://posthog.com/docs/self-host/configure/securing-posthog, line 86, col 16696
Real URL   https://github.com/PostHog/posthog.com/issues/new?title=Feedback%20on:%20Securing%20PostHog&body=%2A%2AIssue%20with:%20/docs/self-host/configure/securing-posthog.mdx%2A%2A
Info       The URL is outside of the domain filter, checked only
           syntax.
Warning    [url-whitespace] Leading or trailing whitespace in URL
           `https://github.com/PostHog/posthog.com/issues/new?title=Feedback
           on: Securing PostHog&body=**Issue with:
           /docs/self-host/configure/securing-posthog.mdx**
           '.
Result     Valid: filtered

URL        `https://github.com/PostHog/posthog.com/issues/new?title=Feedback on: Monitoring with Prometheus and Grafana&body=**Issue with: /docs/self-host/configure/monitoring-with-grafana.md**'
Parent URL https://posthog.com/docs/self-host/configure/monitoring-with-grafana, line 85, col 20069
Real URL   https://github.com/PostHog/posthog.com/issues/new?title=Feedback%20on:%20Monitoring%20with%20Prometheus%20and%20Grafana&body=%2A%2AIssue%20with:%20/docs/self-host/configure/monitoring-with-grafana.md%2A%2A
Info       The URL is outside of the domain filter, checked only
           syntax.
Warning    [url-whitespace] Leading or trailing whitespace in URL
           `https://github.com/PostHog/posthog.com/issues/new?title=Feedback
           on: Monitoring with Prometheus and
           Grafana&body=**Issue with:
           /docs/self-host/configure/monitoring-with-grafana.md**
           '.
Result     Valid: filtered

URL        `https://github.com/PostHog/posthog.com/issues/new?title=Feedback on: Running behind a proxy&body=**Issue with: /docs/self-host/configure/running-behind-proxy.md**'
Parent URL https://posthog.com/docs/self-host/configure/running-behind-proxy, line 73, col 27332
Real URL   https://github.com/PostHog/posthog.com/issues/new?title=Feedback%20on:%20Running%20behind%20a%20proxy&body=%2A%2AIssue%20with:%20/docs/self-host/configure/running-behind-proxy.md%2A%2A
Info       The URL is outside of the domain filter, checked only
           syntax.
Warning    [url-whitespace] Leading or trailing whitespace in URL
           `https://github.com/PostHog/posthog.com/issues/new?title=Feedback
           on: Running behind a proxy&body=**Issue with:
           /docs/self-host/configure/running-behind-proxy.md**
           '.
Result     Valid: filtered

URL        `https://github.com/PostHog/posthog.com/issues/new?title=Feedback on: Configuring email&body=**Issue with: /docs/self-host/configure/email.md**'
Parent URL https://posthog.com/docs/self-host/configure/email, line 72, col 410420
Real URL   https://github.com/PostHog/posthog.com/issues/new?title=Feedback%20on:%20Configuring%20email&body=%2A%2AIssue%20with:%20/docs/self-host/configure/email.md%2A%2A
Info       The URL is outside of the domain filter, checked only
           syntax.
Warning    [url-whitespace] Leading or trailing whitespace in URL
           `https://github.com/PostHog/posthog.com/issues/new?title=Feedback
           on: Configuring email&body=**Issue with:
           /docs/self-host/configure/email.md**
           '.
Result     Valid: filtered

URL        `https://github.com/PostHog/posthog.com/issues/new?title=Feedback on: PostHog chart configuration&body=**Issue with: /docs/self-host/deploy/configuration.md**'
Parent URL https://posthog.com/docs/self-host/deploy/configuration, line 108, col 38566
Real URL   https://github.com/PostHog/posthog.com/issues/new?title=Feedback%20on:%20PostHog%20chart%20configuration&body=%2A%2AIssue%20with:%20/docs/self-host/deploy/configuration.md%2A%2A
Info       The URL is outside of the domain filter, checked only
           syntax.
Warning    [url-whitespace] Leading or trailing whitespace in URL
           `https://github.com/PostHog/posthog.com/issues/new?title=Feedback
           on: PostHog chart configuration&body=**Issue with:
           /docs/self-host/deploy/configuration.md**
           '.
Result     Valid: filtered

URL        `https://github.com/PostHog/posthog.com/issues/new?title=Feedback on: Deploying ClickHouse using Altinity.Cloud&body=**Issue with: /docs/self-host/configure/using-altinity-cloud.md**'
Parent URL https://posthog.com/docs/self-host/configure/using-altinity-cloud, line 89, col 22495
Real URL   https://github.com/PostHog/posthog.com/issues/new?title=Feedback%20on:%20Deploying%20ClickHouse%20using%20Altinity.Cloud&body=%2A%2AIssue%20with:%20/docs/self-host/configure/using-altinity-cloud.md%2A%2A
Info       The URL is outside of the domain filter, checked only
           syntax.
Warning    [url-whitespace] Leading or trailing whitespace in URL
           `https://github.com/PostHog/posthog.com/issues/new?title=Feedback
           on: Deploying ClickHouse using
           Altinity.Cloud&body=**Issue with:
           /docs/self-host/configure/using-altinity-cloud.md**
           '.
Result     Valid: filtered

URL        `https://github.com/PostHog/posthog.com/issues/new?title=Feedback on: Configuring Slack&body=**Issue with: /docs/self-host/configure/slack.md**'
Parent URL https://posthog.com/docs/self-host/configure/slack, line 72, col 365164
Real URL   https://github.com/PostHog/posthog.com/issues/new?title=Feedback%20on:%20Configuring%20Slack&body=%2A%2AIssue%20with:%20/docs/self-host/configure/slack.md%2A%2A
Info       The URL is outside of the domain filter, checked only
           syntax.
Warning    [url-whitespace] Leading or trailing whitespace in URL
           `https://github.com/PostHog/posthog.com/issues/new?title=Feedback
           on: Configuring Slack&body=**Issue with:
           /docs/self-host/configure/slack.md**
           '.
Result     Valid: filtered

URL        `https://github.com/PostHog/posthog.com/issues/new?title=Feedback on: Runbook&body=**Issue with: /docs/runbook/index.md**'
Parent URL https://posthog.com/docs/runbook, line 72, col 370756
Real URL   https://github.com/PostHog/posthog.com/issues/new?title=Feedback%20on:%20Runbook&body=%2A%2AIssue%20with:%20/docs/runbook/index.md%2A%2A
Info       The URL is outside of the domain filter, checked only
           syntax.
Warning    [url-whitespace] Leading or trailing whitespace in URL
           `https://github.com/PostHog/posthog.com/issues/new?title=Feedback
           on: Runbook&body=**Issue with:
           /docs/runbook/index.md**
           '.
Result     Valid: filtered

URL        `https://github.com/PostHog/posthog.com/issues/new?title=Feedback on: Upgrading PostHog&body=**Issue with: /docs/runbook/upgrading-posthog.md**'
Parent URL https://posthog.com/docs/runbook/upgrading-posthog, line 74, col 15404
Real URL   https://github.com/PostHog/posthog.com/issues/new?title=Feedback%20on:%20Upgrading%20PostHog&body=%2A%2AIssue%20with:%20/docs/runbook/upgrading-posthog.md%2A%2A
Info       The URL is outside of the domain filter, checked only
           syntax.
Warning    [url-whitespace] Leading or trailing whitespace in URL
           `https://github.com/PostHog/posthog.com/issues/new?title=Feedback
           on: Upgrading PostHog&body=**Issue with:
           /docs/runbook/upgrading-posthog.md**
           '.
Result     Valid: filtered

URL        `https://github.com/PostHog/posthog.com/issues/new?title=Feedback on: Upgrade notes&body=**Issue with: /docs/runbook/upgrade-notes.md**'
Parent URL https://posthog.com/docs/runbook/upgrade-notes, line 85, col 48488
Real URL   https://github.com/PostHog/posthog.com/issues/new?title=Feedback%20on:%20Upgrade%20notes&body=%2A%2AIssue%20with:%20/docs/runbook/upgrade-notes.md%2A%2A
Info       The URL is outside of the domain filter, checked only
           syntax.
Warning    [url-whitespace] Leading or trailing whitespace in URL
           `https://github.com/PostHog/posthog.com/issues/new?title=Feedback
           on: Upgrade notes&body=**Issue with:
           /docs/runbook/upgrade-notes.md**
           '.
Result     Valid: filtered

URL        `https://github.com/PostHog/posthog.com/issues/new?title=Feedback on: Async Migrations&body=**Issue with: /docs/runbook/async-migrations/index.md**'
Parent URL https://posthog.com/docs/runbook/async-migrations, line 73, col 30233
Real URL   https://github.com/PostHog/posthog.com/issues/new?title=Feedback%20on:%20Async%20Migrations&body=%2A%2AIssue%20with:%20/docs/runbook/async-migrations/index.md%2A%2A
Info       The URL is outside of the domain filter, checked only
           syntax.
Warning    [url-whitespace] Leading or trailing whitespace in URL
           `https://github.com/PostHog/posthog.com/issues/new?title=Feedback
           on: Async Migrations&body=**Issue with:
           /docs/runbook/async-migrations/index.md**
           '.
Result     Valid: filtered

URL        `https://github.com/PostHog/posthog.com/issues/new?title=Feedback on: Migration guide - 0001_events_sample_by&body=**Issue with: /docs/runbook/async-migrations/0001-events-sample-by.mdx**'
Parent URL https://posthog.com/docs/runbook/async-migrations/0001-events-sample-by, line 72, col 361915
Real URL   https://github.com/PostHog/posthog.com/issues/new?title=Feedback%20on:%20Migration%20guide%20-%200001_events_sample_by&body=%2A%2AIssue%20with:%20/docs/runbook/async-migrations/0001-events-sample-by.mdx%2A%2A
Info       The URL is outside of the domain filter, checked only
           syntax.
Warning    [url-whitespace] Leading or trailing whitespace in URL
           `https://github.com/PostHog/posthog.com/issues/new?title=Feedback
           on: Migration guide -
           0001_events_sample_by&body=**Issue with:
           /docs/runbook/async-migrations/0001-events-sample-by.mdx**
           '.
Result     Valid: filtered

URL        `https://github.com/PostHog/posthog.com/issues/new?title=Feedback on: Migration guide - 0002_events_sample_by&body=**Issue with: /docs/runbook/async-migrations/0002-events-sample-by.md**'
Parent URL https://posthog.com/docs/runbook/async-migrations/0002-events-sample-by, line 72, col 387468
Real URL   https://github.com/PostHog/posthog.com/issues/new?title=Feedback%20on:%20Migration%20guide%20-%200002_events_sample_by&body=%2A%2AIssue%20with:%20/docs/runbook/async-migrations/0002-events-sample-by.md%2A%2A
Info       The URL is outside of the domain filter, checked only
           syntax.
Warning    [url-whitespace] Leading or trailing whitespace in URL
           `https://github.com/PostHog/posthog.com/issues/new?title=Feedback
           on: Migration guide -
           0002_events_sample_by&body=**Issue with:
           /docs/runbook/async-migrations/0002-events-sample-by.md**
           '.
Result     Valid: filtered

URL        `https://github.com/PostHog/posthog.com/issues/new?title=Feedback on: Migration guide - 0002_fill_person_distinct_id2&body=**Issue with: /docs/runbook/async-migrations/0003-fill-person-distinct-id2.mdx**'
Parent URL https://posthog.com/docs/runbook/async-migrations/0003-fill-person-distinct-id2, line 72, col 372382
Real URL   https://github.com/PostHog/posthog.com/issues/new?title=Feedback%20on:%20Migration%20guide%20-%200002_fill_person_distinct_id2&body=%2A%2AIssue%20with:%20/docs/runbook/async-migrations/0003-fill-person-distinct-id2.mdx%2A%2A
Info       The URL is outside of the domain filter, checked only
           syntax.
Warning    [url-whitespace] Leading or trailing whitespace in URL
           `https://github.com/PostHog/posthog.com/issues/new?title=Feedback
           on: Migration guide -
           0002_fill_person_distinct_id2&body=**Issue with:
           /docs/runbook/async-migrations/0003-fill-person-distinct-id2.mdx**
           '.
Result     Valid: filtered

URL        `https://github.com/PostHog/posthog.com/issues/new?title=Feedback on: ClickHouse&body=**Issue with: /docs/runbook/services/clickhouse/index.md**'
Parent URL https://posthog.com/docs/runbook/services/clickhouse, line 72, col 389448
Real URL   https://github.com/PostHog/posthog.com/issues/new?title=Feedback%20on:%20ClickHouse&body=%2A%2AIssue%20with:%20/docs/runbook/services/clickhouse/index.md%2A%2A
Info       The URL is outside of the domain filter, checked only
           syntax.
Warning    [url-whitespace] Leading or trailing whitespace in URL
           `https://github.com/PostHog/posthog.com/issues/new?title=Feedback
           on: ClickHouse&body=**Issue with:
           /docs/runbook/services/clickhouse/index.md**
           '.
Result     Valid: filtered

URL        `https://github.com/PostHog/posthog.com/issues/new?title=Feedback on: Backup&body=**Issue with: /docs/runbook/services/clickhouse/backup.md**'
Parent URL https://posthog.com/docs/runbook/services/clickhouse/backup, line 72, col 389288
Real URL   https://github.com/PostHog/posthog.com/issues/new?title=Feedback%20on:%20Backup&body=%2A%2AIssue%20with:%20/docs/runbook/services/clickhouse/backup.md%2A%2A
Info       The URL is outside of the domain filter, checked only
           syntax.
Warning    [url-whitespace] Leading or trailing whitespace in URL
           `https://github.com/PostHog/posthog.com/issues/new?title=Feedback
           on: Backup&body=**Issue with:
           /docs/runbook/services/clickhouse/backup.md**
           '.
Result     Valid: filtered

URL        `https://github.com/PostHog/posthog.com/issues/new?title=Feedback on: Debug hanging / freezing process&body=**Issue with: /docs/runbook/services/clickhouse/debug-hanging-freezing-process.md**'
Parent URL https://posthog.com/docs/runbook/services/clickhouse/debug-hanging-freezing-process, line 72, col 373060
Real URL   https://github.com/PostHog/posthog.com/issues/new?title=Feedback%20on:%20Debug%20hanging%20/%20freezing%20process&body=%2A%2AIssue%20with:%20/docs/runbook/services/clickhouse/debug-hanging-freezing-process.md%2A%2A
Info       The URL is outside of the domain filter, checked only
           syntax.
Warning    [url-whitespace] Leading or trailing whitespace in URL
           `https://github.com/PostHog/posthog.com/issues/new?title=Feedback
           on: Debug hanging / freezing process&body=**Issue
           with:
           /docs/runbook/services/clickhouse/debug-hanging-freezing-process.md**
           '.
Result     Valid: filtered

URL        `https://github.com/PostHog/posthog.com/issues/new?title=Feedback on: Horizontal scaling (sharding & replication)&body=**Issue with: /docs/runbook/services/clickhouse/sharding-and-replication.md**'
Parent URL https://posthog.com/docs/runbook/services/clickhouse/sharding-and-replication, line 74, col 18252
Real URL   https://github.com/PostHog/posthog.com/issues/new?title=Feedback%20on:%20Horizontal%20scaling%20%28sharding%20&%20replication%29&body=%2A%2AIssue%20with:%20/docs/runbook/services/clickhouse/sharding-and-replication.md%2A%2A
Info       The URL is outside of the domain filter, checked only
           syntax.
Warning    [url-whitespace] Leading or trailing whitespace in URL
           `https://github.com/PostHog/posthog.com/issues/new?title=Feedback
           on: Horizontal scaling (sharding &
           replication)&body=**Issue with:
           /docs/runbook/services/clickhouse/sharding-and-replication.md**
           '.
Result     Valid: filtered

URL        `https://github.com/PostHog/posthog.com/issues/new?title=Feedback on: Kafka Engine&body=**Issue with: /docs/runbook/services/clickhouse/kafka-engine.md**'
Parent URL https://posthog.com/docs/runbook/services/clickhouse/kafka-engine, line 72, col 365836
Real URL   https://github.com/PostHog/posthog.com/issues/new?title=Feedback%20on:%20Kafka%20Engine&body=%2A%2AIssue%20with:%20/docs/runbook/services/clickhouse/kafka-engine.md%2A%2A
Info       The URL is outside of the domain filter, checked only
           syntax.
Warning    [url-whitespace] Leading or trailing whitespace in URL
           `https://github.com/PostHog/posthog.com/issues/new?title=Feedback
           on: Kafka Engine&body=**Issue with:
           /docs/runbook/services/clickhouse/kafka-engine.md**
           '.
Result     Valid: filtered

URL        `https://github.com/PostHog/posthog.com/issues/new?title=Feedback on: Resize disk&body=**Issue with: /docs/runbook/services/clickhouse/resize-disk.md**'
Parent URL https://posthog.com/docs/runbook/services/clickhouse/resize-disk, line 72, col 386157
Real URL   https://github.com/PostHog/posthog.com/issues/new?title=Feedback%20on:%20Resize%20disk&body=%2A%2AIssue%20with:%20/docs/runbook/services/clickhouse/resize-disk.md%2A%2A
Info       The URL is outside of the domain filter, checked only
           syntax.
Warning    [url-whitespace] Leading or trailing whitespace in URL
           `https://github.com/PostHog/posthog.com/issues/new?title=Feedback
           on: Resize disk&body=**Issue with:
           /docs/runbook/services/clickhouse/resize-disk.md**
           '.
Result     Valid: filtered

URL        `https://github.com/PostHog/posthog.com/issues/new?title=Feedback on: Restore&body=**Issue with: /docs/runbook/services/clickhouse/restore.md**'
Parent URL https://posthog.com/docs/runbook/services/clickhouse/restore, line 72, col 376843
Real URL   https://github.com/PostHog/posthog.com/issues/new?title=Feedback%20on:%20Restore&body=%2A%2AIssue%20with:%20/docs/runbook/services/clickhouse/restore.md%2A%2A
Info       The URL is outside of the domain filter, checked only
           syntax.
Warning    [url-whitespace] Leading or trailing whitespace in URL
           `https://github.com/PostHog/posthog.com/issues/new?title=Feedback
           on: Restore&body=**Issue with:
           /docs/runbook/services/clickhouse/restore.md**
           '.
Result     Valid: filtered

URL        `https://github.com/PostHog/posthog.com/issues/new?title=Feedback on: Kafka&body=**Issue with: /docs/runbook/services/kafka/index.md**'
Parent URL https://posthog.com/docs/runbook/services/kafka, line 72, col 366733
Real URL   https://github.com/PostHog/posthog.com/issues/new?title=Feedback%20on:%20Kafka&body=%2A%2AIssue%20with:%20/docs/runbook/services/kafka/index.md%2A%2A
Info       The URL is outside of the domain filter, checked only
           syntax.
Warning    [url-whitespace] Leading or trailing whitespace in URL
           `https://github.com/PostHog/posthog.com/issues/new?title=Feedback
           on: Kafka&body=**Issue with:
           /docs/runbook/services/kafka/index.md**
           '.
Result     Valid: filtered

URL        `https://github.com/PostHog/posthog.com/issues/new?title=Feedback on: Resize disk&body=**Issue with: /docs/runbook/services/kafka/resize-disk.md**'
Parent URL https://posthog.com/docs/runbook/services/kafka/resize-disk, line 72, col 390534
Real URL   https://github.com/PostHog/posthog.com/issues/new?title=Feedback%20on:%20Resize%20disk&body=%2A%2AIssue%20with:%20/docs/runbook/services/kafka/resize-disk.md%2A%2A
Info       The URL is outside of the domain filter, checked only
           syntax.
Warning    [url-whitespace] Leading or trailing whitespace in URL
           `https://github.com/PostHog/posthog.com/issues/new?title=Feedback
           on: Resize disk&body=**Issue with:
           /docs/runbook/services/kafka/resize-disk.md**
           '.
Result     Valid: filtered

URL        `https://github.com/PostHog/posthog.com/issues/new?title=Feedback on: Scaling ClickHouse Vertically&body=**Issue with: /docs/runbook/services/clickhouse/vertical-scaling.md**'
Parent URL https://posthog.com/docs/runbook/services/clickhouse/vertical-scaling, line 72, col 372293
Real URL   https://github.com/PostHog/posthog.com/issues/new?title=Feedback%20on:%20Scaling%20ClickHouse%20Vertically&body=%2A%2AIssue%20with:%20/docs/runbook/services/clickhouse/vertical-scaling.md%2A%2A
Info       The URL is outside of the domain filter, checked only
           syntax.
Warning    [url-whitespace] Leading or trailing whitespace in URL
           `https://github.com/PostHog/posthog.com/issues/new?title=Feedback
           on: Scaling ClickHouse Vertically&body=**Issue with:
           /docs/runbook/services/clickhouse/vertical-scaling.md**
           '.
Result     Valid: filtered

URL        `https://github.com/PostHog/posthog.com/issues/new?title=Feedback on: Log retention&body=**Issue with: /docs/runbook/services/kafka/log-retention.mdx**'
Parent URL https://posthog.com/docs/runbook/services/kafka/log-retention, line 72, col 362605
Real URL   https://github.com/PostHog/posthog.com/issues/new?title=Feedback%20on:%20Log%20retention&body=%2A%2AIssue%20with:%20/docs/runbook/services/kafka/log-retention.mdx%2A%2A
Info       The URL is outside of the domain filter, checked only
           syntax.
Warning    [url-whitespace] Leading or trailing whitespace in URL
           `https://github.com/PostHog/posthog.com/issues/new?title=Feedback
           on: Log retention&body=**Issue with:
           /docs/runbook/services/kafka/log-retention.mdx**
           '.
Result     Valid: filtered

URL        `https://github.com/PostHog/posthog.com/issues/new?title=Feedback on: PostgreSQL&body=**Issue with: /docs/runbook/services/postgresql/index.md**'
Parent URL https://posthog.com/docs/runbook/services/postgresql, line 72, col 363720
Real URL   https://github.com/PostHog/posthog.com/issues/new?title=Feedback%20on:%20PostgreSQL&body=%2A%2AIssue%20with:%20/docs/runbook/services/postgresql/index.md%2A%2A
Info       The URL is outside of the domain filter, checked only
           syntax.
Warning    [url-whitespace] Leading or trailing whitespace in URL
           `https://github.com/PostHog/posthog.com/issues/new?title=Feedback
           on: PostgreSQL&body=**Issue with:
           /docs/runbook/services/postgresql/index.md**
           '.
Result     Valid: filtered

URL        `https://github.com/PostHog/posthog.com/issues/new?title=Feedback on: Resize disk&body=**Issue with: /docs/runbook/services/postgresql/resize-disk.md**'
Parent URL https://posthog.com/docs/runbook/services/postgresql/resize-disk, line 72, col 387990
Real URL   https://github.com/PostHog/posthog.com/issues/new?title=Feedback%20on:%20Resize%20disk&body=%2A%2AIssue%20with:%20/docs/runbook/services/postgresql/resize-disk.md%2A%2A
Info       The URL is outside of the domain filter, checked only
           syntax.
Warning    [url-whitespace] Leading or trailing whitespace in URL
           `https://github.com/PostHog/posthog.com/issues/new?title=Feedback
           on: Resize disk&body=**Issue with:
           /docs/runbook/services/postgresql/resize-disk.md**
           '.
Result     Valid: filtered

URL        `https://github.com/PostHog/posthog.com/issues/new?title=Feedback on: Debugging long-running migrations&body=**Issue with: /docs/runbook/services/postgresql/long-migrations.mdx**'
Parent URL https://posthog.com/docs/runbook/services/postgresql/long-migrations, line 81, col 35946
Real URL   https://github.com/PostHog/posthog.com/issues/new?title=Feedback%20on:%20Debugging%20long-running%20migrations&body=%2A%2AIssue%20with:%20/docs/runbook/services/postgresql/long-migrations.mdx%2A%2A
Info       The URL is outside of the domain filter, checked only
           syntax.
Warning    [url-whitespace] Leading or trailing whitespace in URL
           `https://github.com/PostHog/posthog.com/issues/new?title=Feedback
           on: Debugging long-running migrations&body=**Issue
           with:
           /docs/runbook/services/postgresql/long-migrations.mdx**
           '.
Result     Valid: filtered

URL        `https://github.com/PostHog/posthog.com/issues/new?title=Feedback on: Making sense of the plugin server&body=**Issue with: /docs/runbook/services/plugin-server/index.mdx**'
Parent URL https://posthog.com/docs/runbook/services/plugin-server, line 72, col 536061
Real URL   https://github.com/PostHog/posthog.com/issues/new?title=Feedback%20on:%20Making%20sense%20of%20the%20plugin%20server&body=%2A%2AIssue%20with:%20/docs/runbook/services/plugin-server/index.mdx%2A%2A
Info       The URL is outside of the domain filter, checked only
           syntax.
Warning    [url-whitespace] Leading or trailing whitespace in URL
           `https://github.com/PostHog/posthog.com/issues/new?title=Feedback
           on: Making sense of the plugin server&body=**Issue
           with: /docs/runbook/services/plugin-server/index.mdx**
           '.
Result     Valid: filtered

URL        `https://github.com/PostHog/posthog.com/issues/new?title=Feedback on: MinIO&body=**Issue with: /docs/runbook/services/minio/index.md**'
Parent URL https://posthog.com/docs/runbook/services/minio, line 72, col 372488
Real URL   https://github.com/PostHog/posthog.com/issues/new?title=Feedback%20on:%20MinIO&body=%2A%2AIssue%20with:%20/docs/runbook/services/minio/index.md%2A%2A
Info       The URL is outside of the domain filter, checked only
           syntax.
Warning    [url-whitespace] Leading or trailing whitespace in URL
           `https://github.com/PostHog/posthog.com/issues/new?title=Feedback
           on: MinIO&body=**Issue with:
           /docs/runbook/services/minio/index.md**
           '.
Result     Valid: filtered

URL        `https://github.com/PostHog/posthog.com/issues/new?title=Feedback on: Redis&body=**Issue with: /docs/runbook/services/redis/index.md**'
Parent URL https://posthog.com/docs/runbook/services/redis, line 76, col 12050
Real URL   https://github.com/PostHog/posthog.com/issues/new?title=Feedback%20on:%20Redis&body=%2A%2AIssue%20with:%20/docs/runbook/services/redis/index.md%2A%2A
Info       The URL is outside of the domain filter, checked only
           syntax.
Warning    [url-whitespace] Leading or trailing whitespace in URL
           `https://github.com/PostHog/posthog.com/issues/new?title=Feedback
           on: Redis&body=**Issue with:
           /docs/runbook/services/redis/index.md**
           '.
Result     Valid: filtered

URL        `https://github.com/PostHog/posthog.com/issues/new?title=Feedback on: Zookeeper&body=**Issue with: /docs/runbook/services/zookeeper/index.md**'
Parent URL https://posthog.com/docs/runbook/services/zookeeper, line 92, col 12936
Real URL   https://github.com/PostHog/posthog.com/issues/new?title=Feedback%20on:%20Zookeeper&body=%2A%2AIssue%20with:%20/docs/runbook/services/zookeeper/index.md%2A%2A
Info       The URL is outside of the domain filter, checked only
           syntax.
Warning    [url-whitespace] Leading or trailing whitespace in URL
           `https://github.com/PostHog/posthog.com/issues/new?title=Feedback
           on: Zookeeper&body=**Issue with:
           /docs/runbook/services/zookeeper/index.md**
           '.
Result     Valid: filtered

URL        `https://github.com/PostHog/posthog.com/issues/new?title=Feedback on: Disaster recovery considerations&body=**Issue with: /docs/runbook/disaster-recovery.mdx**'
Parent URL https://posthog.com/docs/runbook/disaster-recovery, line 88, col 17340
Real URL   https://github.com/PostHog/posthog.com/issues/new?title=Feedback%20on:%20Disaster%20recovery%20considerations&body=%2A%2AIssue%20with:%20/docs/runbook/disaster-recovery.mdx%2A%2A
Info       The URL is outside of the domain filter, checked only
           syntax.
Warning    [url-whitespace] Leading or trailing whitespace in URL
           `https://github.com/PostHog/posthog.com/issues/new?title=Feedback
           on: Disaster recovery considerations&body=**Issue
           with: /docs/runbook/disaster-recovery.mdx**
           '.
Result     Valid: filtered

URL        `https://github.com/PostHog/posthog.com/issues/new?title=Feedback on: Troubleshooting and debugging your PostHog instance&body=**Issue with: /docs/self-host/deploy/troubleshooting.md**'
Parent URL https://posthog.com/docs/self-host/deploy/troubleshooting, line 75, col 44143
Real URL   https://github.com/PostHog/posthog.com/issues/new?title=Feedback%20on:%20Troubleshooting%20and%20debugging%20your%20PostHog%20instance&body=%2A%2AIssue%20with:%20/docs/self-host/deploy/troubleshooting.md%2A%2A
Info       The URL is outside of the domain filter, checked only
           syntax.
Warning    [url-whitespace] Leading or trailing whitespace in URL
           `https://github.com/PostHog/posthog.com/issues/new?title=Feedback
           on: Troubleshooting and debugging your PostHog
           instance&body=**Issue with:
           /docs/self-host/deploy/troubleshooting.md**
           '.
Result     Valid: filtered

URL        `https://github.com/PostHog/posthog.com/issues/new?title=Feedback on: Hosting costs&body=**Issue with: /docs/self-host/deploy/hosting-costs.md**'
Parent URL https://posthog.com/docs/self-host/deploy/hosting-costs, line 72, col 378578
Real URL   https://github.com/PostHog/posthog.com/issues/new?title=Feedback%20on:%20Hosting%20costs&body=%2A%2AIssue%20with:%20/docs/self-host/deploy/hosting-costs.md%2A%2A
Info       The URL is outside of the domain filter, checked only
           syntax.
Warning    [url-whitespace] Leading or trailing whitespace in URL
           `https://github.com/PostHog/posthog.com/issues/new?title=Feedback
           on: Hosting costs&body=**Issue with:
           /docs/self-host/deploy/hosting-costs.md**
           '.
Result     Valid: filtered

URL        `https://github.com/PostHog/posthog.com/issues/new?title=Feedback on: Hosting in EU&body=**Issue with: /docs/self-host/deploy/hosting-in-eu.md**'
Parent URL https://posthog.com/docs/self-host/deploy/hosting-in-eu, line 73, col 11511
Real URL   https://github.com/PostHog/posthog.com/issues/new?title=Feedback%20on:%20Hosting%20in%20EU&body=%2A%2AIssue%20with:%20/docs/self-host/deploy/hosting-in-eu.md%2A%2A
Info       The URL is outside of the domain filter, checked only
           syntax.
Warning    [url-whitespace] Leading or trailing whitespace in URL
           `https://github.com/PostHog/posthog.com/issues/new?title=Feedback
           on: Hosting in EU&body=**Issue with:
           /docs/self-host/deploy/hosting-in-eu.md**
           '.
Result     Valid: filtered

URL        `https://github.com/PostHog/posthog.com/issues/new?title=Feedback on: Ingest live data&body=**Issue with: /docs/integrate/ingest-live-data.mdx**'
Parent URL https://posthog.com/docs/integrate/ingest-live-data, line 104, col 31296
Real URL   https://github.com/PostHog/posthog.com/issues/new?title=Feedback%20on:%20Ingest%20live%20data&body=%2A%2AIssue%20with:%20/docs/integrate/ingest-live-data.mdx%2A%2A
Info       The URL is outside of the domain filter, checked only
           syntax.
Warning    [url-whitespace] Leading or trailing whitespace in URL
           `https://github.com/PostHog/posthog.com/issues/new?title=Feedback
           on: Ingest live data&body=**Issue with:
           /docs/integrate/ingest-live-data.mdx**
           '.
Result     Valid: filtered

URL        `https://github.com/PostHog/posthog.com/issues/new?title=Feedback on: Ingest historical data&body=**Issue with: /docs/integrate/ingest-historic-data.mdx**'
Parent URL https://posthog.com/docs/integrate/ingest-historic-data, line 72, col 455135
Real URL   https://github.com/PostHog/posthog.com/issues/new?title=Feedback%20on:%20Ingest%20historical%20data&body=%2A%2AIssue%20with:%20/docs/integrate/ingest-historic-data.mdx%2A%2A
Info       The URL is outside of the domain filter, checked only
           syntax.
Warning    [url-whitespace] Leading or trailing whitespace in URL
           `https://github.com/PostHog/posthog.com/issues/new?title=Feedback
           on: Ingest historical data&body=**Issue with:
           /docs/integrate/ingest-historic-data.mdx**
           '.
Result     Valid: filtered

URL        `https://github.com/PostHog/posthog.com/issues/new?title=Feedback on: Identifying users&body=**Issue with: /docs/integrate/identifying-users.mdx**'
Parent URL https://posthog.com/docs/integrate/identifying-users, line 72, col 387256
Real URL   https://github.com/PostHog/posthog.com/issues/new?title=Feedback%20on:%20Identifying%20users&body=%2A%2AIssue%20with:%20/docs/integrate/identifying-users.mdx%2A%2A
Info       The URL is outside of the domain filter, checked only
           syntax.
Warning    [url-whitespace] Leading or trailing whitespace in URL
           `https://github.com/PostHog/posthog.com/issues/new?title=Feedback
           on: Identifying users&body=**Issue with:
           /docs/integrate/identifying-users.mdx**
           '.
Result     Valid: filtered

URL        `https://github.com/PostHog/posthog.com/issues/new?title=Feedback on: User properties&body=**Issue with: /docs/integrate/user-properties.mdx**'
Parent URL https://posthog.com/docs/integrate/user-properties, line 74, col 19154
Real URL   https://github.com/PostHog/posthog.com/issues/new?title=Feedback%20on:%20User%20properties&body=%2A%2AIssue%20with:%20/docs/integrate/user-properties.mdx%2A%2A
Info       The URL is outside of the domain filter, checked only
           syntax.
Warning    [url-whitespace] Leading or trailing whitespace in URL
           `https://github.com/PostHog/posthog.com/issues/new?title=Feedback
           on: User properties&body=**Issue with:
           /docs/integrate/user-properties.mdx**
           '.
Result     Valid: filtered

URL        `https://github.com/PostHog/posthog.com/issues/new?title=Feedback on: Deploying a reverse proxy to PostHog Cloud&body=**Issue with: /docs/integrate/proxy.mdx**'
Parent URL https://posthog.com/docs/integrate/proxy, line 78, col 13368
Real URL   https://github.com/PostHog/posthog.com/issues/new?title=Feedback%20on:%20Deploying%20a%20reverse%20proxy%20to%20PostHog%20Cloud&body=%2A%2AIssue%20with:%20/docs/integrate/proxy.mdx%2A%2A
Info       The URL is outside of the domain filter, checked only
           syntax.
Warning    [url-whitespace] Leading or trailing whitespace in URL
           `https://github.com/PostHog/posthog.com/issues/new?title=Feedback
           on: Deploying a reverse proxy to PostHog
           Cloud&body=**Issue with: /docs/integrate/proxy.mdx**
           '.
Result     Valid: filtered

URL        `https://github.com/PostHog/posthog.com/issues/new?title=Feedback on: Library comparison&body=**Issue with: /docs/integrate/libraries.mdx**'
Parent URL https://posthog.com/docs/integrate/libraries, line 73, col 64405
Real URL   https://github.com/PostHog/posthog.com/issues/new?title=Feedback%20on:%20Library%20comparison&body=%2A%2AIssue%20with:%20/docs/integrate/libraries.mdx%2A%2A
Info       The URL is outside of the domain filter, checked only
           syntax.
Warning    [url-whitespace] Leading or trailing whitespace in URL
           `https://github.com/PostHog/posthog.com/issues/new?title=Feedback
           on: Library comparison&body=**Issue with:
           /docs/integrate/libraries.mdx**
           '.
Result     Valid: filtered

URL        `https://github.com/PostHog/posthog.com/issues/new?title=Feedback on: PostHog badges (optional)&body=**Issue with: /docs/integrate/badge.md**'
Parent URL https://posthog.com/docs/integrate/badge, line 72, col 425780
Real URL   https://github.com/PostHog/posthog.com/issues/new?title=Feedback%20on:%20PostHog%20badges%20%28optional%29&body=%2A%2AIssue%20with:%20/docs/integrate/badge.md%2A%2A
Info       The URL is outside of the domain filter, checked only
           syntax.
Warning    [url-whitespace] Leading or trailing whitespace in URL
           `https://github.com/PostHog/posthog.com/issues/new?title=Feedback
           on: PostHog badges (optional)&body=**Issue with:
           /docs/integrate/badge.md**
           '.
Result     Valid: filtered

URL        `https://github.com/PostHog/posthog.com/issues/new?title=Feedback on: Product analytics for browser extensions&body=**Issue with: /docs/integrate/browser-extension.md**'
Parent URL https://posthog.com/docs/integrate/browser-extension, line 72, col 374623
Real URL   https://github.com/PostHog/posthog.com/issues/new?title=Feedback%20on:%20Product%20analytics%20for%20browser%20extensions&body=%2A%2AIssue%20with:%20/docs/integrate/browser-extension.md%2A%2A
Info       The URL is outside of the domain filter, checked only
           syntax.
Warning    [url-whitespace] Leading or trailing whitespace in URL
           `https://github.com/PostHog/posthog.com/issues/new?title=Feedback
           on: Product analytics for browser
           extensions&body=**Issue with:
           /docs/integrate/browser-extension.md**
           '.
Result     Valid: filtered

URL        `https://github.com/PostHog/posthog.com/issues/new?title=Feedback on: Snippet Installation&body=**Issue with: /docs/integrate/client/snippet-installation.md**'
Parent URL https://posthog.com/docs/integrate/client/snippet-installation, line 72, col 382988
Real URL   https://github.com/PostHog/posthog.com/issues/new?title=Feedback%20on:%20Snippet%20Installation&body=%2A%2AIssue%20with:%20/docs/integrate/client/snippet-installation.md%2A%2A
Info       The URL is outside of the domain filter, checked only
           syntax.
Warning    [url-whitespace] Leading or trailing whitespace in URL
           `https://github.com/PostHog/posthog.com/issues/new?title=Feedback
           on: Snippet Installation&body=**Issue with:
           /docs/integrate/client/snippet-installation.md**
           '.
Result     Valid: filtered

URL        `https://github.com/PostHog/posthog.com/issues/new?title=Feedback on: Flutter&body=**Issue with: /docs/integrate/client/flutter/index.mdx**'
Parent URL https://posthog.com/docs/integrate/client/flutter, line 77, col 27117
Real URL   https://github.com/PostHog/posthog.com/issues/new?title=Feedback%20on:%20Flutter&body=%2A%2AIssue%20with:%20/docs/integrate/client/flutter/index.mdx%2A%2A
Info       The URL is outside of the domain filter, checked only
           syntax.
Warning    [url-whitespace] Leading or trailing whitespace in URL
           `https://github.com/PostHog/posthog.com/issues/new?title=Feedback
           on: Flutter&body=**Issue with:
           /docs/integrate/client/flutter/index.mdx**
           '.
Result     Valid: filtered

URL        `https://github.com/PostHog/posthog.com/issues/new?title=Feedback on: Go&body=**Issue with: /docs/integrate/server/go.mdx**'
Parent URL https://posthog.com/docs/integrate/server/go, line 78, col 39681
Real URL   https://github.com/PostHog/posthog.com/issues/new?title=Feedback%20on:%20Go&body=%2A%2AIssue%20with:%20/docs/integrate/server/go.mdx%2A%2A
Info       The URL is outside of the domain filter, checked only
           syntax.
Warning    [url-whitespace] Leading or trailing whitespace in URL
           `https://github.com/PostHog/posthog.com/issues/new?title=Feedback
           on: Go&body=**Issue with:
           /docs/integrate/server/go.mdx**
           '.
Result     Valid: filtered

URL        `https://github.com/PostHog/posthog.com/issues/new?title=Feedback on: Python&body=**Issue with: /docs/integrate/server/python.mdx**'
Parent URL https://posthog.com/docs/integrate/server/python, line 83, col 30829
Real URL   https://github.com/PostHog/posthog.com/issues/new?title=Feedback%20on:%20Python&body=%2A%2AIssue%20with:%20/docs/integrate/server/python.mdx%2A%2A
Info       The URL is outside of the domain filter, checked only
           syntax.
Warning    [url-whitespace] Leading or trailing whitespace in URL
           `https://github.com/PostHog/posthog.com/issues/new?title=Feedback
           on: Python&body=**Issue with:
           /docs/integrate/server/python.mdx**
           '.
Result     Valid: filtered

URL        `https://github.com/PostHog/posthog.com/issues/new?title=Feedback on: Rust&body=**Issue with: /docs/integrate/server/rust.mdx**'
Parent URL https://posthog.com/docs/integrate/server/rust, line 76, col 12758
Real URL   https://github.com/PostHog/posthog.com/issues/new?title=Feedback%20on:%20Rust&body=%2A%2AIssue%20with:%20/docs/integrate/server/rust.mdx%2A%2A
Info       The URL is outside of the domain filter, checked only
           syntax.
Warning    [url-whitespace] Leading or trailing whitespace in URL
           `https://github.com/PostHog/posthog.com/issues/new?title=Feedback
           on: Rust&body=**Issue with:
           /docs/integrate/server/rust.mdx**
           '.
Result     Valid: filtered

URL        `https://github.com/PostHog/posthog.com/issues/new?title=Feedback on: Java&body=**Issue with: /docs/integrate/server/java.mdx**'
Parent URL https://posthog.com/docs/integrate/server/java, line 78, col 74160
Real URL   https://github.com/PostHog/posthog.com/issues/new?title=Feedback%20on:%20Java&body=%2A%2AIssue%20with:%20/docs/integrate/server/java.mdx%2A%2A
Info       The URL is outside of the domain filter, checked only
           syntax.
Warning    [url-whitespace] Leading or trailing whitespace in URL
           `https://github.com/PostHog/posthog.com/issues/new?title=Feedback
           on: Java&body=**Issue with:
           /docs/integrate/server/java.mdx**
           '.
Result     Valid: filtered

URL        `https://github.com/PostHog/posthog.com/issues/new?title=Feedback on: PHP&body=**Issue with: /docs/integrate/server/php.mdx**'
Parent URL https://posthog.com/docs/integrate/server/php, line 76, col 39916
Real URL   https://github.com/PostHog/posthog.com/issues/new?title=Feedback%20on:%20PHP&body=%2A%2AIssue%20with:%20/docs/integrate/server/php.mdx%2A%2A
Info       The URL is outside of the domain filter, checked only
           syntax.
Warning    [url-whitespace] Leading or trailing whitespace in URL
           `https://github.com/PostHog/posthog.com/issues/new?title=Feedback
           on: PHP&body=**Issue with:
           /docs/integrate/server/php.mdx**
           '.
Result     Valid: filtered

URL        `https://github.com/PostHog/posthog.com/issues/new?title=Feedback on: Elixir&body=**Issue with: /docs/integrate/server/elixir.mdx**'
Parent URL https://posthog.com/docs/integrate/server/elixir, line 72, col 396630
Real URL   https://github.com/PostHog/posthog.com/issues/new?title=Feedback%20on:%20Elixir&body=%2A%2AIssue%20with:%20/docs/integrate/server/elixir.mdx%2A%2A
Info       The URL is outside of the domain filter, checked only
           syntax.
Warning    [url-whitespace] Leading or trailing whitespace in URL
           `https://github.com/PostHog/posthog.com/issues/new?title=Feedback
           on: Elixir&body=**Issue with:
           /docs/integrate/server/elixir.mdx**
           '.
Result     Valid: filtered

URL        `https://github.com/PostHog/posthog.com/issues/new?title=Feedback on: Docusaurus v2 integration&body=**Issue with: /docs/integrate/third-party/docusaurus.mdx**'
Parent URL https://posthog.com/docs/integrate/third-party/docusaurus, line 72, col 383550
Real URL   https://github.com/PostHog/posthog.com/issues/new?title=Feedback%20on:%20Docusaurus%20v2%20integration&body=%2A%2AIssue%20with:%20/docs/integrate/third-party/docusaurus.mdx%2A%2A
Info       The URL is outside of the domain filter, checked only
           syntax.
Warning    [url-whitespace] Leading or trailing whitespace in URL
           `https://github.com/PostHog/posthog.com/issues/new?title=Feedback
           on: Docusaurus v2 integration&body=**Issue with:
           /docs/integrate/third-party/docusaurus.mdx**
           '.
Result     Valid: filtered

URL        `https://github.com/PostHog/posthog.com/issues/new?title=Feedback on: Gatsby integration&body=**Issue with: /docs/integrate/third-party/gatsby.mdx**'
Parent URL https://posthog.com/docs/integrate/third-party/gatsby, line 72, col 385905
Real URL   https://github.com/PostHog/posthog.com/issues/new?title=Feedback%20on:%20Gatsby%20integration&body=%2A%2AIssue%20with:%20/docs/integrate/third-party/gatsby.mdx%2A%2A
Info       The URL is outside of the domain filter, checked only
           syntax.
Warning    [url-whitespace] Leading or trailing whitespace in URL
           `https://github.com/PostHog/posthog.com/issues/new?title=Feedback
           on: Gatsby integration&body=**Issue with:
           /docs/integrate/third-party/gatsby.mdx**
           '.
Result     Valid: filtered

URL        `https://github.com/PostHog/posthog.com/issues/new?title=Feedback on: Integrate PostHog with Google Tag Manager&body=**Issue with: /docs/integrate/third-party/google-tag-manager.md**'
Parent URL https://posthog.com/docs/integrate/third-party/google-tag-manager, line 73, col 19770
Real URL   https://github.com/PostHog/posthog.com/issues/new?title=Feedback%20on:%20Integrate%20PostHog%20with%20Google%20Tag%20Manager&body=%2A%2AIssue%20with:%20/docs/integrate/third-party/google-tag-manager.md%2A%2A
Info       The URL is outside of the domain filter, checked only
           syntax.
Warning    [url-whitespace] Leading or trailing whitespace in URL
           `https://github.com/PostHog/posthog.com/issues/new?title=Feedback
           on: Integrate PostHog with Google Tag
           Manager&body=**Issue with:
           /docs/integrate/third-party/google-tag-manager.md**
           '.
Result     Valid: filtered

URL        `https://github.com/PostHog/posthog.com/issues/new?title=Feedback on: Tracking Next.js apps&body=**Issue with: /docs/integrate/third-party/next-js.md**'
Parent URL https://posthog.com/docs/integrate/third-party/next-js, line 87, col 20220
Real URL   https://github.com/PostHog/posthog.com/issues/new?title=Feedback%20on:%20Tracking%20Next.js%20apps&body=%2A%2AIssue%20with:%20/docs/integrate/third-party/next-js.md%2A%2A
Info       The URL is outside of the domain filter, checked only
           syntax.
Warning    [url-whitespace] Leading or trailing whitespace in URL
           `https://github.com/PostHog/posthog.com/issues/new?title=Feedback
           on: Tracking Next.js apps&body=**Issue with:
           /docs/integrate/third-party/next-js.md**
           '.
Result     Valid: filtered

URL        `https://github.com/PostHog/posthog.com/issues/new?title=Feedback on: Tracking Nuxt.js apps&body=**Issue with: /docs/integrate/third-party/nuxt-js.md**'
Parent URL https://posthog.com/docs/integrate/third-party/nuxt-js, line 79, col 27341
Real URL   https://github.com/PostHog/posthog.com/issues/new?title=Feedback%20on:%20Tracking%20Nuxt.js%20apps&body=%2A%2AIssue%20with:%20/docs/integrate/third-party/nuxt-js.md%2A%2A
Info       The URL is outside of the domain filter, checked only
           syntax.
Warning    [url-whitespace] Leading or trailing whitespace in URL
           `https://github.com/PostHog/posthog.com/issues/new?title=Feedback
           on: Tracking Nuxt.js apps&body=**Issue with:
           /docs/integrate/third-party/nuxt-js.md**
           '.
Result     Valid: filtered

URL        `https://github.com/PostHog/posthog.com/issues/new?title=Feedback on: Integrate PostHog with Retool&body=**Issue with: /docs/integrate/third-party/retool.md**'
Parent URL https://posthog.com/docs/integrate/third-party/retool, line 75, col 27628
Real URL   https://github.com/PostHog/posthog.com/issues/new?title=Feedback%20on:%20Integrate%20PostHog%20with%20Retool&body=%2A%2AIssue%20with:%20/docs/integrate/third-party/retool.md%2A%2A
Info       The URL is outside of the domain filter, checked only
           syntax.
Warning    [url-whitespace] Leading or trailing whitespace in URL
           `https://github.com/PostHog/posthog.com/issues/new?title=Feedback
           on: Integrate PostHog with Retool&body=**Issue with:
           /docs/integrate/third-party/retool.md**
           '.
Result     Valid: filtered

URL        `https://github.com/PostHog/posthog.com/issues/new?title=Feedback on: RudderStack Integration&body=**Issue with: /docs/integrate/third-party/rudderstack.md**'
Parent URL https://posthog.com/docs/integrate/third-party/rudderstack, line 72, col 377244
Real URL   https://github.com/PostHog/posthog.com/issues/new?title=Feedback%20on:%20RudderStack%20Integration&body=%2A%2AIssue%20with:%20/docs/integrate/third-party/rudderstack.md%2A%2A
Info       The URL is outside of the domain filter, checked only
           syntax.
Warning    [url-whitespace] Leading or trailing whitespace in URL
           `https://github.com/PostHog/posthog.com/issues/new?title=Feedback
           on: RudderStack Integration&body=**Issue with:
           /docs/integrate/third-party/rudderstack.md**
           '.
Result     Valid: filtered

URL        `https://github.com/PostHog/posthog.com/issues/new?title=Feedback on: Segment Integration&body=**Issue with: /docs/integrate/third-party/segment.md**'
Parent URL https://posthog.com/docs/integrate/third-party/segment, line 72, col 373001
Real URL   https://github.com/PostHog/posthog.com/issues/new?title=Feedback%20on:%20Segment%20Integration&body=%2A%2AIssue%20with:%20/docs/integrate/third-party/segment.md%2A%2A
Info       The URL is outside of the domain filter, checked only
           syntax.
Warning    [url-whitespace] Leading or trailing whitespace in URL
           `https://github.com/PostHog/posthog.com/issues/new?title=Feedback
           on: Segment Integration&body=**Issue with:
           /docs/integrate/third-party/segment.md**
           '.
Result     Valid: filtered

URL        `https://github.com/PostHog/posthog.com/issues/new?title=Feedback on: Sentry Integration&body=**Issue with: /docs/integrate/third-party/sentry.md**'
Parent URL https://posthog.com/docs/integrate/third-party/sentry, line 74, col 28181
Real URL   https://github.com/PostHog/posthog.com/issues/new?title=Feedback%20on:%20Sentry%20Integration&body=%2A%2AIssue%20with:%20/docs/integrate/third-party/sentry.md%2A%2A
Info       The URL is outside of the domain filter, checked only
           syntax.
Warning    [url-whitespace] Leading or trailing whitespace in URL
           `https://github.com/PostHog/posthog.com/issues/new?title=Feedback
           on: Sentry Integration&body=**Issue with:
           /docs/integrate/third-party/sentry.md**
           '.
Result     Valid: filtered

URL        `https://github.com/PostHog/posthog.com/issues/new?title=Feedback on: Slack Integration&body=**Issue with: /docs/integrate/third-party/slack.md**'
Parent URL https://posthog.com/docs/integrate/third-party/slack, line 72, col 371241
Real URL   https://github.com/PostHog/posthog.com/issues/new?title=Feedback%20on:%20Slack%20Integration&body=%2A%2AIssue%20with:%20/docs/integrate/third-party/slack.md%2A%2A
Info       The URL is outside of the domain filter, checked only
           syntax.
Warning    [url-whitespace] Leading or trailing whitespace in URL
           `https://github.com/PostHog/posthog.com/issues/new?title=Feedback
           on: Slack Integration&body=**Issue with:
           /docs/integrate/third-party/slack.md**
           '.
Result     Valid: filtered

URL        `https://github.com/PostHog/posthog.com/issues/new?title=Feedback on: Integrate PostHog with Shopify&body=**Issue with: /docs/integrate/third-party/shopify.md**'
Parent URL https://posthog.com/docs/integrate/third-party/shopify, line 72, col 375608
Real URL   https://github.com/PostHog/posthog.com/issues/new?title=Feedback%20on:%20Integrate%20PostHog%20with%20Shopify&body=%2A%2AIssue%20with:%20/docs/integrate/third-party/shopify.md%2A%2A
Info       The URL is outside of the domain filter, checked only
           syntax.
Warning    [url-whitespace] Leading or trailing whitespace in URL
           `https://github.com/PostHog/posthog.com/issues/new?title=Feedback
           on: Integrate PostHog with Shopify&body=**Issue with:
           /docs/integrate/third-party/shopify.md**
           '.
Result     Valid: filtered

URL        `https://github.com/PostHog/posthog.com/issues/new?title=Feedback on: Integrate PostHog with WordPress&body=**Issue with: /docs/integrate/third-party/wordpress.md**'
Parent URL https://posthog.com/docs/integrate/third-party/wordpress, line 72, col 381338
Real URL   https://github.com/PostHog/posthog.com/issues/new?title=Feedback%20on:%20Integrate%20PostHog%20with%20WordPress&body=%2A%2AIssue%20with:%20/docs/integrate/third-party/wordpress.md%2A%2A
Info       The URL is outside of the domain filter, checked only
           syntax.
Warning    [url-whitespace] Leading or trailing whitespace in URL
           `https://github.com/PostHog/posthog.com/issues/new?title=Feedback
           on: Integrate PostHog with WordPress&body=**Issue
           with: /docs/integrate/third-party/wordpress.md**
           '.
Result     Valid: filtered

URL        `https://github.com/PostHog/posthog.com/issues/new?title=Feedback on: Microsoft Teams&body=**Issue with: /docs/integrate/webhooks/microsoft-teams.md**'
Parent URL https://posthog.com/docs/integrate/webhooks/microsoft-teams, line 72, col 375337
Real URL   https://github.com/PostHog/posthog.com/issues/new?title=Feedback%20on:%20Microsoft%20Teams&body=%2A%2AIssue%20with:%20/docs/integrate/webhooks/microsoft-teams.md%2A%2A
Info       The URL is outside of the domain filter, checked only
           syntax.
Warning    [url-whitespace] Leading or trailing whitespace in URL
           `https://github.com/PostHog/posthog.com/issues/new?title=Feedback
           on: Microsoft Teams&body=**Issue with:
           /docs/integrate/webhooks/microsoft-teams.md**
           '.
Result     Valid: filtered

URL        `https://github.com/PostHog/posthog.com/issues/new?title=Feedback on: Slack&body=**Issue with: /docs/integrate/webhooks/slack.md**'
Parent URL https://posthog.com/docs/integrate/webhooks/slack, line 72, col 376686
Real URL   https://github.com/PostHog/posthog.com/issues/new?title=Feedback%20on:%20Slack&body=%2A%2AIssue%20with:%20/docs/integrate/webhooks/slack.md%2A%2A
Info       The URL is outside of the domain filter, checked only
           syntax.
Warning    [url-whitespace] Leading or trailing whitespace in URL
           `https://github.com/PostHog/posthog.com/issues/new?title=Feedback
           on: Slack&body=**Issue with:
           /docs/integrate/webhooks/slack.md**
           '.
Result     Valid: filtered

URL        `https://github.com/PostHog/posthog.com/issues/new?title=Feedback on: Discord&body=**Issue with: /docs/integrate/webhooks/discord.md**'
Parent URL https://posthog.com/docs/integrate/webhooks/discord, line 72, col 372462
Real URL   https://github.com/PostHog/posthog.com/issues/new?title=Feedback%20on:%20Discord&body=%2A%2AIssue%20with:%20/docs/integrate/webhooks/discord.md%2A%2A
Info       The URL is outside of the domain filter, checked only
           syntax.
Warning    [url-whitespace] Leading or trailing whitespace in URL
           `https://github.com/PostHog/posthog.com/issues/new?title=Feedback
           on: Discord&body=**Issue with:
           /docs/integrate/webhooks/discord.md**
           '.
Result     Valid: filtered

URL        `https://github.com/PostHog/posthog.com/issues/new?title=Feedback on: Migrate to another self-hosted instance&body=**Issue with: /docs/migrate/migrate-to-another-self-hosted-instance.mdx**'
Parent URL https://posthog.com/docs/migrate/migrate-to-another-self-hosted-instance, line 72, col 449233
Real URL   https://github.com/PostHog/posthog.com/issues/new?title=Feedback%20on:%20Migrate%20to%20another%20self-hosted%20instance&body=%2A%2AIssue%20with:%20/docs/migrate/migrate-to-another-self-hosted-instance.mdx%2A%2A
Info       The URL is outside of the domain filter, checked only
           syntax.
Warning    [url-whitespace] Leading or trailing whitespace in URL
           `https://github.com/PostHog/posthog.com/issues/new?title=Feedback
           on: Migrate to another self-hosted
           instance&body=**Issue with:
           /docs/migrate/migrate-to-another-self-hosted-instance.mdx**
           '.
Result     Valid: filtered

URL        `https://github.com/PostHog/posthog.com/issues/new?title=Feedback on: Migrate to PostHog from Amplitude&body=**Issue with: /docs/migrate/migrate-from-amplitude.mdx**'
Parent URL https://posthog.com/docs/migrate/migrate-from-amplitude, line 72, col 384755
Real URL   https://github.com/PostHog/posthog.com/issues/new?title=Feedback%20on:%20Migrate%20to%20PostHog%20from%20Amplitude&body=%2A%2AIssue%20with:%20/docs/migrate/migrate-from-amplitude.mdx%2A%2A
Info       The URL is outside of the domain filter, checked only
           syntax.
Warning    [url-whitespace] Leading or trailing whitespace in URL
           `https://github.com/PostHog/posthog.com/issues/new?title=Feedback
           on: Migrate to PostHog from Amplitude&body=**Issue
           with: /docs/migrate/migrate-from-amplitude.mdx**
           '.
Result     Valid: filtered

URL        `https://github.com/PostHog/posthog.com/issues/new?title=Feedback on: Migrate between cloud and self-hosted&body=**Issue with: /docs/migrate/migrate-between-cloud-and-self-hosted.mdx**'
Parent URL https://posthog.com/docs/migrate/migrate-between-cloud-and-self-hosted, line 72, col 372675
Real URL   https://github.com/PostHog/posthog.com/issues/new?title=Feedback%20on:%20Migrate%20between%20cloud%20and%20self-hosted&body=%2A%2AIssue%20with:%20/docs/migrate/migrate-between-cloud-and-self-hosted.mdx%2A%2A
Info       The URL is outside of the domain filter, checked only
           syntax.
Warning    [url-whitespace] Leading or trailing whitespace in URL
           `https://github.com/PostHog/posthog.com/issues/new?title=Feedback
           on: Migrate between cloud and self-hosted&body=**Issue
           with:
           /docs/migrate/migrate-between-cloud-and-self-hosted.mdx**
           '.
Result     Valid: filtered

URL        `https://github.com/PostHog/posthog.com/issues/new?title=Feedback on: Tutorial&body=**Issue with: /docs/apps/build/tutorial.md**'
Parent URL https://posthog.com/docs/apps/build/tutorial, line 73, col 21470
Real URL   https://github.com/PostHog/posthog.com/issues/new?title=Feedback%20on:%20Tutorial&body=%2A%2AIssue%20with:%20/docs/apps/build/tutorial.md%2A%2A
Info       The URL is outside of the domain filter, checked only
           syntax.
Warning    [url-whitespace] Leading or trailing whitespace in URL
           `https://github.com/PostHog/posthog.com/issues/new?title=Feedback
           on: Tutorial&body=**Issue with:
           /docs/apps/build/tutorial.md**
           '.
Result     Valid: filtered

URL        `https://github.com/PostHog/posthog.com/issues/new?title=Feedback on: Troubleshooting&body=**Issue with: /docs/apps/enabling.md**'
Parent URL https://posthog.com/docs/apps/enabling, line 77, col 18247
Real URL   https://github.com/PostHog/posthog.com/issues/new?title=Feedback%20on:%20Troubleshooting&body=%2A%2AIssue%20with:%20/docs/apps/enabling.md%2A%2A
Info       The URL is outside of the domain filter, checked only
           syntax.
Warning    [url-whitespace] Leading or trailing whitespace in URL
           `https://github.com/PostHog/posthog.com/issues/new?title=Feedback
           on: Troubleshooting&body=**Issue with:
           /docs/apps/enabling.md**
           '.
Result     Valid: filtered

URL        `https://github.com/PostHog/posthog.com/issues/new?title=Feedback on: Apps developer reference&body=**Issue with: /docs/apps/build/reference.md**'
Parent URL https://posthog.com/docs/apps/build/reference, line 80, col 73445
Real URL   https://github.com/PostHog/posthog.com/issues/new?title=Feedback%20on:%20Apps%20developer%20reference&body=%2A%2AIssue%20with:%20/docs/apps/build/reference.md%2A%2A
Info       The URL is outside of the domain filter, checked only
           syntax.
Warning    [url-whitespace] Leading or trailing whitespace in URL
           `https://github.com/PostHog/posthog.com/issues/new?title=Feedback
           on: Apps developer reference&body=**Issue with:
           /docs/apps/build/reference.md**
           '.
Result     Valid: filtered

URL        `https://github.com/PostHog/posthog.com/issues/new?title=Feedback on: Using the PostHog API&body=**Issue with: /docs/apps/build/api.mdx**'
Parent URL https://posthog.com/docs/apps/build/api, line 75, col 17943
Real URL   https://github.com/PostHog/posthog.com/issues/new?title=Feedback%20on:%20Using%20the%20PostHog%20API&body=%2A%2AIssue%20with:%20/docs/apps/build/api.mdx%2A%2A
Info       The URL is outside of the domain filter, checked only
           syntax.
Warning    [url-whitespace] Leading or trailing whitespace in URL
           `https://github.com/PostHog/posthog.com/issues/new?title=Feedback
           on: Using the PostHog API&body=**Issue with:
           /docs/apps/build/api.mdx**
           '.
Result     Valid: filtered

URL        `https://github.com/PostHog/posthog.com/issues/new?title=Feedback on: Jobs&body=**Issue with: /docs/apps/build/jobs.md**'
Parent URL https://posthog.com/docs/apps/build/jobs, line 75, col 19127
Real URL   https://github.com/PostHog/posthog.com/issues/new?title=Feedback%20on:%20Jobs&body=%2A%2AIssue%20with:%20/docs/apps/build/jobs.md%2A%2A
Info       The URL is outside of the domain filter, checked only
           syntax.
Warning    [url-whitespace] Leading or trailing whitespace in URL
           `https://github.com/PostHog/posthog.com/issues/new?title=Feedback
           on: Jobs&body=**Issue with: /docs/apps/build/jobs.md**
           '.
Result     Valid: filtered

URL        `https://github.com/PostHog/posthog.com/issues/new?title=Feedback on: Testing&body=**Issue with: /docs/apps/build/testing.md**'
Parent URL https://posthog.com/docs/apps/build/testing, line 72, col 380623
Real URL   https://github.com/PostHog/posthog.com/issues/new?title=Feedback%20on:%20Testing&body=%2A%2AIssue%20with:%20/docs/apps/build/testing.md%2A%2A
Info       The URL is outside of the domain filter, checked only
           syntax.
Warning    [url-whitespace] Leading or trailing whitespace in URL
           `https://github.com/PostHog/posthog.com/issues/new?title=Feedback
           on: Testing&body=**Issue with:
           /docs/apps/build/testing.md**
           '.
Result     Valid: filtered

URL        `https://github.com/PostHog/posthog.com/issues/new?title=Feedback on: TypeScript types&body=**Issue with: /docs/apps/build/types.md**'
Parent URL https://posthog.com/docs/apps/build/types, line 74, col 19872
Real URL   https://github.com/PostHog/posthog.com/issues/new?title=Feedback%20on:%20TypeScript%20types&body=%2A%2AIssue%20with:%20/docs/apps/build/types.md%2A%2A
Info       The URL is outside of the domain filter, checked only
           syntax.
Warning    [url-whitespace] Leading or trailing whitespace in URL
           `https://github.com/PostHog/posthog.com/issues/new?title=Feedback
           on: TypeScript types&body=**Issue with:
           /docs/apps/build/types.md**
           '.
Result     Valid: filtered

URL        `https://github.com/PostHog/posthog.com/issues/new?title=Feedback on: POST-only public endpoints&body=**Issue with: /docs/api/post-only-endpoints.mdx**'
Parent URL https://posthog.com/docs/api/post-only-endpoints, line 72, col 485436
Real URL   https://github.com/PostHog/posthog.com/issues/new?title=Feedback%20on:%20POST-only%20public%20endpoints&body=%2A%2AIssue%20with:%20/docs/api/post-only-endpoints.mdx%2A%2A
Info       The URL is outside of the domain filter, checked only
           syntax.
Warning    [url-whitespace] Leading or trailing whitespace in URL
           `https://github.com/PostHog/posthog.com/issues/new?title=Feedback
           on: POST-only public endpoints&body=**Issue with:
           /docs/api/post-only-endpoints.mdx**
           '.
Result     Valid: filtered

URL        `https://github.com/PostHog/posthog.com/issues/new?title=Feedback on: User&body=**Issue with: /docs/api/user.mdx**'
Parent URL https://posthog.com/docs/api/user, line 73, col 27921
Real URL   https://github.com/PostHog/posthog.com/issues/new?title=Feedback%20on:%20User&body=%2A%2AIssue%20with:%20/docs/api/user.mdx%2A%2A
Info       The URL is outside of the domain filter, checked only
           syntax.
Warning    [url-whitespace] Leading or trailing whitespace in URL
           `https://github.com/PostHog/posthog.com/issues/new?title=Feedback
           on: User&body=**Issue with: /docs/api/user.mdx**
           '.
Result     Valid: filtered

URL        `https://github.com/PostHog/posthog.com/issues/new?title=Feedback on: Data model&body=**Issue with: /docs/how-posthog-works/data-model.mdx**'
Parent URL https://posthog.com/docs/how-posthog-works/data-model, line 75, col 12350
Real URL   https://github.com/PostHog/posthog.com/issues/new?title=Feedback%20on:%20Data%20model&body=%2A%2AIssue%20with:%20/docs/how-posthog-works/data-model.mdx%2A%2A
Info       The URL is outside of the domain filter, checked only
           syntax.
Warning    [url-whitespace] Leading or trailing whitespace in URL
           `https://github.com/PostHog/posthog.com/issues/new?title=Feedback
           on: Data model&body=**Issue with:
           /docs/how-posthog-works/data-model.mdx**
           '.
Result     Valid: filtered

URL        `https://github.com/PostHog/posthog.com/issues/new?title=Feedback on: Ingestion pipeline&body=**Issue with: /docs/how-posthog-works/ingestion-pipeline.mdx**'
Parent URL https://posthog.com/docs/how-posthog-works/ingestion-pipeline, line 92, col 25524
Real URL   https://github.com/PostHog/posthog.com/issues/new?title=Feedback%20on:%20Ingestion%20pipeline&body=%2A%2AIssue%20with:%20/docs/how-posthog-works/ingestion-pipeline.mdx%2A%2A
Info       The URL is outside of the domain filter, checked only
           syntax.
Warning    [url-whitespace] Leading or trailing whitespace in URL
           `https://github.com/PostHog/posthog.com/issues/new?title=Feedback
           on: Ingestion pipeline&body=**Issue with:
           /docs/how-posthog-works/ingestion-pipeline.mdx**
           '.
Result     Valid: filtered

URL        `https://github.com/PostHog/posthog.com/issues/new?title=Feedback on: ClickHouse&body=**Issue with: /docs/how-posthog-works/clickhouse.md**'
Parent URL https://posthog.com/docs/how-posthog-works/clickhouse, line 73, col 15697
Real URL   https://github.com/PostHog/posthog.com/issues/new?title=Feedback%20on:%20ClickHouse&body=%2A%2AIssue%20with:%20/docs/how-posthog-works/clickhouse.md%2A%2A
Info       The URL is outside of the domain filter, checked only
           syntax.
Warning    [url-whitespace] Leading or trailing whitespace in URL
           `https://github.com/PostHog/posthog.com/issues/new?title=Feedback
           on: ClickHouse&body=**Issue with:
           /docs/how-posthog-works/clickhouse.md**
           '.
Result     Valid: filtered

URL        `https://github.com/PostHog/posthog.com/issues/new?title=Feedback on: Querying data&body=**Issue with: /docs/how-posthog-works/queries.mdx**'
Parent URL https://posthog.com/docs/how-posthog-works/queries, line 82, col 25642
Real URL   https://github.com/PostHog/posthog.com/issues/new?title=Feedback%20on:%20Querying%20data&body=%2A%2AIssue%20with:%20/docs/how-posthog-works/queries.mdx%2A%2A
Info       The URL is outside of the domain filter, checked only
           syntax.
Warning    [url-whitespace] Leading or trailing whitespace in URL
           `https://github.com/PostHog/posthog.com/issues/new?title=Feedback
           on: Querying data&body=**Issue with:
           /docs/how-posthog-works/queries.mdx**
           '.
Result     Valid: filtered

URL        `https://github.com/PostHog/posthog.com/issues/new?title=Feedback on: PostHog & GDPR compliance&body=**Issue with: /docs/privacy/gdpr-compliance.md**'
Parent URL https://posthog.com/docs/privacy/gdpr-compliance, line 72, col 397141
Real URL   https://github.com/PostHog/posthog.com/issues/new?title=Feedback%20on:%20PostHog%20&%20GDPR%20compliance&body=%2A%2AIssue%20with:%20/docs/privacy/gdpr-compliance.md%2A%2A
Info       The URL is outside of the domain filter, checked only
           syntax.
Warning    [url-whitespace] Leading or trailing whitespace in URL
           `https://github.com/PostHog/posthog.com/issues/new?title=Feedback
           on: PostHog & GDPR compliance&body=**Issue with:
           /docs/privacy/gdpr-compliance.md**
           '.
Result     Valid: filtered

URL        `https://github.com/PostHog/posthog.com/issues/new?title=Feedback on: PostHog & CCPA compliance&body=**Issue with: /docs/privacy/ccpa-compliance.md**'
Parent URL https://posthog.com/docs/privacy/ccpa-compliance, line 72, col 380642
Real URL   https://github.com/PostHog/posthog.com/issues/new?title=Feedback%20on:%20PostHog%20&%20CCPA%20compliance&body=%2A%2AIssue%20with:%20/docs/privacy/ccpa-compliance.md%2A%2A
Info       The URL is outside of the domain filter, checked only
           syntax.
Warning    [url-whitespace] Leading or trailing whitespace in URL
           `https://github.com/PostHog/posthog.com/issues/new?title=Feedback
           on: PostHog & CCPA compliance&body=**Issue with:
           /docs/privacy/ccpa-compliance.md**
           '.
Result     Valid: filtered

URL        `https://github.com/PostHog/posthog.com/issues/new?title=Feedback on: The 4 best HIPAA-compliant analytics tools&body=**Issue with: /blog/best-hipaa-compliant-analytics-tools.md**'
Parent URL https://posthog.com/blog/best-hipaa-compliant-analytics-tools, line 72, col 72309
Real URL   https://github.com/PostHog/posthog.com/issues/new?title=Feedback%20on:%20The%204%20best%20HIPAA-compliant%20analytics%20tools&body=%2A%2AIssue%20with:%20/blog/best-hipaa-compliant-analytics-tools.md%2A%2A
Info       The URL is outside of the domain filter, checked only
           syntax.
Warning    [url-whitespace] Leading or trailing whitespace in URL
           `https://github.com/PostHog/posthog.com/issues/new?title=Feedback
           on: The 4 best HIPAA-compliant analytics
           tools&body=**Issue with:
           /blog/best-hipaa-compliant-analytics-tools.md**
           '.
Result     Valid: filtered

URL        `https://github.com/PostHog/posthog.com/issues/new?title=Feedback on: Data egress from self-hosted instances&body=**Issue with: /docs/privacy/egress.md**'
Parent URL https://posthog.com/docs/privacy/egress, line 73, col 12972
Real URL   https://github.com/PostHog/posthog.com/issues/new?title=Feedback%20on:%20Data%20egress%20from%20self-hosted%20instances&body=%2A%2AIssue%20with:%20/docs/privacy/egress.md%2A%2A
Info       The URL is outside of the domain filter, checked only
           syntax.
Warning    [url-whitespace] Leading or trailing whitespace in URL
           `https://github.com/PostHog/posthog.com/issues/new?title=Feedback
           on: Data egress from self-hosted
           instances&body=**Issue with: /docs/privacy/egress.md**
           '.
Result     Valid: filtered

URL        `https://github.com/PostHog/posthog.com/issues/new?title=Feedback on: Data deletion&body=**Issue with: /docs/privacy/data-deletion.md**'
Parent URL https://posthog.com/docs/privacy/data-deletion, line 73, col 17943
Real URL   https://github.com/PostHog/posthog.com/issues/new?title=Feedback%20on:%20Data%20deletion&body=%2A%2AIssue%20with:%20/docs/privacy/data-deletion.md%2A%2A
Info       The URL is outside of the domain filter, checked only
           syntax.
Warning    [url-whitespace] Leading or trailing whitespace in URL
           `https://github.com/PostHog/posthog.com/issues/new?title=Feedback
           on: Data deletion&body=**Issue with:
           /docs/privacy/data-deletion.md**
           '.
Result     Valid: filtered

URL        `https://github.com/PostHog/posthog.com/issues/new?title=Feedback on: Contribute to PostHog&body=**Issue with: /docs/contribute/index.md**'
Parent URL https://posthog.com/docs/contribute, line 76, col 20026
Real URL   https://github.com/PostHog/posthog.com/issues/new?title=Feedback%20on:%20Contribute%20to%20PostHog&body=%2A%2AIssue%20with:%20/docs/contribute/index.md%2A%2A
Info       The URL is outside of the domain filter, checked only
           syntax.
Warning    [url-whitespace] Leading or trailing whitespace in URL
           `https://github.com/PostHog/posthog.com/issues/new?title=Feedback
           on: Contribute to PostHog&body=**Issue with:
           /docs/contribute/index.md**
           '.
Result     Valid: filtered

URL        `https://github.com/PostHog/posthog.com/issues/new?title=Feedback on: Recognizing contributions&body=**Issue with: /docs/contribute/recognizing-contributions.md**'
Parent URL https://posthog.com/docs/contribute/recognizing-contributions, line 72, col 381406
Real URL   https://github.com/PostHog/posthog.com/issues/new?title=Feedback%20on:%20Recognizing%20contributions&body=%2A%2AIssue%20with:%20/docs/contribute/recognizing-contributions.md%2A%2A
Info       The URL is outside of the domain filter, checked only
           syntax.
Warning    [url-whitespace] Leading or trailing whitespace in URL
           `https://github.com/PostHog/posthog.com/issues/new?title=Feedback
           on: Recognizing contributions&body=**Issue with:
           /docs/contribute/recognizing-contributions.md**
           '.
Result     Valid: filtered

URL        `https://github.com/PostHog/posthog.com/issues/new?title=Feedback on: Dashboards&body=**Issue with: /manual/dashboards.mdx**'
Parent URL https://posthog.com/manual/dashboards, line 72, col 404319
Real URL   https://github.com/PostHog/posthog.com/issues/new?title=Feedback%20on:%20Dashboards&body=%2A%2AIssue%20with:%20/manual/dashboards.mdx%2A%2A
Info       The URL is outside of the domain filter, checked only
           syntax.
Warning    [url-whitespace] Leading or trailing whitespace in URL
           `https://github.com/PostHog/posthog.com/issues/new?title=Feedback
           on: Dashboards&body=**Issue with:
           /manual/dashboards.mdx**
           '.
Result     Valid: filtered

URL        `https://github.com/PostHog/posthog.com/issues/new?title=Feedback on: Funnels&body=**Issue with: /manual/funnels.mdx**'
Parent URL https://posthog.com/manual/funnels, line 72, col 421351
Real URL   https://github.com/PostHog/posthog.com/issues/new?title=Feedback%20on:%20Funnels&body=%2A%2AIssue%20with:%20/manual/funnels.mdx%2A%2A
Info       The URL is outside of the domain filter, checked only
           syntax.
Warning    [url-whitespace] Leading or trailing whitespace in URL
           `https://github.com/PostHog/posthog.com/issues/new?title=Feedback
           on: Funnels&body=**Issue with: /manual/funnels.mdx**
           '.
Result     Valid: filtered

URL        `https://github.com/PostHog/posthog.com/issues/new?title=Feedback on: Group analytics&body=**Issue with: /manual/group-analytics.mdx**'
Parent URL https://posthog.com/manual/group-analytics, line 90, col 31396
Real URL   https://github.com/PostHog/posthog.com/issues/new?title=Feedback%20on:%20Group%20analytics&body=%2A%2AIssue%20with:%20/manual/group-analytics.mdx%2A%2A
Info       The URL is outside of the domain filter, checked only
           syntax.
Warning    [url-whitespace] Leading or trailing whitespace in URL
           `https://github.com/PostHog/posthog.com/issues/new?title=Feedback
           on: Group analytics&body=**Issue with:
           /manual/group-analytics.mdx**
           '.
Result     Valid: filtered

URL        `https://github.com/PostHog/posthog.com/issues/new?title=Feedback on: Insights&body=**Issue with: /manual/insights.md**'
Parent URL https://posthog.com/manual/insights, line 72, col 367733
Real URL   https://github.com/PostHog/posthog.com/issues/new?title=Feedback%20on:%20Insights&body=%2A%2AIssue%20with:%20/manual/insights.md%2A%2A
Info       The URL is outside of the domain filter, checked only
           syntax.
Warning    [url-whitespace] Leading or trailing whitespace in URL
           `https://github.com/PostHog/posthog.com/issues/new?title=Feedback
           on: Insights&body=**Issue with: /manual/insights.md**
           '.
Result     Valid: filtered

URL        `https://github.com/PostHog/posthog.com/issues/new?title=Feedback on: Lifecycle&body=**Issue with: /manual/lifecycle.mdx**'
Parent URL https://posthog.com/manual/lifecycle, line 74, col 23493
Real URL   https://github.com/PostHog/posthog.com/issues/new?title=Feedback%20on:%20Lifecycle&body=%2A%2AIssue%20with:%20/manual/lifecycle.mdx%2A%2A
Info       The URL is outside of the domain filter, checked only
           syntax.
Warning    [url-whitespace] Leading or trailing whitespace in URL
           `https://github.com/PostHog/posthog.com/issues/new?title=Feedback
           on: Lifecycle&body=**Issue with:
           /manual/lifecycle.mdx**
           '.
Result     Valid: filtered

URL        `https://github.com/PostHog/posthog.com/issues/new?title=Feedback on: Path analysis&body=**Issue with: /manual/paths.mdx**'
Parent URL https://posthog.com/manual/paths, line 101, col 29162
Real URL   https://github.com/PostHog/posthog.com/issues/new?title=Feedback%20on:%20Path%20analysis&body=%2A%2AIssue%20with:%20/manual/paths.mdx%2A%2A
Info       The URL is outside of the domain filter, checked only
           syntax.
Warning    [url-whitespace] Leading or trailing whitespace in URL
           `https://github.com/PostHog/posthog.com/issues/new?title=Feedback
           on: Path analysis&body=**Issue with:
           /manual/paths.mdx**
           '.
Result     Valid: filtered

URL        `https://github.com/PostHog/posthog.com/issues/new?title=Feedback on: Retention&body=**Issue with: /manual/retention.mdx**'
Parent URL https://posthog.com/manual/retention, line 73, col 18093
Real URL   https://github.com/PostHog/posthog.com/issues/new?title=Feedback%20on:%20Retention&body=%2A%2AIssue%20with:%20/manual/retention.mdx%2A%2A
Info       The URL is outside of the domain filter, checked only
           syntax.
Warning    [url-whitespace] Leading or trailing whitespace in URL
           `https://github.com/PostHog/posthog.com/issues/new?title=Feedback
           on: Retention&body=**Issue with:
           /manual/retention.mdx**
           '.
Result     Valid: filtered

URL        `https://github.com/PostHog/posthog.com/issues/new?title=Feedback on: Stickiness&body=**Issue with: /manual/stickiness.mdx**'
Parent URL https://posthog.com/manual/stickiness, line 78, col 17257
Real URL   https://github.com/PostHog/posthog.com/issues/new?title=Feedback%20on:%20Stickiness&body=%2A%2AIssue%20with:%20/manual/stickiness.mdx%2A%2A
Info       The URL is outside of the domain filter, checked only
           syntax.
Warning    [url-whitespace] Leading or trailing whitespace in URL
           `https://github.com/PostHog/posthog.com/issues/new?title=Feedback
           on: Stickiness&body=**Issue with:
           /manual/stickiness.mdx**
           '.
Result     Valid: filtered

URL        `https://github.com/PostHog/posthog.com/issues/new?title=Feedback on: Trends&body=**Issue with: /manual/trends.mdx**'
Parent URL https://posthog.com/manual/trends, line 91, col 28373
Real URL   https://github.com/PostHog/posthog.com/issues/new?title=Feedback%20on:%20Trends&body=%2A%2AIssue%20with:%20/manual/trends.mdx%2A%2A
Info       The URL is outside of the domain filter, checked only
           syntax.
Warning    [url-whitespace] Leading or trailing whitespace in URL
           `https://github.com/PostHog/posthog.com/issues/new?title=Feedback
           on: Trends&body=**Issue with: /manual/trends.mdx**
           '.
Result     Valid: filtered

URL        `https://github.com/PostHog/posthog.com/issues/new?title=Feedback on: Toolbar&body=**Issue with: /manual/toolbar.mdx**'
Parent URL https://posthog.com/manual/toolbar, line 72, col 370033
Real URL   https://github.com/PostHog/posthog.com/issues/new?title=Feedback%20on:%20Toolbar&body=%2A%2AIssue%20with:%20/manual/toolbar.mdx%2A%2A
Info       The URL is outside of the domain filter, checked only
           syntax.
Warning    [url-whitespace] Leading or trailing whitespace in URL
           `https://github.com/PostHog/posthog.com/issues/new?title=Feedback
           on: Toolbar&body=**Issue with: /manual/toolbar.mdx**
           '.
Result     Valid: filtered

URL        `https://github.com/PostHog/posthog.com/issues/new?title=Feedback on: Session Recording&body=**Issue with: /manual/recordings.mdx**'
Parent URL https://posthog.com/manual/recordings, line 74, col 26434
Real URL   https://github.com/PostHog/posthog.com/issues/new?title=Feedback%20on:%20Session%20Recording&body=%2A%2AIssue%20with:%20/manual/recordings.mdx%2A%2A
Info       The URL is outside of the domain filter, checked only
           syntax.
Warning    [url-whitespace] Leading or trailing whitespace in URL
           `https://github.com/PostHog/posthog.com/issues/new?title=Feedback
           on: Session Recording&body=**Issue with:
           /manual/recordings.mdx**
           '.
Result     Valid: filtered

URL        `https://github.com/PostHog/posthog.com/issues/new?title=Feedback on: Correlation Analysis&body=**Issue with: /manual/correlation.mdx**'
Parent URL https://posthog.com/manual/correlation, line 80, col 22241
Real URL   https://github.com/PostHog/posthog.com/issues/new?title=Feedback%20on:%20Correlation%20Analysis&body=%2A%2AIssue%20with:%20/manual/correlation.mdx%2A%2A
Info       The URL is outside of the domain filter, checked only
           syntax.
Warning    [url-whitespace] Leading or trailing whitespace in URL
           `https://github.com/PostHog/posthog.com/issues/new?title=Feedback
           on: Correlation Analysis&body=**Issue with:
           /manual/correlation.mdx**
           '.
Result     Valid: filtered

URL        `https://github.com/PostHog/posthog.com/issues/new?title=Feedback on: Experimentation&body=**Issue with: /manual/experimentation.mdx**'
Parent URL https://posthog.com/manual/experimentation, line 74, col 43679
Real URL   https://github.com/PostHog/posthog.com/issues/new?title=Feedback%20on:%20Experimentation&body=%2A%2AIssue%20with:%20/manual/experimentation.mdx%2A%2A
Info       The URL is outside of the domain filter, checked only
           syntax.
Warning    [url-whitespace] Leading or trailing whitespace in URL
           `https://github.com/PostHog/posthog.com/issues/new?title=Feedback
           on: Experimentation&body=**Issue with:
           /manual/experimentation.mdx**
           '.
Result     Valid: filtered

URL        `https://github.com/PostHog/posthog.com/issues/new?title=Feedback on: Feature Flags&body=**Issue with: /manual/feature-flags.mdx**'
Parent URL https://posthog.com/manual/feature-flags, line 73, col 84249
Real URL   https://github.com/PostHog/posthog.com/issues/new?title=Feedback%20on:%20Feature%20Flags&body=%2A%2AIssue%20with:%20/manual/feature-flags.mdx%2A%2A
Info       The URL is outside of the domain filter, checked only
           syntax.
Warning    [url-whitespace] Leading or trailing whitespace in URL
           `https://github.com/PostHog/posthog.com/issues/new?title=Feedback
           on: Feature Flags&body=**Issue with:
           /manual/feature-flags.mdx**
           '.
Result     Valid: filtered

URL        `https://github.com/PostHog/posthog.com/issues/new?title=Feedback on: Actions&body=**Issue with: /manual/actions.mdx**'
Parent URL https://posthog.com/manual/actions, line 72, col 385008
Real URL   https://github.com/PostHog/posthog.com/issues/new?title=Feedback%20on:%20Actions&body=%2A%2AIssue%20with:%20/manual/actions.mdx%2A%2A
Info       The URL is outside of the domain filter, checked only
           syntax.
Warning    [url-whitespace] Leading or trailing whitespace in URL
           `https://github.com/PostHog/posthog.com/issues/new?title=Feedback
           on: Actions&body=**Issue with: /manual/actions.mdx**
           '.
Result     Valid: filtered

URL        `https://github.com/PostHog/posthog.com/issues/new?title=Feedback on: Annotations&body=**Issue with: /manual/annotations.mdx**'
Parent URL https://posthog.com/manual/annotations, line 72, col 369485
Real URL   https://github.com/PostHog/posthog.com/issues/new?title=Feedback%20on:%20Annotations&body=%2A%2AIssue%20with:%20/manual/annotations.mdx%2A%2A
Info       The URL is outside of the domain filter, checked only
           syntax.
Warning    [url-whitespace] Leading or trailing whitespace in URL
           `https://github.com/PostHog/posthog.com/issues/new?title=Feedback
           on: Annotations&body=**Issue with:
           /manual/annotations.mdx**
           '.
Result     Valid: filtered

URL        `https://github.com/PostHog/posthog.com/issues/new?title=Feedback on: Data Management&body=**Issue with: /manual/data-management.mdx**'
Parent URL https://posthog.com/manual/data-management, line 77, col 36094
Real URL   https://github.com/PostHog/posthog.com/issues/new?title=Feedback%20on:%20Data%20Management&body=%2A%2AIssue%20with:%20/manual/data-management.mdx%2A%2A
Info       The URL is outside of the domain filter, checked only
           syntax.
Warning    [url-whitespace] Leading or trailing whitespace in URL
           `https://github.com/PostHog/posthog.com/issues/new?title=Feedback
           on: Data Management&body=**Issue with:
           /manual/data-management.mdx**
           '.
Result     Valid: filtered

URL        `https://github.com/PostHog/posthog.com/issues/new?title=Feedback on: Cohorts&body=**Issue with: /manual/cohorts.mdx**'
Parent URL https://posthog.com/manual/cohorts, line 72, col 393943
Real URL   https://github.com/PostHog/posthog.com/issues/new?title=Feedback%20on:%20Cohorts&body=%2A%2AIssue%20with:%20/manual/cohorts.mdx%2A%2A
Info       The URL is outside of the domain filter, checked only
           syntax.
Warning    [url-whitespace] Leading or trailing whitespace in URL
           `https://github.com/PostHog/posthog.com/issues/new?title=Feedback
           on: Cohorts&body=**Issue with: /manual/cohorts.mdx**
           '.
Result     Valid: filtered

URL        `https://github.com/PostHog/posthog.com/issues/new?title=Feedback on: Events&body=**Issue with: /manual/events.mdx**'
Parent URL https://posthog.com/manual/events, line 72, col 387551
Real URL   https://github.com/PostHog/posthog.com/issues/new?title=Feedback%20on:%20Events&body=%2A%2AIssue%20with:%20/manual/events.mdx%2A%2A
Info       The URL is outside of the domain filter, checked only
           syntax.
Warning    [url-whitespace] Leading or trailing whitespace in URL
           `https://github.com/PostHog/posthog.com/issues/new?title=Feedback
           on: Events&body=**Issue with: /manual/events.mdx**
           '.
Result     Valid: filtered

URL        `https://github.com/PostHog/posthog.com/issues/new?title=Feedback on: Sessions&body=**Issue with: /manual/sessions.md**'
Parent URL https://posthog.com/manual/sessions, line 75, col 18127
Real URL   https://github.com/PostHog/posthog.com/issues/new?title=Feedback%20on:%20Sessions&body=%2A%2AIssue%20with:%20/manual/sessions.md%2A%2A
Info       The URL is outside of the domain filter, checked only
           syntax.
Warning    [url-whitespace] Leading or trailing whitespace in URL
           `https://github.com/PostHog/posthog.com/issues/new?title=Feedback
           on: Sessions&body=**Issue with: /manual/sessions.md**
           '.
Result     Valid: filtered

URL        `https://github.com/PostHog/posthog.com/issues/new?title=Feedback on: UTM segmentation&body=**Issue with: /manual/utm-segmentation.mdx**'
Parent URL https://posthog.com/manual/utm-segmentation, line 79, col 25138
Real URL   https://github.com/PostHog/posthog.com/issues/new?title=Feedback%20on:%20UTM%20segmentation&body=%2A%2AIssue%20with:%20/manual/utm-segmentation.mdx%2A%2A
Info       The URL is outside of the domain filter, checked only
           syntax.
Warning    [url-whitespace] Leading or trailing whitespace in URL
           `https://github.com/PostHog/posthog.com/issues/new?title=Feedback
           on: UTM segmentation&body=**Issue with:
           /manual/utm-segmentation.mdx**
           '.
Result     Valid: filtered

URL        `https://github.com/PostHog/posthog.com/issues/new?title=Feedback on: Team collaboration&body=**Issue with: /manual/team-collaboration.mdx**'
Parent URL https://posthog.com/manual/team-collaboration, line 73, col 12256
Real URL   https://github.com/PostHog/posthog.com/issues/new?title=Feedback%20on:%20Team%20collaboration&body=%2A%2AIssue%20with:%20/manual/team-collaboration.mdx%2A%2A
Info       The URL is outside of the domain filter, checked only
           syntax.
Warning    [url-whitespace] Leading or trailing whitespace in URL
           `https://github.com/PostHog/posthog.com/issues/new?title=Feedback
           on: Team collaboration&body=**Issue with:
           /manual/team-collaboration.mdx**
           '.
Result     Valid: filtered

URL        `https://github.com/PostHog/posthog.com/issues/new?title=Feedback on: Persons&body=**Issue with: /manual/persons.mdx**'
Parent URL https://posthog.com/manual/persons, line 72, col 369949
Real URL   https://github.com/PostHog/posthog.com/issues/new?title=Feedback%20on:%20Persons&body=%2A%2AIssue%20with:%20/manual/persons.mdx%2A%2A
Info       The URL is outside of the domain filter, checked only
           syntax.
Warning    [url-whitespace] Leading or trailing whitespace in URL
           `https://github.com/PostHog/posthog.com/issues/new?title=Feedback
           on: Persons&body=**Issue with: /manual/persons.mdx**
           '.
Result     Valid: filtered

URL        `https://github.com/PostHog/posthog.com/issues/new?title=Feedback on: Organizations and projects&body=**Issue with: /manual/organizations-and-projects.mdx**'
Parent URL https://posthog.com/manual/organizations-and-projects, line 75, col 33957
Real URL   https://github.com/PostHog/posthog.com/issues/new?title=Feedback%20on:%20Organizations%20and%20projects&body=%2A%2AIssue%20with:%20/manual/organizations-and-projects.mdx%2A%2A
Info       The URL is outside of the domain filter, checked only
           syntax.
Warning    [url-whitespace] Leading or trailing whitespace in URL
           `https://github.com/PostHog/posthog.com/issues/new?title=Feedback
           on: Organizations and projects&body=**Issue with:
           /manual/organizations-and-projects.mdx**
           '.
Result     Valid: filtered

URL        `https://github.com/PostHog/posthog.com/issues/new?title=Feedback on: Settings & Billing&body=**Issue with: /manual/application-settings.md**'
Parent URL https://posthog.com/manual/application-settings, line 72, col 375932
Real URL   https://github.com/PostHog/posthog.com/issues/new?title=Feedback%20on:%20Settings%20&%20Billing&body=%2A%2AIssue%20with:%20/manual/application-settings.md%2A%2A
Info       The URL is outside of the domain filter, checked only
           syntax.
Warning    [url-whitespace] Leading or trailing whitespace in URL
           `https://github.com/PostHog/posthog.com/issues/new?title=Feedback
           on: Settings & Billing&body=**Issue with:
           /manual/application-settings.md**
           '.
Result     Valid: filtered

URL        `https://github.com/PostHog/posthog.com/issues/new?title=Feedback on: Single sign-on authentication&body=**Issue with: /manual/sso.mdx**'
Parent URL https://posthog.com/manual/sso, line 73, col 32545
Real URL   https://github.com/PostHog/posthog.com/issues/new?title=Feedback%20on:%20Single%20sign-on%20authentication&body=%2A%2AIssue%20with:%20/manual/sso.mdx%2A%2A
Info       The URL is outside of the domain filter, checked only
           syntax.
Warning    [url-whitespace] Leading or trailing whitespace in URL
           `https://github.com/PostHog/posthog.com/issues/new?title=Feedback
           on: Single sign-on authentication&body=**Issue with:
           /manual/sso.mdx**
           '.
Result     Valid: filtered

URL        `https://github.com/PostHog/posthog.com/issues/new?title=Feedback on: Notifications and alerts&body=**Issue with: /manual/notifications-and-alerts.mdx**'
Parent URL https://posthog.com/manual/notifications-and-alerts, line 74, col 15982
Real URL   https://github.com/PostHog/posthog.com/issues/new?title=Feedback%20on:%20Notifications%20and%20alerts&body=%2A%2AIssue%20with:%20/manual/notifications-and-alerts.mdx%2A%2A
Info       The URL is outside of the domain filter, checked only
           syntax.
Warning    [url-whitespace] Leading or trailing whitespace in URL
           `https://github.com/PostHog/posthog.com/issues/new?title=Feedback
           on: Notifications and alerts&body=**Issue with:
           /manual/notifications-and-alerts.mdx**
           '.
Result     Valid: filtered

URL        `https://github.com/PostHog/posthog.com/issues/new?title=Feedback on: Amazon Kinesis Import&body=**Issue with: /docs/apps/amazon-kinesis.md**'
Parent URL https://posthog.com/docs/apps/amazon-kinesis, line 72, col 402272
Real URL   https://github.com/PostHog/posthog.com/issues/new?title=Feedback%20on:%20Amazon%20Kinesis%20Import&body=%2A%2AIssue%20with:%20/docs/apps/amazon-kinesis.md%2A%2A
Info       The URL is outside of the domain filter, checked only
           syntax.
Warning    [url-whitespace] Leading or trailing whitespace in URL
           `https://github.com/PostHog/posthog.com/issues/new?title=Feedback
           on: Amazon Kinesis Import&body=**Issue with:
           /docs/apps/amazon-kinesis.md**
           '.
Result     Valid: filtered

URL        `https://github.com/PostHog/posthog.com/issues/new?title=Feedback on: BitBucket Release Tracker&body=**Issue with: /docs/apps/bitbucket-release-tracker.md**'
Parent URL https://posthog.com/docs/apps/bitbucket-release-tracker, line 72, col 385040
Real URL   https://github.com/PostHog/posthog.com/issues/new?title=Feedback%20on:%20BitBucket%20Release%20Tracker&body=%2A%2AIssue%20with:%20/docs/apps/bitbucket-release-tracker.md%2A%2A
Info       The URL is outside of the domain filter, checked only
           syntax.
Warning    [url-whitespace] Leading or trailing whitespace in URL
           `https://github.com/PostHog/posthog.com/issues/new?title=Feedback
           on: BitBucket Release Tracker&body=**Issue with:
           /docs/apps/bitbucket-release-tracker.md**
           '.
Result     Valid: filtered

URL        `https://github.com/PostHog/posthog.com/issues/new?title=Feedback on: Event Replicator&body=**Issue with: /docs/apps/replicator.md**'
Parent URL https://posthog.com/docs/apps/replicator, line 72, col 385290
Real URL   https://github.com/PostHog/posthog.com/issues/new?title=Feedback%20on:%20Event%20Replicator&body=%2A%2AIssue%20with:%20/docs/apps/replicator.md%2A%2A
Info       The URL is outside of the domain filter, checked only
           syntax.
Warning    [url-whitespace] Leading or trailing whitespace in URL
           `https://github.com/PostHog/posthog.com/issues/new?title=Feedback
           on: Event Replicator&body=**Issue with:
           /docs/apps/replicator.md**
           '.
Result     Valid: filtered

URL        `https://github.com/PostHog/posthog.com/issues/new?title=Feedback on: GitHub Release Tracker&body=**Issue with: /docs/apps/github-release-tracker.md**'
Parent URL https://posthog.com/docs/apps/github-release-tracker, line 72, col 386377
Real URL   https://github.com/PostHog/posthog.com/issues/new?title=Feedback%20on:%20GitHub%20Release%20Tracker&body=%2A%2AIssue%20with:%20/docs/apps/github-release-tracker.md%2A%2A
Info       The URL is outside of the domain filter, checked only
           syntax.
Warning    [url-whitespace] Leading or trailing whitespace in URL
           `https://github.com/PostHog/posthog.com/issues/new?title=Feedback
           on: GitHub Release Tracker&body=**Issue with:
           /docs/apps/github-release-tracker.md**
           '.
Result     Valid: filtered

URL        `https://github.com/PostHog/posthog.com/issues/new?title=Feedback on: GitHub Star Sync&body=**Issue with: /docs/apps/github-star-sync.md**'
Parent URL https://posthog.com/docs/apps/github-star-sync, line 72, col 385647
Real URL   https://github.com/PostHog/posthog.com/issues/new?title=Feedback%20on:%20GitHub%20Star%20Sync&body=%2A%2AIssue%20with:%20/docs/apps/github-star-sync.md%2A%2A
Info       The URL is outside of the domain filter, checked only
           syntax.
Warning    [url-whitespace] Leading or trailing whitespace in URL
           `https://github.com/PostHog/posthog.com/issues/new?title=Feedback
           on: GitHub Star Sync&body=**Issue with:
           /docs/apps/github-star-sync.md**
           '.
Result     Valid: filtered

URL        `https://github.com/PostHog/posthog.com/issues/new?title=Feedback on: GitLab Release Tracker&body=**Issue with: /docs/apps/gitlab-release-tracker.md**'
Parent URL https://posthog.com/docs/apps/gitlab-release-tracker, line 72, col 385782
Real URL   https://github.com/PostHog/posthog.com/issues/new?title=Feedback%20on:%20GitLab%20Release%20Tracker&body=%2A%2AIssue%20with:%20/docs/apps/gitlab-release-tracker.md%2A%2A
Info       The URL is outside of the domain filter, checked only
           syntax.
Warning    [url-whitespace] Leading or trailing whitespace in URL
           `https://github.com/PostHog/posthog.com/issues/new?title=Feedback
           on: GitLab Release Tracker&body=**Issue with:
           /docs/apps/gitlab-release-tracker.md**
           '.
Result     Valid: filtered

URL        `https://github.com/PostHog/posthog.com/issues/new?title=Feedback on: Heartbeat&body=**Issue with: /docs/apps/heartbeat.md**'
Parent URL https://posthog.com/docs/apps/heartbeat, line 72, col 388290
Real URL   https://github.com/PostHog/posthog.com/issues/new?title=Feedback%20on:%20Heartbeat&body=%2A%2AIssue%20with:%20/docs/apps/heartbeat.md%2A%2A
Info       The URL is outside of the domain filter, checked only
           syntax.
Warning    [url-whitespace] Leading or trailing whitespace in URL
           `https://github.com/PostHog/posthog.com/issues/new?title=Feedback
           on: Heartbeat&body=**Issue with:
           /docs/apps/heartbeat.md**
           '.
Result     Valid: filtered

URL        `https://github.com/PostHog/posthog.com/issues/new?title=Feedback on: Ingestion Alert&body=**Issue with: /docs/apps/ingestion-alert.md**'
Parent URL https://posthog.com/docs/apps/ingestion-alert, line 72, col 388128
Real URL   https://github.com/PostHog/posthog.com/issues/new?title=Feedback%20on:%20Ingestion%20Alert&body=%2A%2AIssue%20with:%20/docs/apps/ingestion-alert.md%2A%2A
Info       The URL is outside of the domain filter, checked only
           syntax.
Warning    [url-whitespace] Leading or trailing whitespace in URL
           `https://github.com/PostHog/posthog.com/issues/new?title=Feedback
           on: Ingestion Alert&body=**Issue with:
           /docs/apps/ingestion-alert.md**
           '.
Result     Valid: filtered

URL        `https://github.com/PostHog/posthog.com/issues/new?title=Feedback on: Email Scoring&body=**Issue with: /docs/apps/email-scoring.md**'
Parent URL https://posthog.com/docs/apps/email-scoring, line 72, col 384602
Real URL   https://github.com/PostHog/posthog.com/issues/new?title=Feedback%20on:%20Email%20Scoring&body=%2A%2AIssue%20with:%20/docs/apps/email-scoring.md%2A%2A
Info       The URL is outside of the domain filter, checked only
           syntax.
Warning    [url-whitespace] Leading or trailing whitespace in URL
           `https://github.com/PostHog/posthog.com/issues/new?title=Feedback
           on: Email Scoring&body=**Issue with:
           /docs/apps/email-scoring.md**
           '.
Result     Valid: filtered

URL        `https://github.com/PostHog/posthog.com/issues/new?title=Feedback on: n8n Connector&body=**Issue with: /docs/apps/n8n.md**'
Parent URL https://posthog.com/docs/apps/n8n, line 72, col 379949
Real URL   https://github.com/PostHog/posthog.com/issues/new?title=Feedback%20on:%20n8n%20Connector&body=%2A%2AIssue%20with:%20/docs/apps/n8n.md%2A%2A
Info       The URL is outside of the domain filter, checked only
           syntax.
Warning    [url-whitespace] Leading or trailing whitespace in URL
           `https://github.com/PostHog/posthog.com/issues/new?title=Feedback
           on: n8n Connector&body=**Issue with:
           /docs/apps/n8n.md**
           '.
Result     Valid: filtered

URL        `https://github.com/PostHog/posthog.com/issues/new?title=Feedback on: Orbit Connector&body=**Issue with: /docs/apps/orbit.md**'
Parent URL https://posthog.com/docs/apps/orbit, line 72, col 386624
Real URL   https://github.com/PostHog/posthog.com/issues/new?title=Feedback%20on:%20Orbit%20Connector&body=%2A%2AIssue%20with:%20/docs/apps/orbit.md%2A%2A
Info       The URL is outside of the domain filter, checked only
           syntax.
Warning    [url-whitespace] Leading or trailing whitespace in URL
           `https://github.com/PostHog/posthog.com/issues/new?title=Feedback
           on: Orbit Connector&body=**Issue with:
           /docs/apps/orbit.md**
           '.
Result     Valid: filtered

URL        `https://github.com/PostHog/posthog.com/issues/new?title=Feedback on: Redshift Import&body=**Issue with: /docs/apps/redshift-import.md**'
Parent URL https://posthog.com/docs/apps/redshift-import, line 78, col 33116
Real URL   https://github.com/PostHog/posthog.com/issues/new?title=Feedback%20on:%20Redshift%20Import&body=%2A%2AIssue%20with:%20/docs/apps/redshift-import.md%2A%2A
Info       The URL is outside of the domain filter, checked only
           syntax.
Warning    [url-whitespace] Leading or trailing whitespace in URL
           `https://github.com/PostHog/posthog.com/issues/new?title=Feedback
           on: Redshift Import&body=**Issue with:
           /docs/apps/redshift-import.md**
           '.
Result     Valid: filtered

URL        `https://github.com/PostHog/posthog.com/issues/new?title=Feedback on: Segment Connector&body=**Issue with: /docs/apps/segment.md**'
Parent URL https://posthog.com/docs/apps/segment, line 72, col 383476
Real URL   https://github.com/PostHog/posthog.com/issues/new?title=Feedback%20on:%20Segment%20Connector&body=%2A%2AIssue%20with:%20/docs/apps/segment.md%2A%2A
Info       The URL is outside of the domain filter, checked only
           syntax.
Warning    [url-whitespace] Leading or trailing whitespace in URL
           `https://github.com/PostHog/posthog.com/issues/new?title=Feedback
           on: Segment Connector&body=**Issue with:
           /docs/apps/segment.md**
           '.
Result     Valid: filtered

URL        `https://github.com/PostHog/posthog.com/issues/new?title=Feedback on: Shopify Connector&body=**Issue with: /docs/apps/shopify.md**'
Parent URL https://posthog.com/docs/apps/shopify, line 72, col 391220
Real URL   https://github.com/PostHog/posthog.com/issues/new?title=Feedback%20on:%20Shopify%20Connector&body=%2A%2AIssue%20with:%20/docs/apps/shopify.md%2A%2A
Info       The URL is outside of the domain filter, checked only
           syntax.
Warning    [url-whitespace] Leading or trailing whitespace in URL
           `https://github.com/PostHog/posthog.com/issues/new?title=Feedback
           on: Shopify Connector&body=**Issue with:
           /docs/apps/shopify.md**
           '.
Result     Valid: filtered

URL        `https://github.com/PostHog/posthog.com/issues/new?title=Feedback on: Twitter Followers Tracker&body=**Issue with: /docs/apps/twitter-followers.md**'
Parent URL https://posthog.com/docs/apps/twitter-followers, line 72, col 384961
Real URL   https://github.com/PostHog/posthog.com/issues/new?title=Feedback%20on:%20Twitter%20Followers%20Tracker&body=%2A%2AIssue%20with:%20/docs/apps/twitter-followers.md%2A%2A
Info       The URL is outside of the domain filter, checked only
           syntax.
Warning    [url-whitespace] Leading or trailing whitespace in URL
           `https://github.com/PostHog/posthog.com/issues/new?title=Feedback
           on: Twitter Followers Tracker&body=**Issue with:
           /docs/apps/twitter-followers.md**
           '.
Result     Valid: filtered

URL        `https://github.com/PostHog/posthog.com/issues/new?title=Feedback on: Zendesk Connector&body=**Issue with: /docs/apps/zendesk-connector.md**'
Parent URL https://posthog.com/docs/apps/zendesk-connector, line 72, col 385290
Real URL   https://github.com/PostHog/posthog.com/issues/new?title=Feedback%20on:%20Zendesk%20Connector&body=%2A%2AIssue%20with:%20/docs/apps/zendesk-connector.md%2A%2A
Info       The URL is outside of the domain filter, checked only
           syntax.
Warning    [url-whitespace] Leading or trailing whitespace in URL
           `https://github.com/PostHog/posthog.com/issues/new?title=Feedback
           on: Zendesk Connector&body=**Issue with:
           /docs/apps/zendesk-connector.md**
           '.
Result     Valid: filtered

URL        `https://github.com/PostHog/posthog.com/issues/new?title=Feedback on: Airbyte Exporter&body=**Issue with: /docs/apps/airbyte-export.md**'
Parent URL https://posthog.com/docs/apps/airbyte-export, line 72, col 380475
Real URL   https://github.com/PostHog/posthog.com/issues/new?title=Feedback%20on:%20Airbyte%20Exporter&body=%2A%2AIssue%20with:%20/docs/apps/airbyte-export.md%2A%2A
Info       The URL is outside of the domain filter, checked only
           syntax.
Warning    [url-whitespace] Leading or trailing whitespace in URL
           `https://github.com/PostHog/posthog.com/issues/new?title=Feedback
           on: Airbyte Exporter&body=**Issue with:
           /docs/apps/airbyte-export.md**
           '.
Result     Valid: filtered

URL        `https://github.com/PostHog/posthog.com/issues/new?title=Feedback on: Amazon S3 Export&body=**Issue with: /docs/apps/s3-export.md**'
Parent URL https://posthog.com/docs/apps/s3-export, line 75, col 33623
Real URL   https://github.com/PostHog/posthog.com/issues/new?title=Feedback%20on:%20Amazon%20S3%20Export&body=%2A%2AIssue%20with:%20/docs/apps/s3-export.md%2A%2A
Info       The URL is outside of the domain filter, checked only
           syntax.
Warning    [url-whitespace] Leading or trailing whitespace in URL
           `https://github.com/PostHog/posthog.com/issues/new?title=Feedback
           on: Amazon S3 Export&body=**Issue with:
           /docs/apps/s3-export.md**
           '.
Result     Valid: filtered

URL        `https://github.com/PostHog/posthog.com/issues/new?title=Feedback on: BigQuery Export&body=**Issue with: /docs/apps/bigquery-export.md**'
Parent URL https://posthog.com/docs/apps/bigquery-export, line 74, col 40626
Real URL   https://github.com/PostHog/posthog.com/issues/new?title=Feedback%20on:%20BigQuery%20Export&body=%2A%2AIssue%20with:%20/docs/apps/bigquery-export.md%2A%2A
Info       The URL is outside of the domain filter, checked only
           syntax.
Warning    [url-whitespace] Leading or trailing whitespace in URL
           `https://github.com/PostHog/posthog.com/issues/new?title=Feedback
           on: BigQuery Export&body=**Issue with:
           /docs/apps/bigquery-export.md**
           '.
Result     Valid: filtered

URL        `https://github.com/PostHog/posthog.com/issues/new?title=Feedback on: Customer.io Connector&body=**Issue with: /docs/apps/customer-io.md**'
Parent URL https://posthog.com/docs/apps/customer-io, line 72, col 399060
Real URL   https://github.com/PostHog/posthog.com/issues/new?title=Feedback%20on:%20Customer.io%20Connector&body=%2A%2AIssue%20with:%20/docs/apps/customer-io.md%2A%2A
Info       The URL is outside of the domain filter, checked only
           syntax.
Warning    [url-whitespace] Leading or trailing whitespace in URL
           `https://github.com/PostHog/posthog.com/issues/new?title=Feedback
           on: Customer.io Connector&body=**Issue with:
           /docs/apps/customer-io.md**
           '.
Result     Valid: filtered

URL        `https://github.com/PostHog/posthog.com/issues/new?title=Feedback on: Databricks Export&body=**Issue with: /docs/apps/databricks.md**'
Parent URL https://posthog.com/docs/apps/databricks, line 72, col 390135
Real URL   https://github.com/PostHog/posthog.com/issues/new?title=Feedback%20on:%20Databricks%20Export&body=%2A%2AIssue%20with:%20/docs/apps/databricks.md%2A%2A
Info       The URL is outside of the domain filter, checked only
           syntax.
Warning    [url-whitespace] Leading or trailing whitespace in URL
           `https://github.com/PostHog/posthog.com/issues/new?title=Feedback
           on: Databricks Export&body=**Issue with:
           /docs/apps/databricks.md**
           '.
Result     Valid: filtered

URL        `https://github.com/PostHog/posthog.com/issues/new?title=Feedback on: Engage Connector&body=**Issue with: /docs/apps/engage-connector.md**'
Parent URL https://posthog.com/docs/apps/engage-connector, line 72, col 391478
Real URL   https://github.com/PostHog/posthog.com/issues/new?title=Feedback%20on:%20Engage%20Connector&body=%2A%2AIssue%20with:%20/docs/apps/engage-connector.md%2A%2A
Info       The URL is outside of the domain filter, checked only
           syntax.
Warning    [url-whitespace] Leading or trailing whitespace in URL
           `https://github.com/PostHog/posthog.com/issues/new?title=Feedback
           on: Engage Connector&body=**Issue with:
           /docs/apps/engage-connector.md**
           '.
Result     Valid: filtered

URL        `https://github.com/PostHog/posthog.com/issues/new?title=Feedback on: GCP Pub/Sub Connector&body=**Issue with: /docs/apps/google-pub-sub-connector.md**'
Parent URL https://posthog.com/docs/apps/google-pub-sub-connector, line 72, col 391220
Real URL   https://github.com/PostHog/posthog.com/issues/new?title=Feedback%20on:%20GCP%20Pub/Sub%20Connector&body=%2A%2AIssue%20with:%20/docs/apps/google-pub-sub-connector.md%2A%2A
Info       The URL is outside of the domain filter, checked only
           syntax.
Warning    [url-whitespace] Leading or trailing whitespace in URL
           `https://github.com/PostHog/posthog.com/issues/new?title=Feedback
           on: GCP Pub/Sub Connector&body=**Issue with:
           /docs/apps/google-pub-sub-connector.md**
           '.
Result     Valid: filtered

URL        `https://github.com/PostHog/posthog.com/issues/new?title=Feedback on: Google Cloud Export&body=**Issue with: /docs/apps/google-cloud-export.md**'
Parent URL https://posthog.com/docs/apps/google-cloud-export, line 72, col 385198
Real URL   https://github.com/PostHog/posthog.com/issues/new?title=Feedback%20on:%20Google%20Cloud%20Export&body=%2A%2AIssue%20with:%20/docs/apps/google-cloud-export.md%2A%2A
Info       The URL is outside of the domain filter, checked only
           syntax.
Warning    [url-whitespace] Leading or trailing whitespace in URL
           `https://github.com/PostHog/posthog.com/issues/new?title=Feedback
           on: Google Cloud Export&body=**Issue with:
           /docs/apps/google-cloud-export.md**
           '.
Result     Valid: filtered

URL        `https://github.com/PostHog/posthog.com/issues/new?title=Feedback on: Hubspot Connector&body=**Issue with: /docs/apps/hubspot-connector.md**'
Parent URL https://posthog.com/docs/apps/hubspot-connector, line 72, col 388130
Real URL   https://github.com/PostHog/posthog.com/issues/new?title=Feedback%20on:%20Hubspot%20Connector&body=%2A%2AIssue%20with:%20/docs/apps/hubspot-connector.md%2A%2A
Info       The URL is outside of the domain filter, checked only
           syntax.
Warning    [url-whitespace] Leading or trailing whitespace in URL
           `https://github.com/PostHog/posthog.com/issues/new?title=Feedback
           on: Hubspot Connector&body=**Issue with:
           /docs/apps/hubspot-connector.md**
           '.
Result     Valid: filtered

URL        `https://github.com/PostHog/posthog.com/issues/new?title=Feedback on: Intercom Connector&body=**Issue with: /docs/apps/intercom.md**'
Parent URL https://posthog.com/docs/apps/intercom, line 74, col 25960
Real URL   https://github.com/PostHog/posthog.com/issues/new?title=Feedback%20on:%20Intercom%20Connector&body=%2A%2AIssue%20with:%20/docs/apps/intercom.md%2A%2A
Info       The URL is outside of the domain filter, checked only
           syntax.
Warning    [url-whitespace] Leading or trailing whitespace in URL
           `https://github.com/PostHog/posthog.com/issues/new?title=Feedback
           on: Intercom Connector&body=**Issue with:
           /docs/apps/intercom.md**
           '.
Result     Valid: filtered

URL        `https://github.com/PostHog/posthog.com/issues/new?title=Feedback on: Migrator 3000&body=**Issue with: /docs/apps/migrator-3000.md**'
Parent URL https://posthog.com/docs/apps/migrator-3000, line 72, col 392953
Real URL   https://github.com/PostHog/posthog.com/issues/new?title=Feedback%20on:%20Migrator%203000&body=%2A%2AIssue%20with:%20/docs/apps/migrator-3000.md%2A%2A
Info       The URL is outside of the domain filter, checked only
           syntax.
Warning    [url-whitespace] Leading or trailing whitespace in URL
           `https://github.com/PostHog/posthog.com/issues/new?title=Feedback
           on: Migrator 3000&body=**Issue with:
           /docs/apps/migrator-3000.md**
           '.
Result     Valid: filtered

URL        `https://github.com/PostHog/posthog.com/issues/new?title=Feedback on: PagerDuty Connector&body=**Issue with: /docs/apps/pagerduty-connector.md**'
Parent URL https://posthog.com/docs/apps/pagerduty-connector, line 72, col 387262
Real URL   https://github.com/PostHog/posthog.com/issues/new?title=Feedback%20on:%20PagerDuty%20Connector&body=%2A%2AIssue%20with:%20/docs/apps/pagerduty-connector.md%2A%2A
Info       The URL is outside of the domain filter, checked only
           syntax.
Warning    [url-whitespace] Leading or trailing whitespace in URL
           `https://github.com/PostHog/posthog.com/issues/new?title=Feedback
           on: PagerDuty Connector&body=**Issue with:
           /docs/apps/pagerduty-connector.md**
           '.
Result     Valid: filtered

URL        `https://github.com/PostHog/posthog.com/issues/new?title=Feedback on: PostgreSQL Export&body=**Issue with: /docs/apps/postgres-export.md**'
Parent URL https://posthog.com/docs/apps/postgres-export, line 72, col 390276
Real URL   https://github.com/PostHog/posthog.com/issues/new?title=Feedback%20on:%20PostgreSQL%20Export&body=%2A%2AIssue%20with:%20/docs/apps/postgres-export.md%2A%2A
Info       The URL is outside of the domain filter, checked only
           syntax.
Warning    [url-whitespace] Leading or trailing whitespace in URL
           `https://github.com/PostHog/posthog.com/issues/new?title=Feedback
           on: PostgreSQL Export&body=**Issue with:
           /docs/apps/postgres-export.md**
           '.
Result     Valid: filtered

URL        `https://github.com/PostHog/posthog.com/issues/new?title=Feedback on: RudderStack Export&body=**Issue with: /docs/apps/rudderstack-export.md**'
Parent URL https://posthog.com/docs/apps/rudderstack-export, line 72, col 386025
Real URL   https://github.com/PostHog/posthog.com/issues/new?title=Feedback%20on:%20RudderStack%20Export&body=%2A%2AIssue%20with:%20/docs/apps/rudderstack-export.md%2A%2A
Info       The URL is outside of the domain filter, checked only
           syntax.
Warning    [url-whitespace] Leading or trailing whitespace in URL
           `https://github.com/PostHog/posthog.com/issues/new?title=Feedback
           on: RudderStack Export&body=**Issue with:
           /docs/apps/rudderstack-export.md**
           '.
Result     Valid: filtered

URL        `https://github.com/PostHog/posthog.com/issues/new?title=Feedback on: Redshift Export&body=**Issue with: /docs/apps/redshift-export.md**'
Parent URL https://posthog.com/docs/apps/redshift-export, line 72, col 388149
Real URL   https://github.com/PostHog/posthog.com/issues/new?title=Feedback%20on:%20Redshift%20Export&body=%2A%2AIssue%20with:%20/docs/apps/redshift-export.md%2A%2A
Info       The URL is outside of the domain filter, checked only
           syntax.
Warning    [url-whitespace] Leading or trailing whitespace in URL
           `https://github.com/PostHog/posthog.com/issues/new?title=Feedback
           on: Redshift Export&body=**Issue with:
           /docs/apps/redshift-export.md**
           '.
Result     Valid: filtered

URL        `https://github.com/PostHog/posthog.com/issues/new?title=Feedback on: Salesforce Connector&body=**Issue with: /docs/apps/salesforce-connector.md**'
Parent URL https://posthog.com/docs/apps/salesforce-connector, line 72, col 384056
Real URL   https://github.com/PostHog/posthog.com/issues/new?title=Feedback%20on:%20Salesforce%20Connector&body=%2A%2AIssue%20with:%20/docs/apps/salesforce-connector.md%2A%2A
Info       The URL is outside of the domain filter, checked only
           syntax.
Warning    [url-whitespace] Leading or trailing whitespace in URL
           `https://github.com/PostHog/posthog.com/issues/new?title=Feedback
           on: Salesforce Connector&body=**Issue with:
           /docs/apps/salesforce-connector.md**
           '.
Result     Valid: filtered

URL        `https://github.com/PostHog/posthog.com/issues/new?title=Feedback on: Sendgrid Connector&body=**Issue with: /docs/apps/sendgrid-connector.md**'
Parent URL https://posthog.com/docs/apps/sendgrid-connector, line 72, col 385097
Real URL   https://github.com/PostHog/posthog.com/issues/new?title=Feedback%20on:%20Sendgrid%20Connector&body=%2A%2AIssue%20with:%20/docs/apps/sendgrid-connector.md%2A%2A
Info       The URL is outside of the domain filter, checked only
           syntax.
Warning    [url-whitespace] Leading or trailing whitespace in URL
           `https://github.com/PostHog/posthog.com/issues/new?title=Feedback
           on: Sendgrid Connector&body=**Issue with:
           /docs/apps/sendgrid-connector.md**
           '.
Result     Valid: filtered

URL        `https://github.com/PostHog/posthog.com/issues/new?title=Feedback on: Sentry Connector&body=**Issue with: /docs/apps/sentry-connector.md**'
Parent URL https://posthog.com/docs/apps/sentry-connector, line 79, col 18108
Real URL   https://github.com/PostHog/posthog.com/issues/new?title=Feedback%20on:%20Sentry%20Connector&body=%2A%2AIssue%20with:%20/docs/apps/sentry-connector.md%2A%2A
Info       The URL is outside of the domain filter, checked only
           syntax.
Warning    [url-whitespace] Leading or trailing whitespace in URL
           `https://github.com/PostHog/posthog.com/issues/new?title=Feedback
           on: Sentry Connector&body=**Issue with:
           /docs/apps/sentry-connector.md**
           '.
Result     Valid: filtered

URL        `https://github.com/PostHog/posthog.com/issues/new?title=Feedback on: Snowflake Export&body=**Issue with: /docs/apps/snowflake-export.md**'
Parent URL https://posthog.com/docs/apps/snowflake-export, line 102, col 26530
Real URL   https://github.com/PostHog/posthog.com/issues/new?title=Feedback%20on:%20Snowflake%20Export&body=%2A%2AIssue%20with:%20/docs/apps/snowflake-export.md%2A%2A
Info       The URL is outside of the domain filter, checked only
           syntax.
Warning    [url-whitespace] Leading or trailing whitespace in URL
           `https://github.com/PostHog/posthog.com/issues/new?title=Feedback
           on: Snowflake Export&body=**Issue with:
           /docs/apps/snowflake-export.md**
           '.
Result     Valid: filtered

URL        `https://github.com/PostHog/posthog.com/issues/new?title=Feedback on: Twilio Connector&body=**Issue with: /docs/apps/twilio.md**'
Parent URL https://posthog.com/docs/apps/twilio, line 72, col 388809
Real URL   https://github.com/PostHog/posthog.com/issues/new?title=Feedback%20on:%20Twilio%20Connector&body=%2A%2AIssue%20with:%20/docs/apps/twilio.md%2A%2A
Info       The URL is outside of the domain filter, checked only
           syntax.
Warning    [url-whitespace] Leading or trailing whitespace in URL
           `https://github.com/PostHog/posthog.com/issues/new?title=Feedback
           on: Twilio Connector&body=**Issue with:
           /docs/apps/twilio.md**
           '.
Result     Valid: filtered

URL        `https://github.com/PostHog/posthog.com/issues/new?title=Feedback on: Variance Connector&body=**Issue with: /docs/apps/variance-connector.md**'
Parent URL https://posthog.com/docs/apps/variance-connector, line 72, col 384737
Real URL   https://github.com/PostHog/posthog.com/issues/new?title=Feedback%20on:%20Variance%20Connector&body=%2A%2AIssue%20with:%20/docs/apps/variance-connector.md%2A%2A
Info       The URL is outside of the domain filter, checked only
           syntax.
Warning    [url-whitespace] Leading or trailing whitespace in URL
           `https://github.com/PostHog/posthog.com/issues/new?title=Feedback
           on: Variance Connector&body=**Issue with:
           /docs/apps/variance-connector.md**
           '.
Result     Valid: filtered

URL        `https://github.com/PostHog/posthog.com/issues/new?title=Feedback on: Zapier Connector&body=**Issue with: /docs/apps/zapier-connector.md**'
Parent URL https://posthog.com/docs/apps/zapier-connector, line 72, col 394662
Real URL   https://github.com/PostHog/posthog.com/issues/new?title=Feedback%20on:%20Zapier%20Connector&body=%2A%2AIssue%20with:%20/docs/apps/zapier-connector.md%2A%2A
Info       The URL is outside of the domain filter, checked only
           syntax.
Warning    [url-whitespace] Leading or trailing whitespace in URL
           `https://github.com/PostHog/posthog.com/issues/new?title=Feedback
           on: Zapier Connector&body=**Issue with:
           /docs/apps/zapier-connector.md**
           '.
Result     Valid: filtered

URL        `https://github.com/PostHog/posthog.com/issues/new?title=Feedback on: Downsampler&body=**Issue with: /docs/apps/downsampling.md**'
Parent URL https://posthog.com/docs/apps/downsampling, line 72, col 386480
Real URL   https://github.com/PostHog/posthog.com/issues/new?title=Feedback%20on:%20Downsampler&body=%2A%2AIssue%20with:%20/docs/apps/downsampling.md%2A%2A
Info       The URL is outside of the domain filter, checked only
           syntax.
Warning    [url-whitespace] Leading or trailing whitespace in URL
           `https://github.com/PostHog/posthog.com/issues/new?title=Feedback
           on: Downsampler&body=**Issue with:
           /docs/apps/downsampling.md**
           '.
Result     Valid: filtered

URL        `https://github.com/PostHog/posthog.com/issues/new?title=Feedback on: Event Sequence Timer&body=**Issue with: /docs/apps/event-sequence-timer.md**'
Parent URL https://posthog.com/docs/apps/event-sequence-timer, line 72, col 392969
Real URL   https://github.com/PostHog/posthog.com/issues/new?title=Feedback%20on:%20Event%20Sequence%20Timer&body=%2A%2AIssue%20with:%20/docs/apps/event-sequence-timer.md%2A%2A
Info       The URL is outside of the domain filter, checked only
           syntax.
Warning    [url-whitespace] Leading or trailing whitespace in URL
           `https://github.com/PostHog/posthog.com/issues/new?title=Feedback
           on: Event Sequence Timer&body=**Issue with:
           /docs/apps/event-sequence-timer.md**
           '.
Result     Valid: filtered

URL        `https://github.com/PostHog/posthog.com/issues/new?title=Feedback on: First Time Event Tracker&body=**Issue with: /docs/apps/first-time-event-tracker.md**'
Parent URL https://posthog.com/docs/apps/first-time-event-tracker, line 72, col 387000
Real URL   https://github.com/PostHog/posthog.com/issues/new?title=Feedback%20on:%20First%20Time%20Event%20Tracker&body=%2A%2AIssue%20with:%20/docs/apps/first-time-event-tracker.md%2A%2A
Info       The URL is outside of the domain filter, checked only
           syntax.
Warning    [url-whitespace] Leading or trailing whitespace in URL
           `https://github.com/PostHog/posthog.com/issues/new?title=Feedback
           on: First Time Event Tracker&body=**Issue with:
           /docs/apps/first-time-event-tracker.md**
           '.
Result     Valid: filtered

URL        `https://github.com/PostHog/posthog.com/issues/new?title=Feedback on: Property Filter&body=**Issue with: /docs/apps/property-filter.md**'
Parent URL https://posthog.com/docs/apps/property-filter, line 72, col 390228
Real URL   https://github.com/PostHog/posthog.com/issues/new?title=Feedback%20on:%20Property%20Filter&body=%2A%2AIssue%20with:%20/docs/apps/property-filter.md%2A%2A
Info       The URL is outside of the domain filter, checked only
           syntax.
Warning    [url-whitespace] Leading or trailing whitespace in URL
           `https://github.com/PostHog/posthog.com/issues/new?title=Feedback
           on: Property Filter&body=**Issue with:
           /docs/apps/property-filter.md**
           '.
Result     Valid: filtered

URL        `https://github.com/PostHog/posthog.com/issues/new?title=Feedback on: Property Flattener&body=**Issue with: /docs/apps/property-flattener.md**'
Parent URL https://posthog.com/docs/apps/property-flattener, line 72, col 394581
Real URL   https://github.com/PostHog/posthog.com/issues/new?title=Feedback%20on:%20Property%20Flattener&body=%2A%2AIssue%20with:%20/docs/apps/property-flattener.md%2A%2A
Info       The URL is outside of the domain filter, checked only
           syntax.
Warning    [url-whitespace] Leading or trailing whitespace in URL
           `https://github.com/PostHog/posthog.com/issues/new?title=Feedback
           on: Property Flattener&body=**Issue with:
           /docs/apps/property-flattener.md**
           '.
Result     Valid: filtered

URL        `https://github.com/PostHog/posthog.com/issues/new?title=Feedback on: Schema Enforcer&body=**Issue with: /docs/apps/schema-enforcer.md**'
Parent URL https://posthog.com/docs/apps/schema-enforcer, line 72, col 394932
Real URL   https://github.com/PostHog/posthog.com/issues/new?title=Feedback%20on:%20Schema%20Enforcer&body=%2A%2AIssue%20with:%20/docs/apps/schema-enforcer.md%2A%2A
Info       The URL is outside of the domain filter, checked only
           syntax.
Warning    [url-whitespace] Leading or trailing whitespace in URL
           `https://github.com/PostHog/posthog.com/issues/new?title=Feedback
           on: Schema Enforcer&body=**Issue with:
           /docs/apps/schema-enforcer.md**
           '.
Result     Valid: filtered

URL        `https://github.com/PostHog/posthog.com/issues/new?title=Feedback on: Taxonomy Standardizer&body=**Issue with: /docs/apps/taxonomy-standardizer.md**'
Parent URL https://posthog.com/docs/apps/taxonomy-standardizer, line 72, col 386348
Real URL   https://github.com/PostHog/posthog.com/issues/new?title=Feedback%20on:%20Taxonomy%20Standardizer&body=%2A%2AIssue%20with:%20/docs/apps/taxonomy-standardizer.md%2A%2A
Info       The URL is outside of the domain filter, checked only
           syntax.
Warning    [url-whitespace] Leading or trailing whitespace in URL
           `https://github.com/PostHog/posthog.com/issues/new?title=Feedback
           on: Taxonomy Standardizer&body=**Issue with:
           /docs/apps/taxonomy-standardizer.md**
           '.
Result     Valid: filtered

URL        `https://github.com/PostHog/posthog.com/issues/new?title=Feedback on: Unduplicator&body=**Issue with: /docs/apps/unduplicator.md**'
Parent URL https://posthog.com/docs/apps/unduplicator, line 72, col 385318
Real URL   https://github.com/PostHog/posthog.com/issues/new?title=Feedback%20on:%20Unduplicator&body=%2A%2AIssue%20with:%20/docs/apps/unduplicator.md%2A%2A
Info       The URL is outside of the domain filter, checked only
           syntax.
Warning    [url-whitespace] Leading or trailing whitespace in URL
           `https://github.com/PostHog/posthog.com/issues/new?title=Feedback
           on: Unduplicator&body=**Issue with:
           /docs/apps/unduplicator.md**
           '.
Result     Valid: filtered

URL        `https://github.com/PostHog/posthog.com/issues/new?title=Feedback on: Automatic Cohort Creator&body=**Issue with: /docs/apps/automatic-cohort-creator.md**'
Parent URL https://posthog.com/docs/apps/automatic-cohort-creator, line 72, col 386105
Real URL   https://github.com/PostHog/posthog.com/issues/new?title=Feedback%20on:%20Automatic%20Cohort%20Creator&body=%2A%2AIssue%20with:%20/docs/apps/automatic-cohort-creator.md%2A%2A
Info       The URL is outside of the domain filter, checked only
           syntax.
Warning    [url-whitespace] Leading or trailing whitespace in URL
           `https://github.com/PostHog/posthog.com/issues/new?title=Feedback
           on: Automatic Cohort Creator&body=**Issue with:
           /docs/apps/automatic-cohort-creator.md**
           '.
Result     Valid: filtered

URL        `https://github.com/PostHog/posthog.com/issues/new?title=Feedback on: Currency Normalizer&body=**Issue with: /docs/apps/currency-normalization.md**'
Parent URL https://posthog.com/docs/apps/currency-normalization, line 72, col 386256
Real URL   https://github.com/PostHog/posthog.com/issues/new?title=Feedback%20on:%20Currency%20Normalizer&body=%2A%2AIssue%20with:%20/docs/apps/currency-normalization.md%2A%2A
Info       The URL is outside of the domain filter, checked only
           syntax.
Warning    [url-whitespace] Leading or trailing whitespace in URL
           `https://github.com/PostHog/posthog.com/issues/new?title=Feedback
           on: Currency Normalizer&body=**Issue with:
           /docs/apps/currency-normalization.md**
           '.
Result     Valid: filtered

URL        `https://github.com/PostHog/posthog.com/issues/new?title=Feedback on: GeoIP Enricher&body=**Issue with: /docs/apps/geoip-enrichment.md**'
Parent URL https://posthog.com/docs/apps/geoip-enrichment, line 73, col 32029
Real URL   https://github.com/PostHog/posthog.com/issues/new?title=Feedback%20on:%20GeoIP%20Enricher&body=%2A%2AIssue%20with:%20/docs/apps/geoip-enrichment.md%2A%2A
Info       The URL is outside of the domain filter, checked only
           syntax.
Warning    [url-whitespace] Leading or trailing whitespace in URL
           `https://github.com/PostHog/posthog.com/issues/new?title=Feedback
           on: GeoIP Enricher&body=**Issue with:
           /docs/apps/geoip-enrichment.md**
           '.
Result     Valid: filtered

URL        `https://github.com/PostHog/posthog.com/issues/new?title=Feedback on: Timestamp Parser&body=**Issue with: /docs/apps/timestamp-parser.md**'
Parent URL https://posthog.com/docs/apps/timestamp-parser, line 74, col 28117
Real URL   https://github.com/PostHog/posthog.com/issues/new?title=Feedback%20on:%20Timestamp%20Parser&body=%2A%2AIssue%20with:%20/docs/apps/timestamp-parser.md%2A%2A
Info       The URL is outside of the domain filter, checked only
           syntax.
Warning    [url-whitespace] Leading or trailing whitespace in URL
           `https://github.com/PostHog/posthog.com/issues/new?title=Feedback
           on: Timestamp Parser&body=**Issue with:
           /docs/apps/timestamp-parser.md**
           '.
Result     Valid: filtered

URL        `https://github.com/PostHog/posthog.com/issues/new?title=Feedback on: URL Normalizer&body=**Issue with: /docs/apps/url-normalizer.md**'
Parent URL https://posthog.com/docs/apps/url-normalizer, line 72, col 384282
Real URL   https://github.com/PostHog/posthog.com/issues/new?title=Feedback%20on:%20URL%20Normalizer&body=%2A%2AIssue%20with:%20/docs/apps/url-normalizer.md%2A%2A
Info       The URL is outside of the domain filter, checked only
           syntax.
Warning    [url-whitespace] Leading or trailing whitespace in URL
           `https://github.com/PostHog/posthog.com/issues/new?title=Feedback
           on: URL Normalizer&body=**Issue with:
           /docs/apps/url-normalizer.md**
           '.
Result     Valid: filtered

URL        `https://github.com/PostHog/posthog.com/issues/new?title=Feedback on: User Agent Populator&body=**Issue with: /docs/apps/user-agent-populator.md**'
Parent URL https://posthog.com/docs/apps/user-agent-populator, line 77, col 24246
Real URL   https://github.com/PostHog/posthog.com/issues/new?title=Feedback%20on:%20User%20Agent%20Populator&body=%2A%2AIssue%20with:%20/docs/apps/user-agent-populator.md%2A%2A
Info       The URL is outside of the domain filter, checked only
           syntax.
Warning    [url-whitespace] Leading or trailing whitespace in URL
           `https://github.com/PostHog/posthog.com/issues/new?title=Feedback
           on: User Agent Populator&body=**Issue with:
           /docs/apps/user-agent-populator.md**
           '.
Result     Valid: filtered

URL        `https://github.com/PostHog/posthog.com/issues/new?title=Feedback on: Support&body=**Issue with: /manual/support.md**'
Parent URL https://posthog.com/manual/support, line 72, col 385706
Real URL   https://github.com/PostHog/posthog.com/issues/new?title=Feedback%20on:%20Support&body=%2A%2AIssue%20with:%20/manual/support.md%2A%2A
Info       The URL is outside of the domain filter, checked only
           syntax.
Warning    [url-whitespace] Leading or trailing whitespace in URL
           `https://github.com/PostHog/posthog.com/issues/new?title=Feedback
           on: Support&body=**Issue with: /manual/support.md**
           '.
Result     Valid: filtered

URL        `https://github.com/PostHog/posthog.com/issues/new?title=Feedback on: Glossary&body=**Issue with: /manual/glossary.mdx**'
Parent URL https://posthog.com/manual/glossary, line 72, col 503110
Real URL   https://github.com/PostHog/posthog.com/issues/new?title=Feedback%20on:%20Glossary&body=%2A%2AIssue%20with:%20/manual/glossary.mdx%2A%2A
Info       The URL is outside of the domain filter, checked only
           syntax.
Warning    [url-whitespace] Leading or trailing whitespace in URL
           `https://github.com/PostHog/posthog.com/issues/new?title=Feedback
           on: Glossary&body=**Issue with: /manual/glossary.mdx**
           '.
Result     Valid: filtered

URL        `https://github.com/PostHog/posthog.com/issues/new?title=Feedback on: Subscriptions&body=**Issue with: /manual/subscriptions.mdx**'
Parent URL https://posthog.com/manual/subscriptions, line 73, col 19928
Real URL   https://github.com/PostHog/posthog.com/issues/new?title=Feedback%20on:%20Subscriptions&body=%2A%2AIssue%20with:%20/manual/subscriptions.mdx%2A%2A
Info       The URL is outside of the domain filter, checked only
           syntax.
Warning    [url-whitespace] Leading or trailing whitespace in URL
           `https://github.com/PostHog/posthog.com/issues/new?title=Feedback
           on: Subscriptions&body=**Issue with:
           /manual/subscriptions.mdx**
           '.
Result     Valid: filtered

URL        `https://github.com/PostHog/posthog.com/issues/new?title=Feedback on: Business model&body=**Issue with: /handbook/strategy/business-model.md**'
Parent URL https://posthog.com/handbook/strategy/business-model, line 72, col 226540
Real URL   https://github.com/PostHog/posthog.com/issues/new?title=Feedback%20on:%20Business%20model&body=%2A%2AIssue%20with:%20/handbook/strategy/business-model.md%2A%2A
Info       The URL is outside of the domain filter, checked only
           syntax.
Warning    [url-whitespace] Leading or trailing whitespace in URL
           `https://github.com/PostHog/posthog.com/issues/new?title=Feedback
           on: Business model&body=**Issue with:
           /handbook/strategy/business-model.md**
           '.
Result     Valid: filtered

URL        `https://github.com/PostHog/posthog.com/issues/new?title=Feedback on: How to choose and measure growth loops&body=**Issue with: /blog/growth-loops.md**'
Parent URL https://posthog.com/blog/growth-loops, line 72, col 68982
Real URL   https://github.com/PostHog/posthog.com/issues/new?title=Feedback%20on:%20How%20to%20choose%20and%20measure%20growth%20loops&body=%2A%2AIssue%20with:%20/blog/growth-loops.md%2A%2A
Info       The URL is outside of the domain filter, checked only
           syntax.
Warning    [url-whitespace] Leading or trailing whitespace in URL
           `https://github.com/PostHog/posthog.com/issues/new?title=Feedback
           on: How to choose and measure growth
           loops&body=**Issue with: /blog/growth-loops.md**
           '.
Result     Valid: filtered

            URL        `/marketplace'
            Name       `the PostHog Marketplace'
            Parent URL https://posthog.com/docs/self-host, line 80, col 32
            Real URL   https://posthog.com/marketplace
            Check time 3.038 seconds
            Result     Error: 404 Not Found

URL        `https://github.com/PostHog/posthog.com/issues/new?title=Feedback on: The best open-source analytics and data tools&body=**Issue with: /blog/best-open-source-analytics-tools.md**'
Parent URL https://posthog.com/blog/best-open-source-analytics-tools, line 72, col 110900
Real URL   https://github.com/PostHog/posthog.com/issues/new?title=Feedback%20on:%20The%20best%20open-source%20analytics%20and%20data%20tools&body=%2A%2AIssue%20with:%20/blog/best-open-source-analytics-tools.md%2A%2A
Info       The URL is outside of the domain filter, checked only
           syntax.
Warning    [url-whitespace] Leading or trailing whitespace in URL
           `https://github.com/PostHog/posthog.com/issues/new?title=Feedback
           on: The best open-source analytics and data
           tools&body=**Issue with:
           /blog/best-open-source-analytics-tools.md**
           '.
Result     Valid: filtered

URL        `https://github.com/PostHog/posthog.com/issues/new?title=Feedback on: Open source (and self-hosted) alternatives to Hotjar & FullStory&body=**Issue with: /blog/best-open-source-session-replay-tools.md**'
Parent URL https://posthog.com/blog/best-open-source-session-replay-tools, line 73, col 50350
Real URL   https://github.com/PostHog/posthog.com/issues/new?title=Feedback%20on:%20Open%20source%20%28and%20self-hosted%29%20alternatives%20to%20Hotjar%20&%20FullStory&body=%2A%2AIssue%20with:%20/blog/best-open-source-session-replay-tools.md%2A%2A
Info       The URL is outside of the domain filter, checked only
           syntax.
Warning    [url-whitespace] Leading or trailing whitespace in URL
           `https://github.com/PostHog/posthog.com/issues/new?title=Feedback
           on: Open source (and self-hosted) alternatives to
           Hotjar & FullStory&body=**Issue with:
           /blog/best-open-source-session-replay-tools.md**
           '.
Result     Valid: filtered

URL        `https://github.com/PostHog/posthog.com/issues/new?title=Feedback on: Filter Out&body=**Issue with: /docs/apps/filter-out.md**'
Parent URL https://posthog.com/docs/apps/filter-out#what-does-the-filter-out-app-do, line 72, col 380355
Real URL   https://github.com/PostHog/posthog.com/issues/new?title=Feedback%20on:%20Filter%20Out&body=%2A%2AIssue%20with:%20/docs/apps/filter-out.md%2A%2A
Info       The URL is outside of the domain filter, checked only
           syntax.
Warning    [url-whitespace] Leading or trailing whitespace in URL
           `https://github.com/PostHog/posthog.com/issues/new?title=Feedback
           on: Filter Out&body=**Issue with:
           /docs/apps/filter-out.md**
           '.
Result     Valid: filtered

URL        `https://github.com/PostHog/posthog.com/issues/new?title=Feedback on: Product metrics&body=**Issue with: /handbook/product/metrics.md**'
Parent URL https://posthog.com/handbook/product/metrics, line 74, col 22090
Real URL   https://github.com/PostHog/posthog.com/issues/new?title=Feedback%20on:%20Product%20metrics&body=%2A%2AIssue%20with:%20/handbook/product/metrics.md%2A%2A
Info       The URL is outside of the domain filter, checked only
           syntax.
Warning    [url-whitespace] Leading or trailing whitespace in URL
           `https://github.com/PostHog/posthog.com/issues/new?title=Feedback
           on: Product metrics&body=**Issue with:
           /handbook/product/metrics.md**
           '.
Result     Valid: filtered

URL        `https://github.com/PostHog/posthog.com/issues/new?title=Feedback on: Building an AARRR pirate funnel (how and why)&body=**Issue with: /blog/aarrr-pirate-funnel.md**'
Parent URL https://posthog.com/blog/aarrr-pirate-funnel, line 72, col 77944
Real URL   https://github.com/PostHog/posthog.com/issues/new?title=Feedback%20on:%20Building%20an%20AARRR%20pirate%20funnel%20%28how%20and%20why%29&body=%2A%2AIssue%20with:%20/blog/aarrr-pirate-funnel.md%2A%2A
Info       The URL is outside of the domain filter, checked only
           syntax.
Warning    [url-whitespace] Leading or trailing whitespace in URL
           `https://github.com/PostHog/posthog.com/issues/new?title=Feedback
           on: Building an AARRR pirate funnel (how and
           why)&body=**Issue with: /blog/aarrr-pirate-funnel.md**
           '.
Result     Valid: filtered

URL        `https://github.com/PostHog/posthog.com/issues/new?title=Feedback on: What launching Experimentation taught us about running effective A/B tests&body=**Issue with: /blog/experiments.md**'
Parent URL https://posthog.com/blog/experiments, line 72, col 61587
Real URL   https://github.com/PostHog/posthog.com/issues/new?title=Feedback%20on:%20What%20launching%20Experimentation%20taught%20us%20about%20running%20effective%20A/B%20tests&body=%2A%2AIssue%20with:%20/blog/experiments.md%2A%2A
Info       The URL is outside of the domain filter, checked only
           syntax.
Warning    [url-whitespace] Leading or trailing whitespace in URL
           `https://github.com/PostHog/posthog.com/issues/new?title=Feedback
           on: What launching Experimentation taught us about
           running effective A/B tests&body=**Issue with:
           /blog/experiments.md**
           '.
Result     Valid: filtered

URL        `https://github.com/PostHog/posthog.com/issues/new?title=Feedback on: The most useful B2B SaaS product metrics&body=**Issue with: /blog/b2b-saas-product-metrics.md**'
Parent URL https://posthog.com/blog/b2b-saas-product-metrics, line 72, col 80170
Real URL   https://github.com/PostHog/posthog.com/issues/new?title=Feedback%20on:%20The%20most%20useful%20B2B%20SaaS%20product%20metrics&body=%2A%2AIssue%20with:%20/blog/b2b-saas-product-metrics.md%2A%2A
Info       The URL is outside of the domain filter, checked only
           syntax.
Warning    [url-whitespace] Leading or trailing whitespace in URL
           `https://github.com/PostHog/posthog.com/issues/new?title=Feedback
           on: The most useful B2B SaaS product
           metrics&body=**Issue with:
           /blog/b2b-saas-product-metrics.md**
           '.
Result     Valid: filtered

URL        `https://github.com/PostHog/posthog.com/issues/new?title=Feedback on: A simple guide to personal data and PII&body=**Issue with: /blog/what-is-personal-data-pii.md**'
Parent URL https://posthog.com/blog/what-is-personal-data-pii, line 72, col 62536
Real URL   https://github.com/PostHog/posthog.com/issues/new?title=Feedback%20on:%20A%20simple%20guide%20to%20personal%20data%20and%20PII&body=%2A%2AIssue%20with:%20/blog/what-is-personal-data-pii.md%2A%2A
Info       The URL is outside of the domain filter, checked only
           syntax.
Warning    [url-whitespace] Leading or trailing whitespace in URL
           `https://github.com/PostHog/posthog.com/issues/new?title=Feedback
           on: A simple guide to personal data and
           PII&body=**Issue with:
           /blog/what-is-personal-data-pii.md**
           '.
Result     Valid: filtered

URL        `https://github.com/PostHog/posthog.com/issues/new?title=Feedback on: Is Google Analytics HIPAA compliant?&body=**Issue with: /blog/is-google-analytics-hipaa-compliant.md**'
Parent URL https://posthog.com/blog/is-google-analytics-hipaa-compliant, line 72, col 57629
Real URL   https://github.com/PostHog/posthog.com/issues/new?title=Feedback%20on:%20Is%20Google%20Analytics%20HIPAA%20compliant?&body=%2A%2AIssue%20with:%20/blog/is-google-analytics-hipaa-compliant.md%2A%2A
Info       The URL is outside of the domain filter, checked only
           syntax.
Warning    [url-whitespace] Leading or trailing whitespace in URL
           `https://github.com/PostHog/posthog.com/issues/new?title=Feedback
           on: Is Google Analytics HIPAA compliant?&body=**Issue
           with: /blog/is-google-analytics-hipaa-compliant.md**
           '.
Result     Valid: filtered

URL        `https://github.com/PostHog/posthog.com/issues/new?title=Feedback on: Meetings&body=**Issue with: /handbook/getting-started/meetings.md**'
Parent URL https://posthog.com/handbook/getting-started/meetings, line 72, col 227478
Real URL   https://github.com/PostHog/posthog.com/issues/new?title=Feedback%20on:%20Meetings&body=%2A%2AIssue%20with:%20/handbook/getting-started/meetings.md%2A%2A
Info       The URL is outside of the domain filter, checked only
           syntax.
Warning    [url-whitespace] Leading or trailing whitespace in URL
           `https://github.com/PostHog/posthog.com/issues/new?title=Feedback
           on: Meetings&body=**Issue with:
           /handbook/getting-started/meetings.md**
           '.
Result     Valid: filtered

URL        `https://github.com/PostHog/posthog.com/issues/new?title=Feedback on: Objectives and key results&body=**Issue with: /handbook/strategy/objectives.md**'
Parent URL https://posthog.com/handbook/strategy/objectives, line 72, col 225677
Real URL   https://github.com/PostHog/posthog.com/issues/new?title=Feedback%20on:%20Objectives%20and%20key%20results&body=%2A%2AIssue%20with:%20/handbook/strategy/objectives.md%2A%2A
Info       The URL is outside of the domain filter, checked only
           syntax.
Warning    [url-whitespace] Leading or trailing whitespace in URL
           `https://github.com/PostHog/posthog.com/issues/new?title=Feedback
           on: Objectives and key results&body=**Issue with:
           /handbook/strategy/objectives.md**
           '.
Result     Valid: filtered

URL        `https://github.com/PostHog/posthog.com/issues/new?title=Feedback on: Brand&body=**Issue with: /handbook/strategy/brand.md**'
Parent URL https://posthog.com/handbook/strategy/brand, line 72, col 229094
Real URL   https://github.com/PostHog/posthog.com/issues/new?title=Feedback%20on:%20Brand&body=%2A%2AIssue%20with:%20/handbook/strategy/brand.md%2A%2A
Info       The URL is outside of the domain filter, checked only
           syntax.
Warning    [url-whitespace] Leading or trailing whitespace in URL
           `https://github.com/PostHog/posthog.com/issues/new?title=Feedback
           on: Brand&body=**Issue with:
           /handbook/strategy/brand.md**
           '.
Result     Valid: filtered

URL        `https://github.com/PostHog/posthog.com/issues/new?title=Feedback on: Values&body=**Issue with: /handbook/company/values.md**'
Parent URL https://posthog.com/handbook/company/values, line 72, col 229305
Real URL   https://github.com/PostHog/posthog.com/issues/new?title=Feedback%20on:%20Values&body=%2A%2AIssue%20with:%20/handbook/company/values.md%2A%2A
Info       The URL is outside of the domain filter, checked only
           syntax.
Warning    [url-whitespace] Leading or trailing whitespace in URL
           `https://github.com/PostHog/posthog.com/issues/new?title=Feedback
           on: Values&body=**Issue with:
           /handbook/company/values.md**
           '.
Result     Valid: filtered

URL        `https://github.com/PostHog/posthog.com/issues/new?title=Feedback on: Small teams&body=**Issue with: /handbook/company/small-teams.md**'
Parent URL https://posthog.com/handbook/company/small-teams, line 72, col 243075
Real URL   https://github.com/PostHog/posthog.com/issues/new?title=Feedback%20on:%20Small%20teams&body=%2A%2AIssue%20with:%20/handbook/company/small-teams.md%2A%2A
Info       The URL is outside of the domain filter, checked only
           syntax.
Warning    [url-whitespace] Leading or trailing whitespace in URL
           `https://github.com/PostHog/posthog.com/issues/new?title=Feedback
           on: Small teams&body=**Issue with:
           /handbook/company/small-teams.md**
           '.
Result     Valid: filtered

URL        `https://github.com/PostHog/posthog.com/issues/new?title=Feedback on: Goal setting&body=**Issue with: /handbook/company/goal-setting.md**'
Parent URL https://posthog.com/handbook/company/goal-setting, line 73, col 31998
Real URL   https://github.com/PostHog/posthog.com/issues/new?title=Feedback%20on:%20Goal%20setting&body=%2A%2AIssue%20with:%20/handbook/company/goal-setting.md%2A%2A
Info       The URL is outside of the domain filter, checked only
           syntax.
Warning    [url-whitespace] Leading or trailing whitespace in URL
           `https://github.com/PostHog/posthog.com/issues/new?title=Feedback
           on: Goal setting&body=**Issue with:
           /handbook/company/goal-setting.md**
           '.
Result     Valid: filtered

URL        `https://github.com/PostHog/posthog.com/issues/new?title=Feedback on: Diversity and inclusion&body=**Issue with: /handbook/company/diversity.md**'
Parent URL https://posthog.com/handbook/company/diversity, line 72, col 231269
Real URL   https://github.com/PostHog/posthog.com/issues/new?title=Feedback%20on:%20Diversity%20and%20inclusion&body=%2A%2AIssue%20with:%20/handbook/company/diversity.md%2A%2A
Info       The URL is outside of the domain filter, checked only
           syntax.
Warning    [url-whitespace] Leading or trailing whitespace in URL
           `https://github.com/PostHog/posthog.com/issues/new?title=Feedback
           on: Diversity and inclusion&body=**Issue with:
           /handbook/company/diversity.md**
           '.
Result     Valid: filtered

URL        `https://github.com/PostHog/posthog.com/issues/new?title=Feedback on: Communication&body=**Issue with: /handbook/company/communication.md**'
Parent URL https://posthog.com/handbook/company/communication, line 72, col 267721
Real URL   https://github.com/PostHog/posthog.com/issues/new?title=Feedback%20on:%20Communication&body=%2A%2AIssue%20with:%20/handbook/company/communication.md%2A%2A
Info       The URL is outside of the domain filter, checked only
           syntax.
Warning    [url-whitespace] Leading or trailing whitespace in URL
           `https://github.com/PostHog/posthog.com/issues/new?title=Feedback
           on: Communication&body=**Issue with:
           /handbook/company/communication.md**
           '.
Result     Valid: filtered

URL        `https://github.com/PostHog/posthog.com/issues/new?title=Feedback on: Management&body=**Issue with: /handbook/company/management.md**'
Parent URL https://posthog.com/handbook/company/management, line 81, col 30645
Real URL   https://github.com/PostHog/posthog.com/issues/new?title=Feedback%20on:%20Management&body=%2A%2AIssue%20with:%20/handbook/company/management.md%2A%2A
Info       The URL is outside of the domain filter, checked only
           syntax.
Warning    [url-whitespace] Leading or trailing whitespace in URL
           `https://github.com/PostHog/posthog.com/issues/new?title=Feedback
           on: Management&body=**Issue with:
           /handbook/company/management.md**
           '.
Result     Valid: filtered

URL        `https://github.com/PostHog/posthog.com/issues/new?title=Feedback on: Offsites&body=**Issue with: /handbook/company/offsites.md**'
Parent URL https://posthog.com/handbook/company/offsites, line 72, col 240056
Real URL   https://github.com/PostHog/posthog.com/issues/new?title=Feedback%20on:%20Offsites&body=%2A%2AIssue%20with:%20/handbook/company/offsites.md%2A%2A
Info       The URL is outside of the domain filter, checked only
           syntax.
Warning    [url-whitespace] Leading or trailing whitespace in URL
           `https://github.com/PostHog/posthog.com/issues/new?title=Feedback
           on: Offsites&body=**Issue with:
           /handbook/company/offsites.md**
           '.
Result     Valid: filtered

URL        `https://github.com/PostHog/posthog.com/issues/new?title=Feedback on: Security & Privacy&body=**Issue with: /handbook/company/security.md**'
Parent URL https://posthog.com/handbook/company/security, line 72, col 238377
Real URL   https://github.com/PostHog/posthog.com/issues/new?title=Feedback%20on:%20Security%20&%20Privacy&body=%2A%2AIssue%20with:%20/handbook/company/security.md%2A%2A
Info       The URL is outside of the domain filter, checked only
           syntax.
Warning    [url-whitespace] Leading or trailing whitespace in URL
           `https://github.com/PostHog/posthog.com/issues/new?title=Feedback
           on: Security & Privacy&body=**Issue with:
           /handbook/company/security.md**
           '.
Result     Valid: filtered

URL        `https://github.com/PostHog/posthog.com/issues/new?title=Feedback on: Brand assets&body=**Issue with: /handbook/company/brand-assets.md**'
Parent URL https://posthog.com/handbook/company/brand-assets, line 72, col 242378
Real URL   https://github.com/PostHog/posthog.com/issues/new?title=Feedback%20on:%20Brand%20assets&body=%2A%2AIssue%20with:%20/handbook/company/brand-assets.md%2A%2A
Info       The URL is outside of the domain filter, checked only
           syntax.
Warning    [url-whitespace] Leading or trailing whitespace in URL
           `https://github.com/PostHog/posthog.com/issues/new?title=Feedback
           on: Brand assets&body=**Issue with:
           /handbook/company/brand-assets.md**
           '.
Result     Valid: filtered

URL        `https://github.com/PostHog/posthog.com/issues/new?title=Feedback on: Customer Success Team&body=**Issue with: /handbook/small-teams/customer-success/index.mdx**'
Parent URL https://posthog.com/handbook/small-teams/customer-success, line 72, col 230556
Real URL   https://github.com/PostHog/posthog.com/issues/new?title=Feedback%20on:%20Customer%20Success%20Team&body=%2A%2AIssue%20with:%20/handbook/small-teams/customer-success/index.mdx%2A%2A
Info       The URL is outside of the domain filter, checked only
           syntax.
Warning    [url-whitespace] Leading or trailing whitespace in URL
           `https://github.com/PostHog/posthog.com/issues/new?title=Feedback
           on: Customer Success Team&body=**Issue with:
           /handbook/small-teams/customer-success/index.mdx**
           '.
Result     Valid: filtered

URL        `https://github.com/PostHog/posthog.com/issues/new?title=Feedback on: Exec Team&body=**Issue with: /handbook/small-teams/exec/index.mdx**'
Parent URL https://posthog.com/handbook/small-teams/exec, line 72, col 218352
Real URL   https://github.com/PostHog/posthog.com/issues/new?title=Feedback%20on:%20Exec%20Team&body=%2A%2AIssue%20with:%20/handbook/small-teams/exec/index.mdx%2A%2A
Info       The URL is outside of the domain filter, checked only
           syntax.
Warning    [url-whitespace] Leading or trailing whitespace in URL
           `https://github.com/PostHog/posthog.com/issues/new?title=Feedback
           on: Exec Team&body=**Issue with:
           /handbook/small-teams/exec/index.mdx**
           '.
Result     Valid: filtered

URL        `https://github.com/PostHog/posthog.com/issues/new?title=Feedback on: Experimentation Team&body=**Issue with: /handbook/small-teams/experimentation/index.mdx**'
Parent URL https://posthog.com/handbook/small-teams/experimentation, line 72, col 235794
Real URL   https://github.com/PostHog/posthog.com/issues/new?title=Feedback%20on:%20Experimentation%20Team&body=%2A%2AIssue%20with:%20/handbook/small-teams/experimentation/index.mdx%2A%2A
Info       The URL is outside of the domain filter, checked only
           syntax.
Warning    [url-whitespace] Leading or trailing whitespace in URL
           `https://github.com/PostHog/posthog.com/issues/new?title=Feedback
           on: Experimentation Team&body=**Issue with:
           /handbook/small-teams/experimentation/index.mdx**
           '.
Result     Valid: filtered

URL        `https://github.com/PostHog/posthog.com/issues/new?title=Feedback on: Growth Team&body=**Issue with: /handbook/small-teams/growth/index.mdx**'
Parent URL https://posthog.com/handbook/small-teams/growth, line 73, col 25365
Real URL   https://github.com/PostHog/posthog.com/issues/new?title=Feedback%20on:%20Growth%20Team&body=%2A%2AIssue%20with:%20/handbook/small-teams/growth/index.mdx%2A%2A
Info       The URL is outside of the domain filter, checked only
           syntax.
Warning    [url-whitespace] Leading or trailing whitespace in URL
           `https://github.com/PostHog/posthog.com/issues/new?title=Feedback
           on: Growth Team&body=**Issue with:
           /handbook/small-teams/growth/index.mdx**
           '.
Result     Valid: filtered

URL        `https://github.com/PostHog/posthog.com/issues/new?title=Feedback on: Infrastructure Team&body=**Issue with: /handbook/small-teams/infrastructure/index.mdx**'
Parent URL https://posthog.com/handbook/small-teams/infrastructure, line 72, col 240899
Real URL   https://github.com/PostHog/posthog.com/issues/new?title=Feedback%20on:%20Infrastructure%20Team&body=%2A%2AIssue%20with:%20/handbook/small-teams/infrastructure/index.mdx%2A%2A
Info       The URL is outside of the domain filter, checked only
           syntax.
Warning    [url-whitespace] Leading or trailing whitespace in URL
           `https://github.com/PostHog/posthog.com/issues/new?title=Feedback
           on: Infrastructure Team&body=**Issue with:
           /handbook/small-teams/infrastructure/index.mdx**
           '.
Result     Valid: filtered

URL        `https://github.com/PostHog/posthog.com/issues/new?title=Feedback on: Marketing Team&body=**Issue with: /handbook/small-teams/marketing/index.mdx**'
Parent URL https://posthog.com/handbook/small-teams/marketing, line 72, col 223621
Real URL   https://github.com/PostHog/posthog.com/issues/new?title=Feedback%20on:%20Marketing%20Team&body=%2A%2AIssue%20with:%20/handbook/small-teams/marketing/index.mdx%2A%2A
Info       The URL is outside of the domain filter, checked only
           syntax.
Warning    [url-whitespace] Leading or trailing whitespace in URL
           `https://github.com/PostHog/posthog.com/issues/new?title=Feedback
           on: Marketing Team&body=**Issue with:
           /handbook/small-teams/marketing/index.mdx**
           '.
Result     Valid: filtered

URL        `https://github.com/PostHog/posthog.com/issues/new?title=Feedback on: People & Ops Team&body=**Issue with: /handbook/small-teams/people/index.mdx**'
Parent URL https://posthog.com/handbook/small-teams/people, line 73, col 31300
Real URL   https://github.com/PostHog/posthog.com/issues/new?title=Feedback%20on:%20People%20&%20Ops%20Team&body=%2A%2AIssue%20with:%20/handbook/small-teams/people/index.mdx%2A%2A
Info       The URL is outside of the domain filter, checked only
           syntax.
Warning    [url-whitespace] Leading or trailing whitespace in URL
           `https://github.com/PostHog/posthog.com/issues/new?title=Feedback
           on: People & Ops Team&body=**Issue with:
           /handbook/small-teams/people/index.mdx**
           '.
Result     Valid: filtered

URL        `https://github.com/PostHog/posthog.com/issues/new?title=Feedback on: Pipeline Team&body=**Issue with: /handbook/small-teams/pipeline/index.mdx**'
Parent URL https://posthog.com/handbook/small-teams/pipeline, line 72, col 232864
Real URL   https://github.com/PostHog/posthog.com/issues/new?title=Feedback%20on:%20Pipeline%20Team&body=%2A%2AIssue%20with:%20/handbook/small-teams/pipeline/index.mdx%2A%2A
Info       The URL is outside of the domain filter, checked only
           syntax.
Warning    [url-whitespace] Leading or trailing whitespace in URL
           `https://github.com/PostHog/posthog.com/issues/new?title=Feedback
           on: Pipeline Team&body=**Issue with:
           /handbook/small-teams/pipeline/index.mdx**
           '.
Result     Valid: filtered

URL        `https://github.com/PostHog/posthog.com/issues/new?title=Feedback on: Product Analytics Team&body=**Issue with: /handbook/small-teams/product-analytics/index.mdx**'
Parent URL https://posthog.com/handbook/small-teams/product-analytics, line 82, col 30918
Real URL   https://github.com/PostHog/posthog.com/issues/new?title=Feedback%20on:%20Product%20Analytics%20Team&body=%2A%2AIssue%20with:%20/handbook/small-teams/product-analytics/index.mdx%2A%2A
Info       The URL is outside of the domain filter, checked only
           syntax.
Warning    [url-whitespace] Leading or trailing whitespace in URL
           `https://github.com/PostHog/posthog.com/issues/new?title=Feedback
           on: Product Analytics Team&body=**Issue with:
           /handbook/small-teams/product-analytics/index.mdx**
           '.
Result     Valid: filtered

URL        `https://github.com/PostHog/posthog.com/issues/new?title=Feedback on: Session Recording Team&body=**Issue with: /handbook/small-teams/session-recording/index.mdx**'
Parent URL https://posthog.com/handbook/small-teams/session-recording, line 72, col 227765
Real URL   https://github.com/PostHog/posthog.com/issues/new?title=Feedback%20on:%20Session%20Recording%20Team&body=%2A%2AIssue%20with:%20/handbook/small-teams/session-recording/index.mdx%2A%2A
Info       The URL is outside of the domain filter, checked only
           syntax.
Warning    [url-whitespace] Leading or trailing whitespace in URL
           `https://github.com/PostHog/posthog.com/issues/new?title=Feedback
           on: Session Recording Team&body=**Issue with:
           /handbook/small-teams/session-recording/index.mdx**
           '.
Result     Valid: filtered

URL        `https://github.com/PostHog/posthog.com/issues/new?title=Feedback on: Website & Docs Team&body=**Issue with: /handbook/small-teams/website-docs/index.mdx**'
Parent URL https://posthog.com/handbook/small-teams/website-docs, line 72, col 230668
Real URL   https://github.com/PostHog/posthog.com/issues/new?title=Feedback%20on:%20Website%20&%20Docs%20Team&body=%2A%2AIssue%20with:%20/handbook/small-teams/website-docs/index.mdx%2A%2A
Info       The URL is outside of the domain filter, checked only
           syntax.
Warning    [url-whitespace] Leading or trailing whitespace in URL
           `https://github.com/PostHog/posthog.com/issues/new?title=Feedback
           on: Website & Docs Team&body=**Issue with:
           /handbook/small-teams/website-docs/index.mdx**
           '.
Result     Valid: filtered

URL        `https://github.com/PostHog/posthog.com/issues/new?title=Feedback on: Share options&body=**Issue with: /handbook/people/share-options.md**'
Parent URL https://posthog.com/handbook/people/share-options, line 72, col 245528
Real URL   https://github.com/PostHog/posthog.com/issues/new?title=Feedback%20on:%20Share%20options&body=%2A%2AIssue%20with:%20/handbook/people/share-options.md%2A%2A
Info       The URL is outside of the domain filter, checked only
           syntax.
Warning    [url-whitespace] Leading or trailing whitespace in URL
           `https://github.com/PostHog/posthog.com/issues/new?title=Feedback
           on: Share options&body=**Issue with:
           /handbook/people/share-options.md**
           '.
Result     Valid: filtered

URL        `https://github.com/PostHog/posthog.com/issues/new?title=Feedback on: Benefits&body=**Issue with: /handbook/people/benefits.md**'
Parent URL https://posthog.com/handbook/people/benefits, line 72, col 238048
Real URL   https://github.com/PostHog/posthog.com/issues/new?title=Feedback%20on:%20Benefits&body=%2A%2AIssue%20with:%20/handbook/people/benefits.md%2A%2A
Info       The URL is outside of the domain filter, checked only
           syntax.
Warning    [url-whitespace] Leading or trailing whitespace in URL
           `https://github.com/PostHog/posthog.com/issues/new?title=Feedback
           on: Benefits&body=**Issue with:
           /handbook/people/benefits.md**
           '.
Result     Valid: filtered

URL        `https://github.com/PostHog/posthog.com/issues/new?title=Feedback on: Time off&body=**Issue with: /handbook/people/time-off.md**'
Parent URL https://posthog.com/handbook/people/time-off, line 72, col 232811
Real URL   https://github.com/PostHog/posthog.com/issues/new?title=Feedback%20on:%20Time%20off&body=%2A%2AIssue%20with:%20/handbook/people/time-off.md%2A%2A
Info       The URL is outside of the domain filter, checked only
           syntax.
Warning    [url-whitespace] Leading or trailing whitespace in URL
           `https://github.com/PostHog/posthog.com/issues/new?title=Feedback
           on: Time off&body=**Issue with:
           /handbook/people/time-off.md**
           '.
Result     Valid: filtered

URL        `https://github.com/PostHog/posthog.com/issues/new?title=Feedback on: Spending money&body=**Issue with: /handbook/people/spending-money.md**'
Parent URL https://posthog.com/handbook/people/spending-money, line 72, col 253156
Real URL   https://github.com/PostHog/posthog.com/issues/new?title=Feedback%20on:%20Spending%20money&body=%2A%2AIssue%20with:%20/handbook/people/spending-money.md%2A%2A
Info       The URL is outside of the domain filter, checked only
           syntax.
Warning    [url-whitespace] Leading or trailing whitespace in URL
           `https://github.com/PostHog/posthog.com/issues/new?title=Feedback
           on: Spending money&body=**Issue with:
           /handbook/people/spending-money.md**
           '.
Result     Valid: filtered

URL        `https://github.com/PostHog/posthog.com/issues/new?title=Feedback on: Career progression&body=**Issue with: /handbook/people/career-progression.md**'
Parent URL https://posthog.com/handbook/people/career-progression, line 72, col 225188
Real URL   https://github.com/PostHog/posthog.com/issues/new?title=Feedback%20on:%20Career%20progression&body=%2A%2AIssue%20with:%20/handbook/people/career-progression.md%2A%2A
Info       The URL is outside of the domain filter, checked only
           syntax.
Warning    [url-whitespace] Leading or trailing whitespace in URL
           `https://github.com/PostHog/posthog.com/issues/new?title=Feedback
           on: Career progression&body=**Issue with:
           /handbook/people/career-progression.md**
           '.
Result     Valid: filtered

URL        `https://github.com/PostHog/posthog.com/issues/new?title=Feedback on: Training&body=**Issue with: /handbook/people/training.md**'
Parent URL https://posthog.com/handbook/people/training, line 72, col 223663
Real URL   https://github.com/PostHog/posthog.com/issues/new?title=Feedback%20on:%20Training&body=%2A%2AIssue%20with:%20/handbook/people/training.md%2A%2A
Info       The URL is outside of the domain filter, checked only
           syntax.
Warning    [url-whitespace] Leading or trailing whitespace in URL
           `https://github.com/PostHog/posthog.com/issues/new?title=Feedback
           on: Training&body=**Issue with:
           /handbook/people/training.md**
           '.
Result     Valid: filtered

URL        `https://github.com/PostHog/posthog.com/issues/new?title=Feedback on: Side gigs&body=**Issue with: /handbook/people/side-gigs.md**'
Parent URL https://posthog.com/handbook/people/side-gigs, line 72, col 222180
Real URL   https://github.com/PostHog/posthog.com/issues/new?title=Feedback%20on:%20Side%20gigs&body=%2A%2AIssue%20with:%20/handbook/people/side-gigs.md%2A%2A
Info       The URL is outside of the domain filter, checked only
           syntax.
Warning    [url-whitespace] Leading or trailing whitespace in URL
           `https://github.com/PostHog/posthog.com/issues/new?title=Feedback
           on: Side gigs&body=**Issue with:
           /handbook/people/side-gigs.md**
           '.
Result     Valid: filtered

URL        `https://github.com/PostHog/posthog.com/issues/new?title=Feedback on: Feedback&body=**Issue with: /handbook/people/feedback.md**'
Parent URL https://posthog.com/handbook/people/feedback, line 72, col 237283
Real URL   https://github.com/PostHog/posthog.com/issues/new?title=Feedback%20on:%20Feedback&body=%2A%2AIssue%20with:%20/handbook/people/feedback.md%2A%2A
Info       The URL is outside of the domain filter, checked only
           syntax.
Warning    [url-whitespace] Leading or trailing whitespace in URL
           `https://github.com/PostHog/posthog.com/issues/new?title=Feedback
           on: Feedback&body=**Issue with:
           /handbook/people/feedback.md**
           '.
Result     Valid: filtered

URL        `https://github.com/PostHog/posthog.com/issues/new?title=Feedback on: Onboarding&body=**Issue with: /handbook/people/onboarding.md**'
Parent URL https://posthog.com/handbook/people/onboarding, line 72, col 234800
Real URL   https://github.com/PostHog/posthog.com/issues/new?title=Feedback%20on:%20Onboarding&body=%2A%2AIssue%20with:%20/handbook/people/onboarding.md%2A%2A
Info       The URL is outside of the domain filter, checked only
           syntax.
Warning    [url-whitespace] Leading or trailing whitespace in URL
           `https://github.com/PostHog/posthog.com/issues/new?title=Feedback
           on: Onboarding&body=**Issue with:
           /handbook/people/onboarding.md**
           '.
Result     Valid: filtered

URL        `https://github.com/PostHog/posthog.com/issues/new?title=Feedback on: Offboarding&body=**Issue with: /handbook/people/offboarding.md**'
Parent URL https://posthog.com/handbook/people/offboarding, line 72, col 233535
Real URL   https://github.com/PostHog/posthog.com/issues/new?title=Feedback%20on:%20Offboarding&body=%2A%2AIssue%20with:%20/handbook/people/offboarding.md%2A%2A
Info       The URL is outside of the domain filter, checked only
           syntax.
Warning    [url-whitespace] Leading or trailing whitespace in URL
           `https://github.com/PostHog/posthog.com/issues/new?title=Feedback
           on: Offboarding&body=**Issue with:
           /handbook/people/offboarding.md**
           '.
Result     Valid: filtered

URL        `https://github.com/PostHog/posthog.com/issues/new?title=Feedback on: Product Manager ramp up plan&body=**Issue with: /handbook/people/ramp-up/product-manager.md**'
Parent URL https://posthog.com/handbook/people/ramp-up/product-manager, line 72, col 227383
Real URL   https://github.com/PostHog/posthog.com/issues/new?title=Feedback%20on:%20Product%20Manager%20ramp%20up%20plan&body=%2A%2AIssue%20with:%20/handbook/people/ramp-up/product-manager.md%2A%2A
Info       The URL is outside of the domain filter, checked only
           syntax.
Warning    [url-whitespace] Leading or trailing whitespace in URL
           `https://github.com/PostHog/posthog.com/issues/new?title=Feedback
           on: Product Manager ramp up plan&body=**Issue with:
           /handbook/people/ramp-up/product-manager.md**
           '.
Result     Valid: filtered

URL        `https://github.com/PostHog/posthog.com/issues/new?title=Feedback on: Merch store&body=**Issue with: /handbook/company/merch-store.md**'
Parent URL https://posthog.com/handbook/company/merch-store, line 72, col 236504
Real URL   https://github.com/PostHog/posthog.com/issues/new?title=Feedback%20on:%20Merch%20store&body=%2A%2AIssue%20with:%20/handbook/company/merch-store.md%2A%2A
Info       The URL is outside of the domain filter, checked only
           syntax.
Warning    [url-whitespace] Leading or trailing whitespace in URL
           `https://github.com/PostHog/posthog.com/issues/new?title=Feedback
           on: Merch store&body=**Issue with:
           /handbook/company/merch-store.md**
           '.
Result     Valid: filtered

URL        `/handbook/engineering/stack'
Name       `Tech stack'
Parent URL https://posthog.com/handbook, line 72, col 64769
Real URL   https://posthog.com/handbook/engineering/stack
Check time 4.068 seconds
Info       Redirected to
           `https://posthog.com/docs/contribute/stack'.
           Redirected to
           `https://posthog.com/handbook/engineering/stack'.
Result     Error: TooManyRedirects: Exceeded 10 redirects.

URL        `/handbook/engineering/project-structure'
Name       `Project structure'
Parent URL https://posthog.com/handbook, line 72, col 65258
Real URL   https://posthog.com/handbook/engineering/project-structure
Check time 3.859 seconds
Info       Redirected to
           `https://posthog.com/docs/contribute/project-structure'.
           Redirected to
           `https://posthog.com/handbook/engineering/project-structure'.
Result     Error: TooManyRedirects: Exceeded 10 redirects.

URL        `https://github.com/PostHog/posthog.com/issues/new?title=Feedback on: How we review PRs&body=**Issue with: /handbook/engineering/how-we-review.md**'
Parent URL https://posthog.com/handbook/engineering/how-we-review, line 72, col 225034
Real URL   https://github.com/PostHog/posthog.com/issues/new?title=Feedback%20on:%20How%20we%20review%20PRs&body=%2A%2AIssue%20with:%20/handbook/engineering/how-we-review.md%2A%2A
Info       The URL is outside of the domain filter, checked only
           syntax.
Warning    [url-whitespace] Leading or trailing whitespace in URL
           `https://github.com/PostHog/posthog.com/issues/new?title=Feedback
           on: How we review PRs&body=**Issue with:
           /handbook/engineering/how-we-review.md**
           '.
Result     Valid: filtered

URL        `https://github.com/PostHog/posthog.com/issues/new?title=Feedback on: Backend coding conventions&body=**Issue with: /handbook/engineering/conventions/backend-coding.md**'
Parent URL https://posthog.com/handbook/engineering/conventions/backend-coding, line 75, col 32268
Real URL   https://github.com/PostHog/posthog.com/issues/new?title=Feedback%20on:%20Backend%20coding%20conventions&body=%2A%2AIssue%20with:%20/handbook/engineering/conventions/backend-coding.md%2A%2A
Info       The URL is outside of the domain filter, checked only
           syntax.
Warning    [url-whitespace] Leading or trailing whitespace in URL
           `https://github.com/PostHog/posthog.com/issues/new?title=Feedback
           on: Backend coding conventions&body=**Issue with:
           /handbook/engineering/conventions/backend-coding.md**
           '.
Result     Valid: filtered

URL        `/handbook/engineering/conventions/frontend-coding'
Name       `Coding conventions'
Parent URL https://posthog.com/handbook, line 72, col 66678
Real URL   https://posthog.com/handbook/engineering/conventions/frontend-coding
Check time 3.914 seconds
Info       Redirected to
           `https://posthog.com/docs/contribute/coding-conventions'.
           Redirected to
           `https://posthog.com/handbook/engineering/conventions/frontend-coding'.
Result     Error: TooManyRedirects: Exceeded 10 redirects.

URL        `https://github.com/PostHog/posthog.com/issues/new?title=Feedback on: Feature ownership&body=**Issue with: /handbook/engineering/feature-ownership.md**'
Parent URL https://posthog.com/handbook/engineering/feature-ownership, line 72, col 231935
Real URL   https://github.com/PostHog/posthog.com/issues/new?title=Feedback%20on:%20Feature%20ownership&body=%2A%2AIssue%20with:%20/handbook/engineering/feature-ownership.md%2A%2A
Info       The URL is outside of the domain filter, checked only
           syntax.
Warning    [url-whitespace] Leading or trailing whitespace in URL
           `https://github.com/PostHog/posthog.com/issues/new?title=Feedback
           on: Feature ownership&body=**Issue with:
           /handbook/engineering/feature-ownership.md**
           '.
Result     Valid: filtered

URL        `https://github.com/PostHog/posthog.com/issues/new?title=Feedback on: Support hero&body=**Issue with: /handbook/engineering/support-hero.md**'
Parent URL https://posthog.com/handbook/engineering/support-hero, line 72, col 262963
Real URL   https://github.com/PostHog/posthog.com/issues/new?title=Feedback%20on:%20Support%20hero&body=%2A%2AIssue%20with:%20/handbook/engineering/support-hero.md%2A%2A
Info       The URL is outside of the domain filter, checked only
           syntax.
Warning    [url-whitespace] Leading or trailing whitespace in URL
           `https://github.com/PostHog/posthog.com/issues/new?title=Feedback
           on: Support hero&body=**Issue with:
           /handbook/engineering/support-hero.md**
           '.
Result     Valid: filtered

URL        `https://github.com/PostHog/posthog.com/issues/new?title=Feedback on: Product Design, for Engineers&body=**Issue with: /handbook/engineering/product-design.md**'
Parent URL https://posthog.com/handbook/engineering/product-design, line 72, col 231328
Real URL   https://github.com/PostHog/posthog.com/issues/new?title=Feedback%20on:%20Product%20Design,%20for%20Engineers&body=%2A%2AIssue%20with:%20/handbook/engineering/product-design.md%2A%2A
Info       The URL is outside of the domain filter, checked only
           syntax.
Warning    [url-whitespace] Leading or trailing whitespace in URL
           `https://github.com/PostHog/posthog.com/issues/new?title=Feedback
           on: Product Design, for Engineers&body=**Issue with:
           /handbook/engineering/product-design.md**
           '.
Result     Valid: filtered

URL        `https://github.com/PostHog/posthog.com/issues/new?title=Feedback on: Releasing a new version&body=**Issue with: /handbook/engineering/release-new-version.md**'
Parent URL https://posthog.com/handbook/engineering/release-new-version, line 72, col 266639
Real URL   https://github.com/PostHog/posthog.com/issues/new?title=Feedback%20on:%20Releasing%20a%20new%20version&body=%2A%2AIssue%20with:%20/handbook/engineering/release-new-version.md%2A%2A
Info       The URL is outside of the domain filter, checked only
           syntax.
Warning    [url-whitespace] Leading or trailing whitespace in URL
           `https://github.com/PostHog/posthog.com/issues/new?title=Feedback
           on: Releasing a new version&body=**Issue with:
           /handbook/engineering/release-new-version.md**
           '.
Result     Valid: filtered

URL        `https://github.com/PostHog/posthog.com/issues/new?title=Feedback on: Handling an incident&body=**Issue with: /handbook/engineering/incidents.md**'
Parent URL https://posthog.com/handbook/engineering/incidents, line 72, col 228450
Real URL   https://github.com/PostHog/posthog.com/issues/new?title=Feedback%20on:%20Handling%20an%20incident&body=%2A%2AIssue%20with:%20/handbook/engineering/incidents.md%2A%2A
Info       The URL is outside of the domain filter, checked only
           syntax.
Warning    [url-whitespace] Leading or trailing whitespace in URL
           `https://github.com/PostHog/posthog.com/issues/new?title=Feedback
           on: Handling an incident&body=**Issue with:
           /handbook/engineering/incidents.md**
           '.
Result     Valid: filtered

URL        `https://github.com/PostHog/posthog.com/issues/new?title=Feedback on: Bug prioritization&body=**Issue with: /handbook/engineering/bug-prioritization.md**'
Parent URL https://posthog.com/handbook/engineering/bug-prioritization, line 72, col 223719
Real URL   https://github.com/PostHog/posthog.com/issues/new?title=Feedback%20on:%20Bug%20prioritization&body=%2A%2AIssue%20with:%20/handbook/engineering/bug-prioritization.md%2A%2A
Info       The URL is outside of the domain filter, checked only
           syntax.
Warning    [url-whitespace] Leading or trailing whitespace in URL
           `https://github.com/PostHog/posthog.com/issues/new?title=Feedback
           on: Bug prioritization&body=**Issue with:
           /handbook/engineering/bug-prioritization.md**
           '.
Result     Valid: filtered

              URL        `/handbook/engineering/databases/event-ingestion'
              Name       `Working with data'
              Parent URL https://posthog.com/handbook, line 72, col 73479
              Real URL   https://posthog.com/handbook/engineering/event-ingestion
              Check time 2.300 seconds
              Info       Redirected to
                         `https://posthog.com/handbook/engineering/event-ingestion'.
              Result     Error: 404 Not Found

              URL        `/handbook/engineering/databases/schema-changes'
              Name       `Making schema changes safely'
              Parent URL https://posthog.com/handbook, line 72, col 74961
              Real URL   https://posthog.com/handbook/engineering/schema-changes
              Check time 2.453 seconds
              Info       Redirected to
                         `https://posthog.com/handbook/engineering/schema-changes'.
              Result     Error: 404 Not Found

              URL        `/handbook/engineering/databases/query-performance-optimization'
              Name       `How to optimize queries'
              Parent URL https://posthog.com/handbook, line 72, col 75487
              Real URL   https://posthog.com/handbook/engineering/query-performance-optimization
              Check time 2.195 seconds
              Info       Redirected to
                         `https://posthog.com/handbook/engineering/query-performance-optimization'.
              Result     Error: 404 Not Found

              URL        `/handbook/engineering/databases/async-migrations'
              Name       `How to write an async migration'
              Parent URL https://posthog.com/handbook, line 72, col 76024
              Real URL   https://posthog.com/handbook/engineering/async-migrations
              Check time 2.559 seconds
              Info       Redirected to
                         `https://posthog.com/handbook/engineering/async-migrations'.
              Result     Error: 404 Not Found

URL        `https://github.com/PostHog/posthog.com/issues/new?title=Feedback on: How to run migrations on PostHog Cloud&body=**Issue with: /handbook/engineering/databases/clickhouse-event-table-migrations.md**'
Parent URL https://posthog.com/handbook/engineering/databases/clickhouse-event-table-migrations, line 86, col 23266
Real URL   https://github.com/PostHog/posthog.com/issues/new?title=Feedback%20on:%20How%20to%20run%20migrations%20on%20PostHog%20Cloud&body=%2A%2AIssue%20with:%20/handbook/engineering/databases/clickhouse-event-table-migrations.md%2A%2A
Info       The URL is outside of the domain filter, checked only
           syntax.
Warning    [url-whitespace] Leading or trailing whitespace in URL
           `https://github.com/PostHog/posthog.com/issues/new?title=Feedback
           on: How to run migrations on PostHog
           Cloud&body=**Issue with:
           /handbook/engineering/databases/clickhouse-event-table-migrations.md**
           '.
Result     Valid: filtered

URL        `https://github.com/PostHog/posthog.com/issues/new?title=Feedback on: Working with ClickHouse materialized columns&body=**Issue with: /handbook/engineering/databases/materialized-columns.md**'
Parent URL https://posthog.com/handbook/engineering/databases/materialized-columns, line 79, col 19657
Real URL   https://github.com/PostHog/posthog.com/issues/new?title=Feedback%20on:%20Working%20with%20ClickHouse%20materialized%20columns&body=%2A%2AIssue%20with:%20/handbook/engineering/databases/materialized-columns.md%2A%2A
Info       The URL is outside of the domain filter, checked only
           syntax.
Warning    [url-whitespace] Leading or trailing whitespace in URL
           `https://github.com/PostHog/posthog.com/issues/new?title=Feedback
           on: Working with ClickHouse materialized
           columns&body=**Issue with:
           /handbook/engineering/databases/materialized-columns.md**
           '.
Result     Valid: filtered

URL        `https://github.com/PostHog/posthog.com/issues/new?title=Feedback on: Deployments support&body=**Issue with: /handbook/engineering/deployments-support.mdx**'
Parent URL https://posthog.com/handbook/engineering/deployments-support, line 73, col 33730
Real URL   https://github.com/PostHog/posthog.com/issues/new?title=Feedback%20on:%20Deployments%20support&body=%2A%2AIssue%20with:%20/handbook/engineering/deployments-support.mdx%2A%2A
Info       The URL is outside of the domain filter, checked only
           syntax.
Warning    [url-whitespace] Leading or trailing whitespace in URL
           `https://github.com/PostHog/posthog.com/issues/new?title=Feedback
           on: Deployments support&body=**Issue with:
           /handbook/engineering/deployments-support.mdx**
           '.
Result     Valid: filtered

URL        `https://github.com/PostHog/posthog.com/issues/new?title=Feedback on: Breaking glass to debug PostHog Cloud&body=**Issue with: /handbook/engineering/production-access.md**'
Parent URL https://posthog.com/handbook/engineering/production-access, line 78, col 27387
Real URL   https://github.com/PostHog/posthog.com/issues/new?title=Feedback%20on:%20Breaking%20glass%20to%20debug%20PostHog%20Cloud&body=%2A%2AIssue%20with:%20/handbook/engineering/production-access.md%2A%2A
Info       The URL is outside of the domain filter, checked only
           syntax.
Warning    [url-whitespace] Leading or trailing whitespace in URL
           `https://github.com/PostHog/posthog.com/issues/new?title=Feedback
           on: Breaking glass to debug PostHog Cloud&body=**Issue
           with: /handbook/engineering/production-access.md**
           '.
Result     Valid: filtered

URL        `/handbook/engineering/cloud-providers'
Name       `Working with cloud providers'
Parent URL https://posthog.com/handbook, line 72, col 79524
Real URL   https://posthog.com/handbook/engineering/cloud-providers
Check time 3.508 seconds
Info       Redirected to
           `https://posthog.com/handbook/engineering/aws'.
           Redirected to
           `https://posthog.com/handbook/engineering/cloud-providers'.
Result     Error: TooManyRedirects: Exceeded 10 redirects.

URL        `/handbook/engineering/posthog-com/developing-the-website'
Name       `PostHog.com'
Parent URL https://posthog.com/handbook, line 72, col 80977
Real URL   https://posthog.com/handbook/engineering/posthog-com/developing-the-website
Check time 3.665 seconds
Info       Redirected to
           `https://posthog.com/docs/contribute/contribute-to-website'.
           Redirected to
           `https://posthog.com/handbook/engineering/posthog-com/developing-the-website'.
Result     Error: TooManyRedirects: Exceeded 10 redirects.

URL        `/handbook/engineering/posthog-com/mdx-setup'
Name       `MDX setup'
Parent URL https://posthog.com/handbook, line 72, col 82468
Real URL   https://posthog.com/handbook/engineering/posthog-com/mdx-setup
Check time 3.833 seconds
Info       Redirected to
           `https://posthog.com/handbook/engineering/mdx'.
           Redirected to
           `https://posthog.com/handbook/engineering/posthog-com/mdx-setup'.
Result     Error: TooManyRedirects: Exceeded 10 redirects.

URL        `https://github.com/PostHog/posthog.com/issues/new?title=Feedback on: Markdown&body=**Issue with: /handbook/engineering/posthog-com/markdown.mdx**'
Parent URL https://posthog.com/handbook/engineering/posthog-com/markdown, line 75, col 32009
Real URL   https://github.com/PostHog/posthog.com/issues/new?title=Feedback%20on:%20Markdown&body=%2A%2AIssue%20with:%20/handbook/engineering/posthog-com/markdown.mdx%2A%2A
Info       The URL is outside of the domain filter, checked only
           syntax.
Warning    [url-whitespace] Leading or trailing whitespace in URL
           `https://github.com/PostHog/posthog.com/issues/new?title=Feedback
           on: Markdown&body=**Issue with:
           /handbook/engineering/posthog-com/markdown.mdx**
           '.
Result     Valid: filtered

URL        `https://github.com/PostHog/posthog.com/issues/new?title=Feedback on: Jobs&body=**Issue with: /handbook/engineering/posthog-com/jobs.mdx**'
Parent URL https://posthog.com/handbook/engineering/posthog-com/jobs, line 72, col 242907
Real URL   https://github.com/PostHog/posthog.com/issues/new?title=Feedback%20on:%20Jobs&body=%2A%2AIssue%20with:%20/handbook/engineering/posthog-com/jobs.mdx%2A%2A
Info       The URL is outside of the domain filter, checked only
           syntax.
Warning    [url-whitespace] Leading or trailing whitespace in URL
           `https://github.com/PostHog/posthog.com/issues/new?title=Feedback
           on: Jobs&body=**Issue with:
           /handbook/engineering/posthog-com/jobs.mdx**
           '.
Result     Valid: filtered

URL        `https://github.com/PostHog/posthog.com/issues/new?title=Feedback on: Shipping things, step by step&body=**Issue with: /handbook/engineering/development-process.md**'
Parent URL https://posthog.com/handbook/engineering/development-process, line 73, col 48270
Real URL   https://github.com/PostHog/posthog.com/issues/new?title=Feedback%20on:%20Shipping%20things,%20step%20by%20step&body=%2A%2AIssue%20with:%20/handbook/engineering/development-process.md%2A%2A
Info       The URL is outside of the domain filter, checked only
           syntax.
Warning    [url-whitespace] Leading or trailing whitespace in URL
           `https://github.com/PostHog/posthog.com/issues/new?title=Feedback
           on: Shipping things, step by step&body=**Issue with:
           /handbook/engineering/development-process.md**
           '.
Result     Valid: filtered

URL        `https://github.com/PostHog/posthog.com/issues/new?title=Feedback on: Feature flags specification&body=**Issue with: /handbook/engineering/feature-flags-spec.md**'
Parent URL https://posthog.com/handbook/engineering/feature-flags-spec, line 78, col 16480
Real URL   https://github.com/PostHog/posthog.com/issues/new?title=Feedback%20on:%20Feature%20flags%20specification&body=%2A%2AIssue%20with:%20/handbook/engineering/feature-flags-spec.md%2A%2A
Info       The URL is outside of the domain filter, checked only
           syntax.
Warning    [url-whitespace] Leading or trailing whitespace in URL
           `https://github.com/PostHog/posthog.com/issues/new?title=Feedback
           on: Feature flags specification&body=**Issue with:
           /handbook/engineering/feature-flags-spec.md**
           '.
Result     Valid: filtered

URL        `https://github.com/PostHog/posthog.com/issues/new?title=Feedback on: Setting up SSL locally&body=**Issue with: /handbook/engineering/setup-ssl-locally.md**'
Parent URL https://posthog.com/handbook/engineering/setup-ssl-locally, line 77, col 42871
Real URL   https://github.com/PostHog/posthog.com/issues/new?title=Feedback%20on:%20Setting%20up%20SSL%20locally&body=%2A%2AIssue%20with:%20/handbook/engineering/setup-ssl-locally.md%2A%2A
Info       The URL is outside of the domain filter, checked only
           syntax.
Warning    [url-whitespace] Leading or trailing whitespace in URL
           `https://github.com/PostHog/posthog.com/issues/new?title=Feedback
           on: Setting up SSL locally&body=**Issue with:
           /handbook/engineering/setup-ssl-locally.md**
           '.
Result     Valid: filtered

URL        `https://github.com/PostHog/posthog.com/issues/new?title=Feedback on: Tech talks&body=**Issue with: /handbook/engineering/tech-talks.md**'
Parent URL https://posthog.com/handbook/engineering/tech-talks, line 72, col 217395
Real URL   https://github.com/PostHog/posthog.com/issues/new?title=Feedback%20on:%20Tech%20talks&body=%2A%2AIssue%20with:%20/handbook/engineering/tech-talks.md%2A%2A
Info       The URL is outside of the domain filter, checked only
           syntax.
Warning    [url-whitespace] Leading or trailing whitespace in URL
           `https://github.com/PostHog/posthog.com/issues/new?title=Feedback
           on: Tech talks&body=**Issue with:
           /handbook/engineering/tech-talks.md**
           '.
Result     Valid: filtered

URL        `https://github.com/PostHog/posthog.com/issues/new?title=Feedback on: User feedback&body=**Issue with: /handbook/product/user-feedback.md**'
Parent URL https://posthog.com/handbook/product/user-feedback, line 72, col 233444
Real URL   https://github.com/PostHog/posthog.com/issues/new?title=Feedback%20on:%20User%20feedback&body=%2A%2AIssue%20with:%20/handbook/product/user-feedback.md%2A%2A
Info       The URL is outside of the domain filter, checked only
           syntax.
Warning    [url-whitespace] Leading or trailing whitespace in URL
           `https://github.com/PostHog/posthog.com/issues/new?title=Feedback
           on: User feedback&body=**Issue with:
           /handbook/product/user-feedback.md**
           '.
Result     Valid: filtered

URL        `https://github.com/PostHog/posthog.com/issues/new?title=Feedback on: Paid features&body=**Issue with: /handbook/product/paid-features.md**'
Parent URL https://posthog.com/handbook/product/paid-features, line 72, col 223949
Real URL   https://github.com/PostHog/posthog.com/issues/new?title=Feedback%20on:%20Paid%20features&body=%2A%2AIssue%20with:%20/handbook/product/paid-features.md%2A%2A
Info       The URL is outside of the domain filter, checked only
           syntax.
Warning    [url-whitespace] Leading or trailing whitespace in URL
           `https://github.com/PostHog/posthog.com/issues/new?title=Feedback
           on: Paid features&body=**Issue with:
           /handbook/product/paid-features.md**
           '.
Result     Valid: filtered

URL        `https://github.com/PostHog/posthog.com/issues/new?title=Feedback on: Product design process&body=**Issue with: /handbook/design/process.md**'
Parent URL https://posthog.com/handbook/design/process, line 72, col 219412
Real URL   https://github.com/PostHog/posthog.com/issues/new?title=Feedback%20on:%20Product%20design%20process&body=%2A%2AIssue%20with:%20/handbook/design/process.md%2A%2A
Info       The URL is outside of the domain filter, checked only
           syntax.
Warning    [url-whitespace] Leading or trailing whitespace in URL
           `https://github.com/PostHog/posthog.com/issues/new?title=Feedback
           on: Product design process&body=**Issue with:
           /handbook/design/process.md**
           '.
Result     Valid: filtered

URL        `https://github.com/PostHog/posthog.com/issues/new?title=Feedback on: Designing posthog.com&body=**Issue with: /handbook/design/designing-posthog-website.md**'
Parent URL https://posthog.com/handbook/design/designing-posthog-website, line 72, col 219851
Real URL   https://github.com/PostHog/posthog.com/issues/new?title=Feedback%20on:%20Designing%20posthog.com&body=%2A%2AIssue%20with:%20/handbook/design/designing-posthog-website.md%2A%2A
Info       The URL is outside of the domain filter, checked only
           syntax.
Warning    [url-whitespace] Leading or trailing whitespace in URL
           `https://github.com/PostHog/posthog.com/issues/new?title=Feedback
           on: Designing posthog.com&body=**Issue with:
           /handbook/design/designing-posthog-website.md**
           '.
Result     Valid: filtered

URL        `https://github.com/PostHog/posthog.com/issues/new?title=Feedback on: Personas&body=**Issue with: /handbook/growth/marketing/customer-personas.md**'
Parent URL https://posthog.com/handbook/growth/marketing/customer-personas, line 72, col 241749
Real URL   https://github.com/PostHog/posthog.com/issues/new?title=Feedback%20on:%20Personas&body=%2A%2AIssue%20with:%20/handbook/growth/marketing/customer-personas.md%2A%2A
Info       The URL is outside of the domain filter, checked only
           syntax.
Warning    [url-whitespace] Leading or trailing whitespace in URL
           `https://github.com/PostHog/posthog.com/issues/new?title=Feedback
           on: Personas&body=**Issue with:
           /handbook/growth/marketing/customer-personas.md**
           '.
Result     Valid: filtered

URL        `https://github.com/PostHog/posthog.com/issues/new?title=Feedback on: Testimonials&body=**Issue with: /handbook/growth/marketing/testimonials.md**'
Parent URL https://posthog.com/handbook/growth/marketing/testimonials, line 72, col 235495
Real URL   https://github.com/PostHog/posthog.com/issues/new?title=Feedback%20on:%20Testimonials&body=%2A%2AIssue%20with:%20/handbook/growth/marketing/testimonials.md%2A%2A
Info       The URL is outside of the domain filter, checked only
           syntax.
Warning    [url-whitespace] Leading or trailing whitespace in URL
           `https://github.com/PostHog/posthog.com/issues/new?title=Feedback
           on: Testimonials&body=**Issue with:
           /handbook/growth/marketing/testimonials.md**
           '.
Result     Valid: filtered

URL        `https://github.com/PostHog/posthog.com/issues/new?title=Feedback on: Value propositions&body=**Issue with: /handbook/growth/marketing/value-propositions.md**'
Parent URL https://posthog.com/handbook/growth/marketing/value-propositions, line 72, col 224469
Real URL   https://github.com/PostHog/posthog.com/issues/new?title=Feedback%20on:%20Value%20propositions&body=%2A%2AIssue%20with:%20/handbook/growth/marketing/value-propositions.md%2A%2A
Info       The URL is outside of the domain filter, checked only
           syntax.
Warning    [url-whitespace] Leading or trailing whitespace in URL
           `https://github.com/PostHog/posthog.com/issues/new?title=Feedback
           on: Value propositions&body=**Issue with:
           /handbook/growth/marketing/value-propositions.md**
           '.
Result     Valid: filtered

URL        `https://github.com/PostHog/posthog.com/issues/new?title=Feedback on: Content&body=**Issue with: /handbook/growth/marketing/blog.md**'
Parent URL https://posthog.com/handbook/growth/marketing/blog, line 72, col 246610
Real URL   https://github.com/PostHog/posthog.com/issues/new?title=Feedback%20on:%20Content&body=%2A%2AIssue%20with:%20/handbook/growth/marketing/blog.md%2A%2A
Info       The URL is outside of the domain filter, checked only
           syntax.
Warning    [url-whitespace] Leading or trailing whitespace in URL
           `https://github.com/PostHog/posthog.com/issues/new?title=Feedback
           on: Content&body=**Issue with:
           /handbook/growth/marketing/blog.md**
           '.
Result     Valid: filtered

URL        `https://github.com/PostHog/posthog.com/issues/new?title=Feedback on: Sponsorship&body=**Issue with: /handbook/growth/marketing/open-source-sponsorship.mdx**'
Parent URL https://posthog.com/handbook/growth/marketing/open-source-sponsorship, line 72, col 232619
Real URL   https://github.com/PostHog/posthog.com/issues/new?title=Feedback%20on:%20Sponsorship&body=%2A%2AIssue%20with:%20/handbook/growth/marketing/open-source-sponsorship.mdx%2A%2A
Info       The URL is outside of the domain filter, checked only
           syntax.
Warning    [url-whitespace] Leading or trailing whitespace in URL
           `https://github.com/PostHog/posthog.com/issues/new?title=Feedback
           on: Sponsorship&body=**Issue with:
           /handbook/growth/marketing/open-source-sponsorship.mdx**
           '.
Result     Valid: filtered

URL        `https://github.com/PostHog/posthog.com/issues/new?title=Feedback on: Paid & SEO&body=**Issue with: /handbook/growth/marketing/paid.md**'
Parent URL https://posthog.com/handbook/growth/marketing/paid, line 72, col 224313
Real URL   https://github.com/PostHog/posthog.com/issues/new?title=Feedback%20on:%20Paid%20&%20SEO&body=%2A%2AIssue%20with:%20/handbook/growth/marketing/paid.md%2A%2A
Info       The URL is outside of the domain filter, checked only
           syntax.
Warning    [url-whitespace] Leading or trailing whitespace in URL
           `https://github.com/PostHog/posthog.com/issues/new?title=Feedback
           on: Paid & SEO&body=**Issue with:
           /handbook/growth/marketing/paid.md**
           '.
Result     Valid: filtered

URL        `https://github.com/PostHog/posthog.com/issues/new?title=Feedback on: Email&body=**Issue with: /handbook/growth/marketing/newsletter.md**'
Parent URL https://posthog.com/handbook/growth/marketing/newsletter, line 72, col 230531
Real URL   https://github.com/PostHog/posthog.com/issues/new?title=Feedback%20on:%20Email&body=%2A%2AIssue%20with:%20/handbook/growth/marketing/newsletter.md%2A%2A
Info       The URL is outside of the domain filter, checked only
           syntax.
Warning    [url-whitespace] Leading or trailing whitespace in URL
           `https://github.com/PostHog/posthog.com/issues/new?title=Feedback
           on: Email&body=**Issue with:
           /handbook/growth/marketing/newsletter.md**
           '.
Result     Valid: filtered

URL        `https://github.com/PostHog/posthog.com/issues/new?title=Feedback on: Press&body=**Issue with: /handbook/growth/marketing/press.md**'
Parent URL https://posthog.com/handbook/growth/marketing/press, line 80, col 25146
Real URL   https://github.com/PostHog/posthog.com/issues/new?title=Feedback%20on:%20Press&body=%2A%2AIssue%20with:%20/handbook/growth/marketing/press.md%2A%2A
Info       The URL is outside of the domain filter, checked only
           syntax.
Warning    [url-whitespace] Leading or trailing whitespace in URL
           `https://github.com/PostHog/posthog.com/issues/new?title=Feedback
           on: Press&body=**Issue with:
           /handbook/growth/marketing/press.md**
           '.
Result     Valid: filtered

URL        `https://github.com/PostHog/posthog.com/issues/new?title=Feedback on: Customer support&body=**Issue with: /handbook/growth/customer-support.md**'
Parent URL https://posthog.com/handbook/growth/customer-support, line 72, col 229543
Real URL   https://github.com/PostHog/posthog.com/issues/new?title=Feedback%20on:%20Customer%20support&body=%2A%2AIssue%20with:%20/handbook/growth/customer-support.md%2A%2A
Info       The URL is outside of the domain filter, checked only
           syntax.
Warning    [url-whitespace] Leading or trailing whitespace in URL
           `https://github.com/PostHog/posthog.com/issues/new?title=Feedback
           on: Customer support&body=**Issue with:
           /handbook/growth/customer-support.md**
           '.
Result     Valid: filtered

URL        `https://github.com/PostHog/posthog.com/issues/new?title=Feedback on: Sales overview&body=**Issue with: /handbook/growth/sales/overview.md**'
Parent URL https://posthog.com/handbook/growth/sales/overview, line 72, col 222895
Real URL   https://github.com/PostHog/posthog.com/issues/new?title=Feedback%20on:%20Sales%20overview&body=%2A%2AIssue%20with:%20/handbook/growth/sales/overview.md%2A%2A
Info       The URL is outside of the domain filter, checked only
           syntax.
Warning    [url-whitespace] Leading or trailing whitespace in URL
           `https://github.com/PostHog/posthog.com/issues/new?title=Feedback
           on: Sales overview&body=**Issue with:
           /handbook/growth/sales/overview.md**
           '.
Result     Valid: filtered

URL        `https://github.com/PostHog/posthog.com/issues/new?title=Feedback on: Sales operations&body=**Issue with: /handbook/growth/sales/sales-operations.md**'
Parent URL https://posthog.com/handbook/growth/sales/sales-operations, line 75, col 36618
Real URL   https://github.com/PostHog/posthog.com/issues/new?title=Feedback%20on:%20Sales%20operations&body=%2A%2AIssue%20with:%20/handbook/growth/sales/sales-operations.md%2A%2A
Info       The URL is outside of the domain filter, checked only
           syntax.
Warning    [url-whitespace] Leading or trailing whitespace in URL
           `https://github.com/PostHog/posthog.com/issues/new?title=Feedback
           on: Sales operations&body=**Issue with:
           /handbook/growth/sales/sales-operations.md**
           '.
Result     Valid: filtered

URL        `https://github.com/PostHog/posthog.com/issues/new?title=Feedback on: Managing our CRM&body=**Issue with: /handbook/growth/sales/crm.md**'
Parent URL https://posthog.com/handbook/growth/sales/crm, line 81, col 33609
Real URL   https://github.com/PostHog/posthog.com/issues/new?title=Feedback%20on:%20Managing%20our%20CRM&body=%2A%2AIssue%20with:%20/handbook/growth/sales/crm.md%2A%2A
Info       The URL is outside of the domain filter, checked only
           syntax.
Warning    [url-whitespace] Leading or trailing whitespace in URL
           `https://github.com/PostHog/posthog.com/issues/new?title=Feedback
           on: Managing our CRM&body=**Issue with:
           /handbook/growth/sales/crm.md**
           '.
Result     Valid: filtered

URL        `https://github.com/PostHog/posthog.com/issues/new?title=Feedback on: YC onboarding&body=**Issue with: /handbook/growth/sales/yc-onboarding.md**'
Parent URL https://posthog.com/handbook/growth/sales/yc-onboarding, line 72, col 238686
Real URL   https://github.com/PostHog/posthog.com/issues/new?title=Feedback%20on:%20YC%20onboarding&body=%2A%2AIssue%20with:%20/handbook/growth/sales/yc-onboarding.md%2A%2A
Info       The URL is outside of the domain filter, checked only
           syntax.
Warning    [url-whitespace] Leading or trailing whitespace in URL
           `https://github.com/PostHog/posthog.com/issues/new?title=Feedback
           on: YC onboarding&body=**Issue with:
           /handbook/growth/sales/yc-onboarding.md**
           '.
Result     Valid: filtered

URL        `https://github.com/PostHog/posthog.com/issues/new?title=Feedback on: Billing&body=**Issue with: /handbook/growth/sales/billing.md**'
Parent URL https://posthog.com/handbook/growth/sales/billing, line 73, col 35877
Real URL   https://github.com/PostHog/posthog.com/issues/new?title=Feedback%20on:%20Billing&body=%2A%2AIssue%20with:%20/handbook/growth/sales/billing.md%2A%2A
Info       The URL is outside of the domain filter, checked only
           syntax.
Warning    [url-whitespace] Leading or trailing whitespace in URL
           `https://github.com/PostHog/posthog.com/issues/new?title=Feedback
           on: Billing&body=**Issue with:
           /handbook/growth/sales/billing.md**
           '.
Result     Valid: filtered

URL        `mailto:test+one@posthog.com.'
Name       `test+one@posthog.com.'
Parent URL https://posthog.com/handbook/growth/sales/billing, line 72, col 203960
Real URL   mailto:test+one@posthog.com.
Info       The URL is outside of the domain filter, checked only
           syntax.
Result     Error: Invalid top level domain part of mail address `test+one@posthog.com.'.

URL        `https://github.com/PostHog/posthog.com/issues/new?title=Feedback on: Demos&body=**Issue with: /handbook/growth/sales/demos.md**'
Parent URL https://posthog.com/handbook/growth/sales/demos, line 72, col 227382
Real URL   https://github.com/PostHog/posthog.com/issues/new?title=Feedback%20on:%20Demos&body=%2A%2AIssue%20with:%20/handbook/growth/sales/demos.md%2A%2A
Info       The URL is outside of the domain filter, checked only
           syntax.
Warning    [url-whitespace] Leading or trailing whitespace in URL
           `https://github.com/PostHog/posthog.com/issues/new?title=Feedback
           on: Demos&body=**Issue with:
           /handbook/growth/sales/demos.md**
           '.
Result     Valid: filtered

URL        `https://github.com/PostHog/posthog.com/issues/new?title=Feedback on: Who we do business with&body=**Issue with: /handbook/growth/sales/who-we-do-business-with.md**'
Parent URL https://posthog.com/handbook/growth/sales/who-we-do-business-with, line 72, col 216327
Real URL   https://github.com/PostHog/posthog.com/issues/new?title=Feedback%20on:%20Who%20we%20do%20business%20with&body=%2A%2AIssue%20with:%20/handbook/growth/sales/who-we-do-business-with.md%2A%2A
Info       The URL is outside of the domain filter, checked only
           syntax.
Warning    [url-whitespace] Leading or trailing whitespace in URL
           `https://github.com/PostHog/posthog.com/issues/new?title=Feedback
           on: Who we do business with&body=**Issue with:
           /handbook/growth/sales/who-we-do-business-with.md**
           '.
Result     Valid: filtered

URL        `https://github.com/PostHog/posthog.com/issues/new?title=Feedback on: Growth sessions&body=**Issue with: /handbook/growth/growth-engineering/growth-sessions.md**'
Parent URL https://posthog.com/handbook/growth/growth-engineering/growth-sessions, line 81, col 21197
Real URL   https://github.com/PostHog/posthog.com/issues/new?title=Feedback%20on:%20Growth%20sessions&body=%2A%2AIssue%20with:%20/handbook/growth/growth-engineering/growth-sessions.md%2A%2A
Info       The URL is outside of the domain filter, checked only
           syntax.
Warning    [url-whitespace] Leading or trailing whitespace in URL
           `https://github.com/PostHog/posthog.com/issues/new?title=Feedback
           on: Growth sessions&body=**Issue with:
           /handbook/growth/growth-engineering/growth-sessions.md**
           '.
Result     Valid: filtered

URL        `https://github.com/PostHog/posthog.com/issues/new?title=Feedback on: How we raised $3M for an open source project&body=**Issue with: /blog/raising-3m-for-os.md**'
Parent URL https://posthog.com/blog/raising-3m-for-os, line 72, col 112733
Real URL   https://github.com/PostHog/posthog.com/issues/new?title=Feedback%20on:%20How%20we%20raised%20%243M%20for%20an%20open%20source%20project&body=%2A%2AIssue%20with:%20/blog/raising-3m-for-os.md%2A%2A
Info       The URL is outside of the domain filter, checked only
           syntax.
Warning    [url-whitespace] Leading or trailing whitespace in URL
           `https://github.com/PostHog/posthog.com/issues/new?title=Feedback
           on: How we raised $3M for an open source
           project&body=**Issue with:
           /blog/raising-3m-for-os.md**
           '.
Result     Valid: filtered

URL        `https://github.com/PostHog/posthog.com/issues/new?title=Feedback on: Array 1.15.0&body=**Issue with: /blog/the-posthog-array-1-15-0.md**'
Parent URL https://posthog.com/blog/the-posthog-array-1-15-0#clickhouse-, line 73, col 71424
Real URL   https://github.com/PostHog/posthog.com/issues/new?title=Feedback%20on:%20Array%201.15.0&body=%2A%2AIssue%20with:%20/blog/the-posthog-array-1-15-0.md%2A%2A
Info       The URL is outside of the domain filter, checked only
           syntax.
Warning    [url-whitespace] Leading or trailing whitespace in URL
           `https://github.com/PostHog/posthog.com/issues/new?title=Feedback
           on: Array 1.15.0&body=**Issue with:
           /blog/the-posthog-array-1-15-0.md**
           '.
Result     Valid: filtered

URL        `https://github.com/PostHog/posthog.com/issues/new?title=Feedback on: PostHog raises $12 million in funding led by GV and Y Combinator&body=**Issue with: /blog/posthog-announces-9-million-dollar-series-A.md**'
Parent URL https://posthog.com/blog/posthog-announces-9-million-dollar-series-A, line 73, col 11841
Real URL   https://github.com/PostHog/posthog.com/issues/new?title=Feedback%20on:%20PostHog%20raises%20%2412%20million%20in%20funding%20led%20by%20GV%20and%20Y%20Combinator&body=%2A%2AIssue%20with:%20/blog/posthog-announces-9-million-dollar-series-A.md%2A%2A
Info       The URL is outside of the domain filter, checked only
           syntax.
Warning    [url-whitespace] Leading or trailing whitespace in URL
           `https://github.com/PostHog/posthog.com/issues/new?title=Feedback
           on: PostHog raises $12 million in funding led by GV
           and Y Combinator&body=**Issue with:
           /blog/posthog-announces-9-million-dollar-series-A.md**
           '.
Result     Valid: filtered

URL        `https://github.com/PostHog/posthog.com/issues/new?title=Feedback on: Why we raised a $15m Series B ahead of schedule&body=**Issue with: /blog/why-we-raised-a-15m-series-b-ahead-of-schedule.md**'
Parent URL https://posthog.com/blog/why-we-raised-a-15m-series-b-ahead-of-schedule, line 72, col 45830
Real URL   https://github.com/PostHog/posthog.com/issues/new?title=Feedback%20on:%20Why%20we%20raised%20a%20%2415m%20Series%20B%20ahead%20of%20schedule&body=%2A%2AIssue%20with:%20/blog/why-we-raised-a-15m-series-b-ahead-of-schedule.md%2A%2A
Info       The URL is outside of the domain filter, checked only
           syntax.
Warning    [url-whitespace] Leading or trailing whitespace in URL
           `https://github.com/PostHog/posthog.com/issues/new?title=Feedback
           on: Why we raised a $15m Series B ahead of
           schedule&body=**Issue with:
           /blog/why-we-raised-a-15m-series-b-ahead-of-schedule.md**
           '.
Result     Valid: filtered

URL        `https://github.com/PostHog/posthog.com/issues/new?title=Feedback on: How to turn your engineers into product people&body=**Issue with: /blog/turning-engineers-into-product-people.md**'
Parent URL https://posthog.com/blog/turning-engineers-into-product-people, line 72, col 55840
Real URL   https://github.com/PostHog/posthog.com/issues/new?title=Feedback%20on:%20How%20to%20turn%20your%20engineers%20into%20product%20people&body=%2A%2AIssue%20with:%20/blog/turning-engineers-into-product-people.md%2A%2A
Info       The URL is outside of the domain filter, checked only
           syntax.
Warning    [url-whitespace] Leading or trailing whitespace in URL
           `https://github.com/PostHog/posthog.com/issues/new?title=Feedback
           on: How to turn your engineers into product
           people&body=**Issue with:
           /blog/turning-engineers-into-product-people.md**
           '.
Result     Valid: filtered

URL        `https://github.com/PostHog/posthog.com/issues/new?title=Feedback on: What's the true role of a product team at an engineering-led organization?&body=**Issue with: /blog/product-at-posthog.md**'
Parent URL https://posthog.com/blog/product-at-posthog, line 72, col 66940
Real URL   https://github.com/PostHog/posthog.com/issues/new?title=Feedback%20on:%20What%27s%20the%20true%20role%20of%20a%20product%20team%20at%20an%20engineering-led%20organization?&body=%2A%2AIssue%20with:%20/blog/product-at-posthog.md%2A%2A
Info       The URL is outside of the domain filter, checked only
           syntax.
Warning    [url-whitespace] Leading or trailing whitespace in URL
           `https://github.com/PostHog/posthog.com/issues/new?title=Feedback
           on: What's the true role of a product team at an
           engineering-led organization?&body=**Issue with:
           /blog/product-at-posthog.md**
           '.
Result     Valid: filtered

URL        `https://github.com/PostHog/posthog.com/issues/new?title=Feedback on: James Hawkins' README&body=**Issue with: /handbook/company/team/james-hawkins.md**'
Parent URL https://posthog.com/handbook/company/team/james-hawkins, line 72, col 226773
Real URL   https://github.com/PostHog/posthog.com/issues/new?title=Feedback%20on:%20James%20Hawkins%27%20README&body=%2A%2AIssue%20with:%20/handbook/company/team/james-hawkins.md%2A%2A
Info       The URL is outside of the domain filter, checked only
           syntax.
Warning    [url-whitespace] Leading or trailing whitespace in URL
           `https://github.com/PostHog/posthog.com/issues/new?title=Feedback
           on: James Hawkins' README&body=**Issue with:
           /handbook/company/team/james-hawkins.md**
           '.
Result     Valid: filtered

URL        `https://github.com/PostHog/posthog.com/issues/new?title=Feedback on: Tim Glaser's README&body=**Issue with: /handbook/company/team/tim-glaser.md**'
Parent URL https://posthog.com/handbook/company/team/tim-glaser, line 72, col 224762
Real URL   https://github.com/PostHog/posthog.com/issues/new?title=Feedback%20on:%20Tim%20Glaser%27s%20README&body=%2A%2AIssue%20with:%20/handbook/company/team/tim-glaser.md%2A%2A
Info       The URL is outside of the domain filter, checked only
           syntax.
Warning    [url-whitespace] Leading or trailing whitespace in URL
           `https://github.com/PostHog/posthog.com/issues/new?title=Feedback
           on: Tim Glaser's README&body=**Issue with:
           /handbook/company/team/tim-glaser.md**
           '.
Result     Valid: filtered

URL        `https://github.com/PostHog/posthog.com/issues/new?title=Feedback on: Lottie Coxon's README&body=**Issue with: /handbook/company/team/lottie-coxon.md**'
Parent URL https://posthog.com/handbook/company/team/lottie-coxon, line 72, col 224321
Real URL   https://github.com/PostHog/posthog.com/issues/new?title=Feedback%20on:%20Lottie%20Coxon%27s%20README&body=%2A%2AIssue%20with:%20/handbook/company/team/lottie-coxon.md%2A%2A
Info       The URL is outside of the domain filter, checked only
           syntax.
Warning    [url-whitespace] Leading or trailing whitespace in URL
           `https://github.com/PostHog/posthog.com/issues/new?title=Feedback
           on: Lottie Coxon's README&body=**Issue with:
           /handbook/company/team/lottie-coxon.md**
           '.
Result     Valid: filtered

URL        `https://github.com/PostHog/posthog.com/issues/new?title=Feedback on: Yakko Majuri' README&body=**Issue with: /handbook/company/team/yakko-majuri.md**'
Parent URL https://posthog.com/handbook/company/team/yakko-majuri, line 72, col 228966
Real URL   https://github.com/PostHog/posthog.com/issues/new?title=Feedback%20on:%20Yakko%20Majuri%27%20README&body=%2A%2AIssue%20with:%20/handbook/company/team/yakko-majuri.md%2A%2A
Info       The URL is outside of the domain filter, checked only
           syntax.
Warning    [url-whitespace] Leading or trailing whitespace in URL
           `https://github.com/PostHog/posthog.com/issues/new?title=Feedback
           on: Yakko Majuri' README&body=**Issue with:
           /handbook/company/team/yakko-majuri.md**
           '.
Result     Valid: filtered

URL        `https://github.com/PostHog/posthog.com/issues/new?title=Feedback on: Karl-Aksel Puulmann's README&body=**Issue with: /handbook/company/team/karl-aksel-puulmann.md**'
Parent URL https://posthog.com/handbook/company/team/karl-aksel-puulmann, line 72, col 218766
Real URL   https://github.com/PostHog/posthog.com/issues/new?title=Feedback%20on:%20Karl-Aksel%20Puulmann%27s%20README&body=%2A%2AIssue%20with:%20/handbook/company/team/karl-aksel-puulmann.md%2A%2A
Info       The URL is outside of the domain filter, checked only
           syntax.
Warning    [url-whitespace] Leading or trailing whitespace in URL
           `https://github.com/PostHog/posthog.com/issues/new?title=Feedback
           on: Karl-Aksel Puulmann's README&body=**Issue with:
           /handbook/company/team/karl-aksel-puulmann.md**
           '.
Result     Valid: filtered

URL        `https://github.com/PostHog/posthog.com/issues/new?title=Feedback on: Charles Cook's README&body=**Issue with: /handbook/company/team/charles-cook.md**'
Parent URL https://posthog.com/handbook/company/team/charles-cook, line 72, col 224039
Real URL   https://github.com/PostHog/posthog.com/issues/new?title=Feedback%20on:%20Charles%20Cook%27s%20README&body=%2A%2AIssue%20with:%20/handbook/company/team/charles-cook.md%2A%2A
Info       The URL is outside of the domain filter, checked only
           syntax.
Warning    [url-whitespace] Leading or trailing whitespace in URL
           `https://github.com/PostHog/posthog.com/issues/new?title=Feedback
           on: Charles Cook's README&body=**Issue with:
           /handbook/company/team/charles-cook.md**
           '.
Result     Valid: filtered

URL        `https://github.com/PostHog/posthog.com/issues/new?title=Feedback on: Joe Martin's README&body=**Issue with: /handbook/company/team/joe-martin.md**'
Parent URL https://posthog.com/handbook/company/team/joe-martin, line 72, col 223299
Real URL   https://github.com/PostHog/posthog.com/issues/new?title=Feedback%20on:%20Joe%20Martin%27s%20README&body=%2A%2AIssue%20with:%20/handbook/company/team/joe-martin.md%2A%2A
Info       The URL is outside of the domain filter, checked only
           syntax.
Warning    [url-whitespace] Leading or trailing whitespace in URL
           `https://github.com/PostHog/posthog.com/issues/new?title=Feedback
           on: Joe Martin's README&body=**Issue with:
           /handbook/company/team/joe-martin.md**
           '.
Result     Valid: filtered

URL        `https://github.com/PostHog/posthog.com/issues/new?title=Feedback on: Andy Vandervell's README&body=**Issue with: /handbook/company/team/andy-vandervell.md**'
Parent URL https://posthog.com/handbook/company/team/andy-vandervell, line 72, col 218880
Real URL   https://github.com/PostHog/posthog.com/issues/new?title=Feedback%20on:%20Andy%20Vandervell%27s%20README&body=%2A%2AIssue%20with:%20/handbook/company/team/andy-vandervell.md%2A%2A
Info       The URL is outside of the domain filter, checked only
           syntax.
Warning    [url-whitespace] Leading or trailing whitespace in URL
           `https://github.com/PostHog/posthog.com/issues/new?title=Feedback
           on: Andy Vandervell's README&body=**Issue with:
           /handbook/company/team/andy-vandervell.md**
           '.
Result     Valid: filtered

URL        `https://github.com/PostHog/posthog.com/issues/new?title=Feedback on: PostHog raises $15 million Series B for open source product analytics&body=**Issue with: /blog/15-million-series-b.md**'
Parent URL https://posthog.com/blog/15-million-series-b, line 72, col 52552
Real URL   https://github.com/PostHog/posthog.com/issues/new?title=Feedback%20on:%20PostHog%20raises%20%2415%20million%20Series%20B%20for%20open%20source%20product%20analytics&body=%2A%2AIssue%20with:%20/blog/15-million-series-b.md%2A%2A
Info       The URL is outside of the domain filter, checked only
           syntax.
Warning    [url-whitespace] Leading or trailing whitespace in URL
           `https://github.com/PostHog/posthog.com/issues/new?title=Feedback
           on: PostHog raises $15 million Series B for open
           source product analytics&body=**Issue with:
           /blog/15-million-series-b.md**
           '.
Result     Valid: filtered

URL        `https://github.com/PostHog/posthog.com/issues/new?title=Feedback on: What we learned about hiring from our first five employees&body=**Issue with: /blog/posthog-first-five.md**'
Parent URL https://posthog.com/blog/posthog-first-five, line 72, col 60491
Real URL   https://github.com/PostHog/posthog.com/issues/new?title=Feedback%20on:%20What%20we%20learned%20about%20hiring%20from%20our%20first%20five%20employees&body=%2A%2AIssue%20with:%20/blog/posthog-first-five.md%2A%2A
Info       The URL is outside of the domain filter, checked only
           syntax.
Warning    [url-whitespace] Leading or trailing whitespace in URL
           `https://github.com/PostHog/posthog.com/issues/new?title=Feedback
           on: What we learned about hiring from our first five
           employees&body=**Issue with:
           /blog/posthog-first-five.md**
           '.
Result     Valid: filtered

URL        `https://github.com/PostHog/posthog.com/issues/new?title=Feedback on: In-depth: ClickHouse vs PostgreSQL&body=**Issue with: /blog/clickhouse-vs-postgres.md**'
Parent URL https://posthog.com/blog/clickhouse-vs-postgres, line 72, col 75100
Real URL   https://github.com/PostHog/posthog.com/issues/new?title=Feedback%20on:%20In-depth:%20ClickHouse%20vs%20PostgreSQL&body=%2A%2AIssue%20with:%20/blog/clickhouse-vs-postgres.md%2A%2A
Info       The URL is outside of the domain filter, checked only
           syntax.
Warning    [url-whitespace] Leading or trailing whitespace in URL
           `https://github.com/PostHog/posthog.com/issues/new?title=Feedback
           on: In-depth: ClickHouse vs PostgreSQL&body=**Issue
           with: /blog/clickhouse-vs-postgres.md**
           '.
Result     Valid: filtered

URL        `https://github.com/PostHog/posthog.com/issues/new?title=Feedback on: HogMail #15&body=**Issue with: /blog/hogmail-15.md**'
Parent URL https://posthog.com/blog/hogmail-15, line 72, col 54335
Real URL   https://github.com/PostHog/posthog.com/issues/new?title=Feedback%20on:%20HogMail%20#15&body=**Issue%20with%3A%20/blog/hogmail-15.md**
Info       The URL is outside of the domain filter, checked only
           syntax.
Warning    [url-whitespace] Leading or trailing whitespace in URL
           `https://github.com/PostHog/posthog.com/issues/new?title=Feedback
           on: HogMail #15&body=**Issue with:
           /blog/hogmail-15.md**
           '.
Result     Valid: filtered

URL        `https://github.com/PostHog/posthog.com/issues/new?title=Feedback on: The 7 best GDPR-compliant analytics tools&body=**Issue with: /blog/best-gdpr-compliant-analytics-tools.md**'
Parent URL https://posthog.com/blog/best-gdpr-compliant-analytics-tools, line 72, col 100405
Real URL   https://github.com/PostHog/posthog.com/issues/new?title=Feedback%20on:%20The%207%20best%20GDPR-compliant%20analytics%20tools&body=%2A%2AIssue%20with:%20/blog/best-gdpr-compliant-analytics-tools.md%2A%2A
Info       The URL is outside of the domain filter, checked only
           syntax.
Warning    [url-whitespace] Leading or trailing whitespace in URL
           `https://github.com/PostHog/posthog.com/issues/new?title=Feedback
           on: The 7 best GDPR-compliant analytics
           tools&body=**Issue with:
           /blog/best-gdpr-compliant-analytics-tools.md**
           '.
Result     Valid: filtered

URL        `https://github.com/PostHog/posthog.com/issues/new?title=Feedback on: How we made something people want&body=**Issue with: /blog/making-something-people-want.md**'
Parent URL https://posthog.com/blog/making-something-people-want, line 72, col 67098
Real URL   https://github.com/PostHog/posthog.com/issues/new?title=Feedback%20on:%20How%20we%20made%20something%20people%20want&body=%2A%2AIssue%20with:%20/blog/making-something-people-want.md%2A%2A
Info       The URL is outside of the domain filter, checked only
           syntax.
Warning    [url-whitespace] Leading or trailing whitespace in URL
           `https://github.com/PostHog/posthog.com/issues/new?title=Feedback
           on: How we made something people want&body=**Issue
           with: /blog/making-something-people-want.md**
           '.
Result     Valid: filtered

URL        `https://github.com/PostHog/posthog.com/issues/new?title=Feedback on: The best GA4 alternatives for apps and websites&body=**Issue with: /blog/ga4-alternatives.md**'
Parent URL https://posthog.com/blog/ga4-alternatives, line 72, col 86903
Real URL   https://github.com/PostHog/posthog.com/issues/new?title=Feedback%20on:%20The%20best%20GA4%20alternatives%20for%20apps%20and%20websites&body=%2A%2AIssue%20with:%20/blog/ga4-alternatives.md%2A%2A
Info       The URL is outside of the domain filter, checked only
           syntax.
Warning    [url-whitespace] Leading or trailing whitespace in URL
           `https://github.com/PostHog/posthog.com/issues/new?title=Feedback
           on: The best GA4 alternatives for apps and
           websites&body=**Issue with:
           /blog/ga4-alternatives.md**
           '.
Result     Valid: filtered

URL        `https://github.com/PostHog/posthog.com/issues/new?title=Feedback on: Building an open source data stack&body=**Issue with: /blog/open-source-stack-for-engineers.md**'
Parent URL https://posthog.com/blog/open-source-stack-for-engineers, line 73, col 26239
Real URL   https://github.com/PostHog/posthog.com/issues/new?title=Feedback%20on:%20Building%20an%20open%20source%20data%20stack&body=%2A%2AIssue%20with:%20/blog/open-source-stack-for-engineers.md%2A%2A
Info       The URL is outside of the domain filter, checked only
           syntax.
Warning    [url-whitespace] Leading or trailing whitespace in URL
           `https://github.com/PostHog/posthog.com/issues/new?title=Feedback
           on: Building an open source data stack&body=**Issue
           with: /blog/open-source-stack-for-engineers.md**
           '.
Result     Valid: filtered

URL        `https://github.com/PostHog/posthog.com/issues/new?title=Feedback on: Introducing PostHog Cloud EU&body=**Issue with: /blog/posthog-cloud-eu.md**'
Parent URL https://posthog.com/blog/posthog-cloud-eu, line 72, col 57608
Real URL   https://github.com/PostHog/posthog.com/issues/new?title=Feedback%20on:%20Introducing%20PostHog%20Cloud%20EU&body=%2A%2AIssue%20with:%20/blog/posthog-cloud-eu.md%2A%2A
Info       The URL is outside of the domain filter, checked only
           syntax.
Warning    [url-whitespace] Leading or trailing whitespace in URL
           `https://github.com/PostHog/posthog.com/issues/new?title=Feedback
           on: Introducing PostHog Cloud EU&body=**Issue with:
           /blog/posthog-cloud-eu.md**
           '.
Result     Valid: filtered

URL        `https://github.com/PostHog/posthog.com/issues/new?title=Feedback on: 5 essential tips for Customer Success teams on PostHog&body=**Issue with: /blog/analytics-tips-for-customer-success-teams.md**'
Parent URL https://posthog.com/blog/analytics-tips-for-customer-success-teams, line 72, col 56627
Real URL   https://github.com/PostHog/posthog.com/issues/new?title=Feedback%20on:%205%20essential%20tips%20for%20Customer%20Success%20teams%20on%20PostHog&body=%2A%2AIssue%20with:%20/blog/analytics-tips-for-customer-success-teams.md%2A%2A
Info       The URL is outside of the domain filter, checked only
           syntax.
Warning    [url-whitespace] Leading or trailing whitespace in URL
           `https://github.com/PostHog/posthog.com/issues/new?title=Feedback
           on: 5 essential tips for Customer Success teams on
           PostHog&body=**Issue with:
           /blog/analytics-tips-for-customer-success-teams.md**
           '.
Result     Valid: filtered

URL        `https://github.com/PostHog/posthog.com/issues/new?title=Feedback on: 5 analytics ideas for marketing teams using PostHog&body=**Issue with: /blog/analytics-tips-for-marketing-teams.md**'
Parent URL https://posthog.com/blog/analytics-tips-for-marketing-teams, line 72, col 56477
Real URL   https://github.com/PostHog/posthog.com/issues/new?title=Feedback%20on:%205%20analytics%20ideas%20for%20marketing%20teams%20using%20PostHog&body=%2A%2AIssue%20with:%20/blog/analytics-tips-for-marketing-teams.md%2A%2A
Info       The URL is outside of the domain filter, checked only
           syntax.
Warning    [url-whitespace] Leading or trailing whitespace in URL
           `https://github.com/PostHog/posthog.com/issues/new?title=Feedback
           on: 5 analytics ideas for marketing teams using
           PostHog&body=**Issue with:
           /blog/analytics-tips-for-marketing-teams.md**
           '.
Result     Valid: filtered

URL        `https://github.com/PostHog/posthog.com/issues/new?title=Feedback on: 5 essential PostHog apps for new users&body=**Issue with: /blog/essential-posthog-apps.md**'
Parent URL https://posthog.com/blog/essential-posthog-apps, line 74, col 26217
Real URL   https://github.com/PostHog/posthog.com/issues/new?title=Feedback%20on:%205%20essential%20PostHog%20apps%20for%20new%20users&body=%2A%2AIssue%20with:%20/blog/essential-posthog-apps.md%2A%2A
Info       The URL is outside of the domain filter, checked only
           syntax.
Warning    [url-whitespace] Leading or trailing whitespace in URL
           `https://github.com/PostHog/posthog.com/issues/new?title=Feedback
           on: 5 essential PostHog apps for new
           users&body=**Issue with:
           /blog/essential-posthog-apps.md**
           '.
Result     Valid: filtered

URL        `https://github.com/PostHog/posthog.com/issues/new?title=Feedback on: 5 events all teams should track with PostHog&body=**Issue with: /blog/events-you-should-track-with-posthog.md**'
Parent URL https://posthog.com/blog/events-you-should-track-with-posthog, line 72, col 55524
Real URL   https://github.com/PostHog/posthog.com/issues/new?title=Feedback%20on:%205%20events%20all%20teams%20should%20track%20with%20PostHog&body=%2A%2AIssue%20with:%20/blog/events-you-should-track-with-posthog.md%2A%2A
Info       The URL is outside of the domain filter, checked only
           syntax.
Warning    [url-whitespace] Leading or trailing whitespace in URL
           `https://github.com/PostHog/posthog.com/issues/new?title=Feedback
           on: 5 events all teams should track with
           PostHog&body=**Issue with:
           /blog/events-you-should-track-with-posthog.md**
           '.
Result     Valid: filtered

URL        `https://github.com/PostHog/posthog.com/issues/new?title=Feedback on: Permissions and projects in PostHog, explained&body=**Issue with: /blog/posthog-explained-permissions-and-projects.md**'
Parent URL https://posthog.com/blog/posthog-explained-permissions-and-projects, line 72, col 56211
Real URL   https://github.com/PostHog/posthog.com/issues/new?title=Feedback%20on:%20Permissions%20and%20projects%20in%20PostHog,%20explained&body=%2A%2AIssue%20with:%20/blog/posthog-explained-permissions-and-projects.md%2A%2A
Info       The URL is outside of the domain filter, checked only
           syntax.
Warning    [url-whitespace] Leading or trailing whitespace in URL
           `https://github.com/PostHog/posthog.com/issues/new?title=Feedback
           on: Permissions and projects in PostHog,
           explained&body=**Issue with:
           /blog/posthog-explained-permissions-and-projects.md**
           '.
Result     Valid: filtered

URL        `https://github.com/PostHog/posthog.com/issues/new?title=Feedback on: How (and why) to track your website with PostHog&body=**Issue with: /blog/track-your-website-with-posthog.md**'
Parent URL https://posthog.com/blog/track-your-website-with-posthog, line 72, col 57519
Real URL   https://github.com/PostHog/posthog.com/issues/new?title=Feedback%20on:%20How%20%28and%20why%29%20to%20track%20your%20website%20with%20PostHog&body=%2A%2AIssue%20with:%20/blog/track-your-website-with-posthog.md%2A%2A
Info       The URL is outside of the domain filter, checked only
           syntax.
Warning    [url-whitespace] Leading or trailing whitespace in URL
           `https://github.com/PostHog/posthog.com/issues/new?title=Feedback
           on: How (and why) to track your website with
           PostHog&body=**Issue with:
           /blog/track-your-website-with-posthog.md**
           '.
Result     Valid: filtered

URL        `https://github.com/PostHog/posthog.com/issues/new?title=Feedback on: What motivates me as a CEO&body=**Issue with: /blog/what-motivates-me.md**'
Parent URL https://posthog.com/blog/what-motivates-me, line 72, col 55815
Real URL   https://github.com/PostHog/posthog.com/issues/new?title=Feedback%20on:%20What%20motivates%20me%20as%20a%20CEO&body=%2A%2AIssue%20with:%20/blog/what-motivates-me.md%2A%2A
Info       The URL is outside of the domain filter, checked only
           syntax.
Warning    [url-whitespace] Leading or trailing whitespace in URL
           `https://github.com/PostHog/posthog.com/issues/new?title=Feedback
           on: What motivates me as a CEO&body=**Issue with:
           /blog/what-motivates-me.md**
           '.
Result     Valid: filtered

URL        `https://github.com/PostHog/posthog.com/issues/new?title=Feedback on: All the cool things we built at our Rome hackathon&body=**Issue with: /blog/rome-hackathon.md**'
Parent URL https://posthog.com/blog/rome-hackathon, line 72, col 58035
Real URL   https://github.com/PostHog/posthog.com/issues/new?title=Feedback%20on:%20All%20the%20cool%20things%20we%20built%20at%20our%20Rome%20hackathon&body=%2A%2AIssue%20with:%20/blog/rome-hackathon.md%2A%2A
Info       The URL is outside of the domain filter, checked only
           syntax.
Warning    [url-whitespace] Leading or trailing whitespace in URL
           `https://github.com/PostHog/posthog.com/issues/new?title=Feedback
           on: All the cool things we built at our Rome
           hackathon&body=**Issue with: /blog/rome-hackathon.md**
           '.
Result     Valid: filtered

URL        `https://github.com/PostHog/posthog.com/issues/new?title=Feedback on: How (and why) our marketing team uses PostHog&body=**Issue with: /blog/posthog-marketing.md**'
Parent URL https://posthog.com/blog/posthog-marketing, line 72, col 81636
Real URL   https://github.com/PostHog/posthog.com/issues/new?title=Feedback%20on:%20How%20%28and%20why%29%20our%20marketing%20team%20uses%20PostHog&body=%2A%2AIssue%20with:%20/blog/posthog-marketing.md%2A%2A
Info       The URL is outside of the domain filter, checked only
           syntax.
Warning    [url-whitespace] Leading or trailing whitespace in URL
           `https://github.com/PostHog/posthog.com/issues/new?title=Feedback
           on: How (and why) our marketing team uses
           PostHog&body=**Issue with:
           /blog/posthog-marketing.md**
           '.
Result     Valid: filtered

URL        `https://github.com/PostHog/posthog.com/issues/new?title=Feedback on: Array 1.40.0: Interface improvements and more!&body=**Issue with: /blog/the-posthog-array-1-40-0.md**'
Parent URL https://posthog.com/blog/the-posthog-array-1-40-0, line 72, col 57892
Real URL   https://github.com/PostHog/posthog.com/issues/new?title=Feedback%20on:%20Array%201.40.0:%20Interface%20improvements%20and%20more%21&body=%2A%2AIssue%20with:%20/blog/the-posthog-array-1-40-0.md%2A%2A
Info       The URL is outside of the domain filter, checked only
           syntax.
Warning    [url-whitespace] Leading or trailing whitespace in URL
           `https://github.com/PostHog/posthog.com/issues/new?title=Feedback
           on: Array 1.40.0: Interface improvements and
           more!&body=**Issue with:
           /blog/the-posthog-array-1-40-0.md**
           '.
Result     Valid: filtered

URL        `https://github.com/PostHog/posthog.com/issues/new?title=Feedback on: Finding your North Star metric and why it matters&body=**Issue with: /blog/north-star-metrics.md**'
Parent URL https://posthog.com/blog/north-star-metrics, line 72, col 70701
Real URL   https://github.com/PostHog/posthog.com/issues/new?title=Feedback%20on:%20Finding%20your%20North%20Star%20metric%20and%20why%20it%20matters&body=%2A%2AIssue%20with:%20/blog/north-star-metrics.md%2A%2A
Info       The URL is outside of the domain filter, checked only
           syntax.
Warning    [url-whitespace] Leading or trailing whitespace in URL
           `https://github.com/PostHog/posthog.com/issues/new?title=Feedback
           on: Finding your North Star metric and why it
           matters&body=**Issue with:
           /blog/north-star-metrics.md**
           '.
Result     Valid: filtered

URL        `https://github.com/PostHog/posthog.com/issues/new?title=Feedback on: Startups, stop treating engineers like a different species&body=**Issue with: /blog/stop-treating-engineers-differently.md**'
Parent URL https://posthog.com/blog/stop-treating-engineers-differently, line 72, col 56127
Real URL   https://github.com/PostHog/posthog.com/issues/new?title=Feedback%20on:%20Startups,%20stop%20treating%20engineers%20like%20a%20different%20species&body=%2A%2AIssue%20with:%20/blog/stop-treating-engineers-differently.md%2A%2A
Info       The URL is outside of the domain filter, checked only
           syntax.
Warning    [url-whitespace] Leading or trailing whitespace in URL
           `https://github.com/PostHog/posthog.com/issues/new?title=Feedback
           on: Startups, stop treating engineers like a different
           species&body=**Issue with:
           /blog/stop-treating-engineers-differently.md**
           '.
Result     Valid: filtered

URL        `https://github.com/PostHog/posthog.com/issues/new?title=Feedback on: The best HIPAA-compliant A/B testing tools&body=**Issue with: /blog/best-hipaa-compliant-ab-testing-tools.md**'
Parent URL https://posthog.com/blog/best-hipaa-compliant-ab-testing-tools, line 72, col 73127
Real URL   https://github.com/PostHog/posthog.com/issues/new?title=Feedback%20on:%20The%20best%20HIPAA-compliant%20A/B%20testing%20tools&body=%2A%2AIssue%20with:%20/blog/best-hipaa-compliant-ab-testing-tools.md%2A%2A
Info       The URL is outside of the domain filter, checked only
           syntax.
Warning    [url-whitespace] Leading or trailing whitespace in URL
           `https://github.com/PostHog/posthog.com/issues/new?title=Feedback
           on: The best HIPAA-compliant A/B testing
           tools&body=**Issue with:
           /blog/best-hipaa-compliant-ab-testing-tools.md**
           '.
Result     Valid: filtered

URL        `https://github.com/PostHog/posthog.com/issues/new?title=Feedback on: How to run a transparent startup&body=**Issue with: /blog/how-to-run-a-transparent-company.md**'
Parent URL https://posthog.com/blog/how-to-run-a-transparent-company, line 72, col 68790
Real URL   https://github.com/PostHog/posthog.com/issues/new?title=Feedback%20on:%20How%20to%20run%20a%20transparent%20startup&body=%2A%2AIssue%20with:%20/blog/how-to-run-a-transparent-company.md%2A%2A
Info       The URL is outside of the domain filter, checked only
           syntax.
Warning    [url-whitespace] Leading or trailing whitespace in URL
           `https://github.com/PostHog/posthog.com/issues/new?title=Feedback
           on: How to run a transparent startup&body=**Issue
           with: /blog/how-to-run-a-transparent-company.md**
           '.
Result     Valid: filtered

URL        `https://github.com/PostHog/posthog.com/issues/new?title=Feedback on: Benchmarking the impact of session recording on performance&body=**Issue with: /blog/session-recording-performance.md**'
Parent URL https://posthog.com/blog/session-recording-performance, line 72, col 70347
Real URL   https://github.com/PostHog/posthog.com/issues/new?title=Feedback%20on:%20Benchmarking%20the%20impact%20of%20session%20recording%20on%20performance&body=%2A%2AIssue%20with:%20/blog/session-recording-performance.md%2A%2A
Info       The URL is outside of the domain filter, checked only
           syntax.
Warning    [url-whitespace] Leading or trailing whitespace in URL
           `https://github.com/PostHog/posthog.com/issues/new?title=Feedback
           on: Benchmarking the impact of session recording on
           performance&body=**Issue with:
           /blog/session-recording-performance.md**
           '.
Result     Valid: filtered

URL        `https://github.com/PostHog/posthog.com/issues/new?title=Feedback on: Array 1.39.0: Betas, persons, events and libraries&body=**Issue with: /blog/the-posthog-array-1-39-0.mdx**'
Parent URL https://posthog.com/blog/the-posthog-array-1-39-0, line 72, col 73424
Real URL   https://github.com/PostHog/posthog.com/issues/new?title=Feedback%20on:%20Array%201.39.0:%20Betas,%20persons,%20events%20and%20libraries&body=%2A%2AIssue%20with:%20/blog/the-posthog-array-1-39-0.mdx%2A%2A
Info       The URL is outside of the domain filter, checked only
           syntax.
Warning    [url-whitespace] Leading or trailing whitespace in URL
           `https://github.com/PostHog/posthog.com/issues/new?title=Feedback
           on: Array 1.39.0: Betas, persons, events and
           libraries&body=**Issue with:
           /blog/the-posthog-array-1-39-0.mdx**
           '.
Result     Valid: filtered

URL        `https://github.com/PostHog/posthog.com/issues/new?title=Feedback on: How to plan a killer company offsite in just 8 weeks&body=**Issue with: /blog/planning-a-company-offsite.md**'
Parent URL https://posthog.com/blog/planning-a-company-offsite, line 72, col 58359
Real URL   https://github.com/PostHog/posthog.com/issues/new?title=Feedback%20on:%20How%20to%20plan%20a%20killer%20company%20offsite%20in%20just%208%20weeks&body=%2A%2AIssue%20with:%20/blog/planning-a-company-offsite.md%2A%2A
Info       The URL is outside of the domain filter, checked only
           syntax.
Warning    [url-whitespace] Leading or trailing whitespace in URL
           `https://github.com/PostHog/posthog.com/issues/new?title=Feedback
           on: How to plan a killer company offsite in just 8
           weeks&body=**Issue with:
           /blog/planning-a-company-offsite.md**
           '.
Result     Valid: filtered

URL        `https://github.com/PostHog/posthog.com/issues/new?title=Feedback on: Speeding up PostHog builds with Depot&body=**Issue with: /blog/speeding-up-posthog-builds-with-depot.md**'
Parent URL https://posthog.com/blog/speeding-up-posthog-builds-with-depot, line 72, col 74984
Real URL   https://github.com/PostHog/posthog.com/issues/new?title=Feedback%20on:%20Speeding%20up%20PostHog%20builds%20with%20Depot&body=%2A%2AIssue%20with:%20/blog/speeding-up-posthog-builds-with-depot.md%2A%2A
Info       The URL is outside of the domain filter, checked only
           syntax.
Warning    [url-whitespace] Leading or trailing whitespace in URL
           `https://github.com/PostHog/posthog.com/issues/new?title=Feedback
           on: Speeding up PostHog builds with Depot&body=**Issue
           with: /blog/speeding-up-posthog-builds-with-depot.md**
           '.
Result     Valid: filtered

URL        `https://github.com/PostHog/posthog.com/issues/new?title=Feedback on: Array 1.38.0: Exports, subscriptions and session analysis&body=**Issue with: /blog/the-posthog-array-1-38-0.mdx**'
Parent URL https://posthog.com/blog/the-posthog-array-1-38-0, line 72, col 72155
Real URL   https://github.com/PostHog/posthog.com/issues/new?title=Feedback%20on:%20Array%201.38.0:%20Exports,%20subscriptions%20and%20session%20analysis&body=%2A%2AIssue%20with:%20/blog/the-posthog-array-1-38-0.mdx%2A%2A
Info       The URL is outside of the domain filter, checked only
           syntax.
Warning    [url-whitespace] Leading or trailing whitespace in URL
           `https://github.com/PostHog/posthog.com/issues/new?title=Feedback
           on: Array 1.38.0: Exports, subscriptions and session
           analysis&body=**Issue with:
           /blog/the-posthog-array-1-38-0.mdx**
           '.
Result     Valid: filtered

URL        `https://github.com/PostHog/posthog.com/issues/new?title=Feedback on: Is autocapture ‘still’ bad?&body=**Issue with: /blog/is-autocapture-still-bad.md**'
Parent URL https://posthog.com/blog/is-autocapture-still-bad, line 72, col 55638
Real URL   https://github.com/PostHog/posthog.com/issues/new?title=Feedback%20on:%20Is%20autocapture%20%E2%80%98still%E2%80%99%20bad?&body=%2A%2AIssue%20with:%20/blog/is-autocapture-still-bad.md%2A%2A
Info       The URL is outside of the domain filter, checked only
           syntax.
Warning    [url-whitespace] Leading or trailing whitespace in URL
           `https://github.com/PostHog/posthog.com/issues/new?title=Feedback
           on: Is autocapture ‘still’ bad?&body=**Issue with:
           /blog/is-autocapture-still-bad.md**
           '.
Result     Valid: filtered

URL        `https://github.com/PostHog/posthog.com/issues/new?title=Feedback on: Remote companies can be too asynchronous&body=**Issue with: /blog/asynchronous-remote-companies.md**'
Parent URL https://posthog.com/blog/asynchronous-remote-companies, line 72, col 49533
Real URL   https://github.com/PostHog/posthog.com/issues/new?title=Feedback%20on:%20Remote%20companies%20can%20be%20too%20asynchronous&body=%2A%2AIssue%20with:%20/blog/asynchronous-remote-companies.md%2A%2A
Info       The URL is outside of the domain filter, checked only
           syntax.
Warning    [url-whitespace] Leading or trailing whitespace in URL
           `https://github.com/PostHog/posthog.com/issues/new?title=Feedback
           on: Remote companies can be too
           asynchronous&body=**Issue with:
           /blog/asynchronous-remote-companies.md**
           '.
Result     Valid: filtered

URL        `https://github.com/PostHog/posthog.com/issues/new?title=Feedback on: 22 ways PostHog makes it easier to build great products&body=**Issue with: /blog/using-posting.md**'
Parent URL https://posthog.com/blog/using-posting, line 72, col 89919
Real URL   https://github.com/PostHog/posthog.com/issues/new?title=Feedback%20on:%2022%20ways%20PostHog%20makes%20it%20easier%20to%20build%20great%20products&body=%2A%2AIssue%20with:%20/blog/using-posting.md%2A%2A
Info       The URL is outside of the domain filter, checked only
           syntax.
Warning    [url-whitespace] Leading or trailing whitespace in URL
           `https://github.com/PostHog/posthog.com/issues/new?title=Feedback
           on: 22 ways PostHog makes it easier to build great
           products&body=**Issue with: /blog/using-posting.md**
           '.
Result     Valid: filtered

URL        `https://github.com/PostHog/posthog.com/issues/new?title=Feedback on: Why infrastructure is a competitive advantage for us&body=**Issue with: /blog/why-infra-is-our-competitive-advantage.md**'
Parent URL https://posthog.com/blog/why-infra-is-our-competitive-advantage, line 72, col 47975
Real URL   https://github.com/PostHog/posthog.com/issues/new?title=Feedback%20on:%20Why%20infrastructure%20is%20a%20competitive%20advantage%20for%20us&body=%2A%2AIssue%20with:%20/blog/why-infra-is-our-competitive-advantage.md%2A%2A
Info       The URL is outside of the domain filter, checked only
           syntax.
Warning    [url-whitespace] Leading or trailing whitespace in URL
           `https://github.com/PostHog/posthog.com/issues/new?title=Feedback
           on: Why infrastructure is a competitive advantage for
           us&body=**Issue with:
           /blog/why-infra-is-our-competitive-advantage.md**
           '.
Result     Valid: filtered

URL        `https://github.com/PostHog/posthog.com/issues/new?title=Feedback on: Automating a software company with GitHub Actions&body=**Issue with: /blog/automating-a-software-company-with-github-actions.md**'
Parent URL https://posthog.com/blog/automating-a-software-company-with-github-actions, line 127, col 35423
Real URL   https://github.com/PostHog/posthog.com/issues/new?title=Feedback%20on:%20Automating%20a%20software%20company%20with%20GitHub%20Actions&body=%2A%2AIssue%20with:%20/blog/automating-a-software-company-with-github-actions.md%2A%2A
Info       The URL is outside of the domain filter, checked only
           syntax.
Warning    [url-whitespace] Leading or trailing whitespace in URL
           `https://github.com/PostHog/posthog.com/issues/new?title=Feedback
           on: Automating a software company with GitHub
           Actions&body=**Issue with:
           /blog/automating-a-software-company-with-github-actions.md**
           '.
Result     Valid: filtered

URL        `https://github.com/PostHog/posthog.com/issues/new?title=Feedback on: The 6 best free and open-source feature flag tools&body=**Issue with: /blog/best-open-source-feature-flag-tools.md**'
Parent URL https://posthog.com/blog/best-open-source-feature-flag-tools, line 72, col 87624
Real URL   https://github.com/PostHog/posthog.com/issues/new?title=Feedback%20on:%20The%206%20best%20free%20and%20open-source%20feature%20flag%20tools&body=%2A%2AIssue%20with:%20/blog/best-open-source-feature-flag-tools.md%2A%2A
Info       The URL is outside of the domain filter, checked only
           syntax.
Warning    [url-whitespace] Leading or trailing whitespace in URL
           `https://github.com/PostHog/posthog.com/issues/new?title=Feedback
           on: The 6 best free and open-source feature flag
           tools&body=**Issue with:
           /blog/best-open-source-feature-flag-tools.md**
           '.
Result     Valid: filtered

URL        `https://github.com/PostHog/posthog.com/issues/new?title=Feedback on: The magic of a Hacker News Pre-Mortem&body=**Issue with: /blog/hacker-news-premortem.md**'
Parent URL https://posthog.com/blog/hacker-news-premortem, line 73, col 31417
Real URL   https://github.com/PostHog/posthog.com/issues/new?title=Feedback%20on:%20The%20magic%20of%20a%20Hacker%20News%20Pre-Mortem&body=%2A%2AIssue%20with:%20/blog/hacker-news-premortem.md%2A%2A
Info       The URL is outside of the domain filter, checked only
           syntax.
Warning    [url-whitespace] Leading or trailing whitespace in URL
           `https://github.com/PostHog/posthog.com/issues/new?title=Feedback
           on: The magic of a Hacker News Pre-Mortem&body=**Issue
           with: /blog/hacker-news-premortem.md**
           '.
Result     Valid: filtered

URL        `https://github.com/PostHog/posthog.com/issues/new?title=Feedback on: Array 1.37.0: Cohorts 2.0 and event & property detail pages&body=**Issue with: /blog/the-posthog-array-1-37-0.mdx**'
Parent URL https://posthog.com/blog/the-posthog-array-1-37-0, line 72, col 66628
Real URL   https://github.com/PostHog/posthog.com/issues/new?title=Feedback%20on:%20Array%201.37.0:%20Cohorts%202.0%20and%20event%20&%20property%20detail%20pages&body=%2A%2AIssue%20with:%20/blog/the-posthog-array-1-37-0.mdx%2A%2A
Info       The URL is outside of the domain filter, checked only
           syntax.
Warning    [url-whitespace] Leading or trailing whitespace in URL
           `https://github.com/PostHog/posthog.com/issues/new?title=Feedback
           on: Array 1.37.0: Cohorts 2.0 and event & property
           detail pages&body=**Issue with:
           /blog/the-posthog-array-1-37-0.mdx**
           '.
Result     Valid: filtered

URL        `https://github.com/PostHog/posthog.com/issues/new?title=Feedback on: The really important job interview questions engineers should ask (but don't)&body=**Issue with: /blog/what-to-ask-in-interviews.md**'
Parent URL https://posthog.com/blog/what-to-ask-in-interviews, line 72, col 59116
Real URL   https://github.com/PostHog/posthog.com/issues/new?title=Feedback%20on:%20The%20really%20important%20job%20interview%20questions%20engineers%20should%20ask%20%28but%20don%27t%29&body=%2A%2AIssue%20with:%20/blog/what-to-ask-in-interviews.md%2A%2A
Info       The URL is outside of the domain filter, checked only
           syntax.
Warning    [url-whitespace] Leading or trailing whitespace in URL
           `https://github.com/PostHog/posthog.com/issues/new?title=Feedback
           on: The really important job interview questions
           engineers should ask (but don't)&body=**Issue with:
           /blog/what-to-ask-in-interviews.md**
           '.
Result     Valid: filtered

URL        `https://github.com/PostHog/posthog.com/issues/new?title=Feedback on: The two ways to estimate your monthly event usage&body=**Issue with: /blog/calculating-events-from-users.md**'
Parent URL https://posthog.com/blog/calculating-events-from-users, line 73, col 17731
Real URL   https://github.com/PostHog/posthog.com/issues/new?title=Feedback%20on:%20The%20two%20ways%20to%20estimate%20your%20monthly%20event%20usage&body=%2A%2AIssue%20with:%20/blog/calculating-events-from-users.md%2A%2A
Info       The URL is outside of the domain filter, checked only
           syntax.
Warning    [url-whitespace] Leading or trailing whitespace in URL
           `https://github.com/PostHog/posthog.com/issues/new?title=Feedback
           on: The two ways to estimate your monthly event
           usage&body=**Issue with:
           /blog/calculating-events-from-users.md**
           '.
Result     Valid: filtered

URL        `https://github.com/PostHog/posthog.com/issues/new?title=Feedback on: Our new objective: Nail Self Serve&body=**Issue with: /blog/changing-to-self-serve.md**'
Parent URL https://posthog.com/blog/changing-to-self-serve, line 72, col 54292
Real URL   https://github.com/PostHog/posthog.com/issues/new?title=Feedback%20on:%20Our%20new%20objective:%20Nail%20Self%20Serve&body=%2A%2AIssue%20with:%20/blog/changing-to-self-serve.md%2A%2A
Info       The URL is outside of the domain filter, checked only
           syntax.
Warning    [url-whitespace] Leading or trailing whitespace in URL
           `https://github.com/PostHog/posthog.com/issues/new?title=Feedback
           on: Our new objective: Nail Self Serve&body=**Issue
           with: /blog/changing-to-self-serve.md**
           '.
Result     Valid: filtered

URL        `https://github.com/PostHog/posthog.com/issues/new?title=Feedback on: Why we ditched ‘talk to sales’ for transparent pricing&body=**Issue with: /blog/transparent-enterprise-pricing.md**'
Parent URL https://posthog.com/blog/transparent-enterprise-pricing, line 73, col 18477
Real URL   https://github.com/PostHog/posthog.com/issues/new?title=Feedback%20on:%20Why%20we%20ditched%20%E2%80%98talk%20to%20sales%E2%80%99%20for%20transparent%20pricing&body=%2A%2AIssue%20with:%20/blog/transparent-enterprise-pricing.md%2A%2A
Info       The URL is outside of the domain filter, checked only
           syntax.
Warning    [url-whitespace] Leading or trailing whitespace in URL
           `https://github.com/PostHog/posthog.com/issues/new?title=Feedback
           on: Why we ditched ‘talk to sales’ for transparent
           pricing&body=**Issue with:
           /blog/transparent-enterprise-pricing.md**
           '.
Result     Valid: filtered

URL        `https://github.com/PostHog/posthog.com/issues/new?title=Feedback on: Array 1.36.0: Introducing AND/OR filtering, timezone support and universal search&body=**Issue with: /blog/the-posthog-array-1-36-0.mdx**'
Parent URL https://posthog.com/blog/the-posthog-array-1-36-0, line 72, col 77369
Real URL   https://github.com/PostHog/posthog.com/issues/new?title=Feedback%20on:%20Array%201.36.0:%20Introducing%20AND/OR%20filtering,%20timezone%20support%20and%20universal%20search&body=%2A%2AIssue%20with:%20/blog/the-posthog-array-1-36-0.mdx%2A%2A
Info       The URL is outside of the domain filter, checked only
           syntax.
Warning    [url-whitespace] Leading or trailing whitespace in URL
           `https://github.com/PostHog/posthog.com/issues/new?title=Feedback
           on: Array 1.36.0: Introducing AND/OR filtering,
           timezone support and universal search&body=**Issue
           with: /blog/the-posthog-array-1-36-0.mdx**
           '.
Result     Valid: filtered

URL        `https://github.com/PostHog/posthog.com/issues/new?title=Feedback on: A non-coders thoughts on ‘Everybody Codes’ - Part Two&body=**Issue with: /blog/a-non-coders-thoughts-on-everybody-codes-culture-part-two.md**'
Parent URL https://posthog.com/blog/a-non-coders-thoughts-on-everybody-codes-culture-part-two, line 72, col 44282
Real URL   https://github.com/PostHog/posthog.com/issues/new?title=Feedback%20on:%20A%20non-coders%20thoughts%20on%20%E2%80%98Everybody%20Codes%E2%80%99%20-%20Part%20Two&body=%2A%2AIssue%20with:%20/blog/a-non-coders-thoughts-on-everybody-codes-culture-part-two.md%2A%2A
Info       The URL is outside of the domain filter, checked only
           syntax.
Warning    [url-whitespace] Leading or trailing whitespace in URL
           `https://github.com/PostHog/posthog.com/issues/new?title=Feedback
           on: A non-coders thoughts on ‘Everybody Codes’ - Part
           Two&body=**Issue with:
           /blog/a-non-coders-thoughts-on-everybody-codes-culture-part-two.md**
           '.
Result     Valid: filtered

URL        `https://github.com/PostHog/posthog.com/issues/new?title=Feedback on: The 5 best free and open-source A/B testing tools&body=**Issue with: /blog/best-open-source-ab-testing-tools.md**'
Parent URL https://posthog.com/blog/best-open-source-ab-testing-tools, line 72, col 81339
Real URL   https://github.com/PostHog/posthog.com/issues/new?title=Feedback%20on:%20The%205%20best%20free%20and%20open-source%20A/B%20testing%20tools&body=%2A%2AIssue%20with:%20/blog/best-open-source-ab-testing-tools.md%2A%2A
Info       The URL is outside of the domain filter, checked only
           syntax.
Warning    [url-whitespace] Leading or trailing whitespace in URL
           `https://github.com/PostHog/posthog.com/issues/new?title=Feedback
           on: The 5 best free and open-source A/B testing
           tools&body=**Issue with:
           /blog/best-open-source-ab-testing-tools.md**
           '.
Result     Valid: filtered

URL        `https://github.com/PostHog/posthog.com/issues/new?title=Feedback on: Reflecting on YC, 2 years on&body=**Issue with: /blog/yc-2-years-on.md**'
Parent URL https://posthog.com/blog/yc-2-years-on, line 72, col 60905
Real URL   https://github.com/PostHog/posthog.com/issues/new?title=Feedback%20on:%20Reflecting%20on%20YC,%202%20years%20on&body=%2A%2AIssue%20with:%20/blog/yc-2-years-on.md%2A%2A
Info       The URL is outside of the domain filter, checked only
           syntax.
Warning    [url-whitespace] Leading or trailing whitespace in URL
           `https://github.com/PostHog/posthog.com/issues/new?title=Feedback
           on: Reflecting on YC, 2 years on&body=**Issue with:
           /blog/yc-2-years-on.md**
           '.
Result     Valid: filtered

URL        `https://github.com/PostHog/posthog.com/issues/new?title=Feedback on: Restack joins the PostHog Marketplace&body=**Issue with: /blog/posthog-restack-announcement.md**'
Parent URL https://posthog.com/blog/posthog-restack-announcement, line 72, col 47807
Real URL   https://github.com/PostHog/posthog.com/issues/new?title=Feedback%20on:%20Restack%20joins%20the%20PostHog%20Marketplace&body=%2A%2AIssue%20with:%20/blog/posthog-restack-announcement.md%2A%2A
Info       The URL is outside of the domain filter, checked only
           syntax.
Warning    [url-whitespace] Leading or trailing whitespace in URL
           `https://github.com/PostHog/posthog.com/issues/new?title=Feedback
           on: Restack joins the PostHog Marketplace&body=**Issue
           with: /blog/posthog-restack-announcement.md**
           '.
Result     Valid: filtered

URL        `https://github.com/PostHog/posthog.com/issues/new?title=Feedback on: Using Google Analytics was deemed 'illegal' in some EU countries. We built a microsite in 48 hours to capitalize on the news.&body=**Issue with: /blog/is-google-analytics-illegal-microsite.md**'
Parent URL https://posthog.com/blog/is-google-analytics-illegal-microsite, line 73, col 40843
Real URL   https://github.com/PostHog/posthog.com/issues/new?title=Feedback%20on:%20Using%20Google%20Analytics%20was%20deemed%20%27illegal%27%20in%20some%20EU%20countries.%20We%20built%20a%20microsite%20in%2048%20hours%20to%20capitalize%20on%20the%20news.&body=%2A%2AIssue%20with:%20/blog/is-google-analytics-illegal-microsite.md%2A%2A
Info       The URL is outside of the domain filter, checked only
           syntax.
Warning    [url-whitespace] Leading or trailing whitespace in URL
           `https://github.com/PostHog/posthog.com/issues/new?title=Feedback
           on: Using Google Analytics was deemed 'illegal' in
           some EU countries. We built a microsite in 48 hours to
           capitalize on the news.&body=**Issue with:
           /blog/is-google-analytics-illegal-microsite.md**
           '.
Result     Valid: filtered

URL        `https://github.com/PostHog/posthog.com/issues/new?title=Feedback on: The ops toolkit for early-stage startups&body=**Issue with: /blog/startup-ops-toolkit.md**'
Parent URL https://posthog.com/blog/startup-ops-toolkit, line 72, col 73700
Real URL   https://github.com/PostHog/posthog.com/issues/new?title=Feedback%20on:%20The%20ops%20toolkit%20for%20early-stage%20startups&body=%2A%2AIssue%20with:%20/blog/startup-ops-toolkit.md%2A%2A
Info       The URL is outside of the domain filter, checked only
           syntax.
Warning    [url-whitespace] Leading or trailing whitespace in URL
           `https://github.com/PostHog/posthog.com/issues/new?title=Feedback
           on: The ops toolkit for early-stage
           startups&body=**Issue with:
           /blog/startup-ops-toolkit.md**
           '.
Result     Valid: filtered

URL        `https://github.com/PostHog/posthog.com/issues/new?title=Feedback on: Introducing the Avo Inspector app&body=**Issue with: /blog/avo-plugin-announcement.md**'
Parent URL https://posthog.com/blog/avo-plugin-announcement, line 72, col 39062
Real URL   https://github.com/PostHog/posthog.com/issues/new?title=Feedback%20on:%20Introducing%20the%20Avo%20Inspector%20app&body=%2A%2AIssue%20with:%20/blog/avo-plugin-announcement.md%2A%2A
Info       The URL is outside of the domain filter, checked only
           syntax.
Warning    [url-whitespace] Leading or trailing whitespace in URL
           `https://github.com/PostHog/posthog.com/issues/new?title=Feedback
           on: Introducing the Avo Inspector app&body=**Issue
           with: /blog/avo-plugin-announcement.md**
           '.
Result     Valid: filtered

URL        `https://github.com/PostHog/posthog.com/issues/new?title=Feedback on: Array 1.35.0: Introducing SAML, world map view and new plugins&body=**Issue with: /blog/the-posthog-array-1-35-0.md**'
Parent URL https://posthog.com/blog/the-posthog-array-1-35-0, line 72, col 60939
Real URL   https://github.com/PostHog/posthog.com/issues/new?title=Feedback%20on:%20Array%201.35.0:%20Introducing%20SAML,%20world%20map%20view%20and%20new%20plugins&body=%2A%2AIssue%20with:%20/blog/the-posthog-array-1-35-0.md%2A%2A
Info       The URL is outside of the domain filter, checked only
           syntax.
Warning    [url-whitespace] Leading or trailing whitespace in URL
           `https://github.com/PostHog/posthog.com/issues/new?title=Feedback
           on: Array 1.35.0: Introducing SAML, world map view and
           new plugins&body=**Issue with:
           /blog/the-posthog-array-1-35-0.md**
           '.
Result     Valid: filtered

URL        `https://github.com/PostHog/posthog.com/issues/new?title=Feedback on: Array 1.34.0&body=**Issue with: /blog/the-posthog-array-1-34-0.md**'
Parent URL https://posthog.com/blog/the-posthog-array-1-34-0, line 72, col 63839
Real URL   https://github.com/PostHog/posthog.com/issues/new?title=Feedback%20on:%20Array%201.34.0&body=%2A%2AIssue%20with:%20/blog/the-posthog-array-1-34-0.md%2A%2A
Info       The URL is outside of the domain filter, checked only
           syntax.
Warning    [url-whitespace] Leading or trailing whitespace in URL
           `https://github.com/PostHog/posthog.com/issues/new?title=Feedback
           on: Array 1.34.0&body=**Issue with:
           /blog/the-posthog-array-1-34-0.md**
           '.
Result     Valid: filtered

URL        `https://github.com/PostHog/posthog.com/issues/new?title=Feedback on: Introducing Collaboration for PostHog&body=**Issue with: /blog/collaborating-on-posthog.md**'
Parent URL https://posthog.com/blog/collaborating-on-posthog, line 72, col 61941
Real URL   https://github.com/PostHog/posthog.com/issues/new?title=Feedback%20on:%20Introducing%20Collaboration%20for%20PostHog&body=%2A%2AIssue%20with:%20/blog/collaborating-on-posthog.md%2A%2A
Info       The URL is outside of the domain filter, checked only
           syntax.
Warning    [url-whitespace] Leading or trailing whitespace in URL
           `https://github.com/PostHog/posthog.com/issues/new?title=Feedback
           on: Introducing Collaboration for PostHog&body=**Issue
           with: /blog/collaborating-on-posthog.md**
           '.
Result     Valid: filtered

URL        `https://github.com/PostHog/posthog.com/issues/new?title=Feedback on: PostHog Launch Week I: A Universe of New Features&body=**Issue with: /blog/launch-week-universe-of-new-features.md**'
Parent URL https://posthog.com/blog/launch-week-universe-of-new-features, line 72, col 55842
Real URL   https://github.com/PostHog/posthog.com/issues/new?title=Feedback%20on:%20PostHog%20Launch%20Week%20I:%20A%20Universe%20of%20New%20Features&body=%2A%2AIssue%20with:%20/blog/launch-week-universe-of-new-features.md%2A%2A
Info       The URL is outside of the domain filter, checked only
           syntax.
Warning    [url-whitespace] Leading or trailing whitespace in URL
           `https://github.com/PostHog/posthog.com/issues/new?title=Feedback
           on: PostHog Launch Week I: A Universe of New
           Features&body=**Issue with:
           /blog/launch-week-universe-of-new-features.md**
           '.
Result     Valid: filtered

URL        `https://github.com/PostHog/posthog.com/issues/new?title=Feedback on: How we’re making PostHog deployments easier&body=**Issue with: /blog/improving-posthog-deployments.md**'
Parent URL https://posthog.com/blog/improving-posthog-deployments, line 72, col 77473
Real URL   https://github.com/PostHog/posthog.com/issues/new?title=Feedback%20on:%20How%20we%E2%80%99re%20making%20PostHog%20deployments%20easier&body=%2A%2AIssue%20with:%20/blog/improving-posthog-deployments.md%2A%2A
Info       The URL is outside of the domain filter, checked only
           syntax.
Warning    [url-whitespace] Leading or trailing whitespace in URL
           `https://github.com/PostHog/posthog.com/issues/new?title=Feedback
           on: How we’re making PostHog deployments
           easier&body=**Issue with:
           /blog/improving-posthog-deployments.md**
           '.
Result     Valid: filtered

URL        `https://github.com/PostHog/posthog.com/issues/new?title=Feedback on: PostHog teams up with Altinity&body=**Issue with: /blog/posthog-altinity-announce.md**'
Parent URL https://posthog.com/blog/posthog-altinity-announce, line 72, col 46935
Real URL   https://github.com/PostHog/posthog.com/issues/new?title=Feedback%20on:%20PostHog%20teams%20up%20with%20Altinity&body=%2A%2AIssue%20with:%20/blog/posthog-altinity-announce.md%2A%2A
Info       The URL is outside of the domain filter, checked only
           syntax.
Warning    [url-whitespace] Leading or trailing whitespace in URL
           `https://github.com/PostHog/posthog.com/issues/new?title=Feedback
           on: PostHog teams up with Altinity&body=**Issue with:
           /blog/posthog-altinity-announce.md**
           '.
Result     Valid: filtered

URL        `https://github.com/PostHog/posthog.com/issues/new?title=Feedback on: The secrets of PostHog query performance&body=**Issue with: /blog/secrets-of-posthog-query-performance.md**'
Parent URL https://posthog.com/blog/secrets-of-posthog-query-performance, line 74, col 44101
Real URL   https://github.com/PostHog/posthog.com/issues/new?title=Feedback%20on:%20The%20secrets%20of%20PostHog%20query%20performance&body=%2A%2AIssue%20with:%20/blog/secrets-of-posthog-query-performance.md%2A%2A
Info       The URL is outside of the domain filter, checked only
           syntax.
Warning    [url-whitespace] Leading or trailing whitespace in URL
           `https://github.com/PostHog/posthog.com/issues/new?title=Feedback
           on: The secrets of PostHog query
           performance&body=**Issue with:
           /blog/secrets-of-posthog-query-performance.md**
           '.
Result     Valid: filtered

URL        `https://github.com/PostHog/posthog.com/issues/new?title=Feedback on: Introducing Data Management for PostHog&body=**Issue with: /blog/data-management-feature.md**'
Parent URL https://posthog.com/blog/data-management-feature, line 72, col 59517
Real URL   https://github.com/PostHog/posthog.com/issues/new?title=Feedback%20on:%20Introducing%20Data%20Management%20for%20PostHog&body=%2A%2AIssue%20with:%20/blog/data-management-feature.md%2A%2A
Info       The URL is outside of the domain filter, checked only
           syntax.
Warning    [url-whitespace] Leading or trailing whitespace in URL
           `https://github.com/PostHog/posthog.com/issues/new?title=Feedback
           on: Introducing Data Management for
           PostHog&body=**Issue with:
           /blog/data-management-feature.md**
           '.
Result     Valid: filtered

URL        `https://github.com/PostHog/posthog.com/issues/new?title=Feedback on: Enabling zero downtime data migrations for self-hosted users&body=**Issue with: /blog/async-migrations.md**'
Parent URL https://posthog.com/blog/async-migrations, line 74, col 32273
Real URL   https://github.com/PostHog/posthog.com/issues/new?title=Feedback%20on:%20Enabling%20zero%20downtime%20data%20migrations%20for%20self-hosted%20users&body=%2A%2AIssue%20with:%20/blog/async-migrations.md%2A%2A
Info       The URL is outside of the domain filter, checked only
           syntax.
Warning    [url-whitespace] Leading or trailing whitespace in URL
           `https://github.com/PostHog/posthog.com/issues/new?title=Feedback
           on: Enabling zero downtime data migrations for
           self-hosted users&body=**Issue with:
           /blog/async-migrations.md**
           '.
Result     Valid: filtered

URL        `https://github.com/PostHog/posthog.com/issues/new?title=Feedback on: Counterintuitive lessons about our pricing&body=**Issue with: /blog/pricing-lessons.md**'
Parent URL https://posthog.com/blog/pricing-lessons, line 72, col 60496
Real URL   https://github.com/PostHog/posthog.com/issues/new?title=Feedback%20on:%20Counterintuitive%20lessons%20about%20our%20pricing&body=%2A%2AIssue%20with:%20/blog/pricing-lessons.md%2A%2A
Info       The URL is outside of the domain filter, checked only
           syntax.
Warning    [url-whitespace] Leading or trailing whitespace in URL
           `https://github.com/PostHog/posthog.com/issues/new?title=Feedback
           on: Counterintuitive lessons about our
           pricing&body=**Issue with: /blog/pricing-lessons.md**
           '.
Result     Valid: filtered

URL        `https://github.com/PostHog/posthog.com/issues/new?title=Feedback on: Using Gatsby and Puppeteer to create dynamic Open Graph images&body=**Issue with: /blog/dynamic-open-graph-images.md**'
Parent URL https://posthog.com/blog/dynamic-open-graph-images, line 73, col 60733
Real URL   https://github.com/PostHog/posthog.com/issues/new?title=Feedback%20on:%20Using%20Gatsby%20and%20Puppeteer%20to%20create%20dynamic%20Open%20Graph%20images&body=%2A%2AIssue%20with:%20/blog/dynamic-open-graph-images.md%2A%2A
Info       The URL is outside of the domain filter, checked only
           syntax.
Warning    [url-whitespace] Leading or trailing whitespace in URL
           `https://github.com/PostHog/posthog.com/issues/new?title=Feedback
           on: Using Gatsby and Puppeteer to create dynamic Open
           Graph images&body=**Issue with:
           /blog/dynamic-open-graph-images.md**
           '.
Result     Valid: filtered

URL        `https://github.com/PostHog/posthog.com/issues/new?title=Feedback on: You can now reverse ETL into PostHog with Hightouch&body=**Issue with: /blog/hightouch-posthog-reverse-etl-integration.md**'
Parent URL https://posthog.com/blog/hightouch-posthog-reverse-etl-integration, line 72, col 56205
Real URL   https://github.com/PostHog/posthog.com/issues/new?title=Feedback%20on:%20You%20can%20now%20reverse%20ETL%20into%20PostHog%20with%20Hightouch&body=%2A%2AIssue%20with:%20/blog/hightouch-posthog-reverse-etl-integration.md%2A%2A
Info       The URL is outside of the domain filter, checked only
           syntax.
Warning    [url-whitespace] Leading or trailing whitespace in URL
           `https://github.com/PostHog/posthog.com/issues/new?title=Feedback
           on: You can now reverse ETL into PostHog with
           Hightouch&body=**Issue with:
           /blog/hightouch-posthog-reverse-etl-integration.md**
           '.
Result     Valid: filtered

URL        `https://github.com/PostHog/posthog.com/issues/new?title=Feedback on: Array 1.33.0&body=**Issue with: /blog/the-posthog-array-1-33-0.md**'
Parent URL https://posthog.com/blog/the-posthog-array-1-33-0, line 72, col 63059
Real URL   https://github.com/PostHog/posthog.com/issues/new?title=Feedback%20on:%20Array%201.33.0&body=%2A%2AIssue%20with:%20/blog/the-posthog-array-1-33-0.md%2A%2A
Info       The URL is outside of the domain filter, checked only
           syntax.
Warning    [url-whitespace] Leading or trailing whitespace in URL
           `https://github.com/PostHog/posthog.com/issues/new?title=Feedback
           on: Array 1.33.0&body=**Issue with:
           /blog/the-posthog-array-1-33-0.md**
           '.
Result     Valid: filtered

URL        `https://github.com/PostHog/posthog.com/issues/new?title=Feedback on: I used to think you don't need product people. I was wrong.&body=**Issue with: /blog/product-360.md**'
Parent URL https://posthog.com/blog/product-360, line 72, col 67304
Real URL   https://github.com/PostHog/posthog.com/issues/new?title=Feedback%20on:%20I%20used%20to%20think%20you%20don%27t%20need%20product%20people.%20I%20was%20wrong.&body=%2A%2AIssue%20with:%20/blog/product-360.md%2A%2A
Info       The URL is outside of the domain filter, checked only
           syntax.
Warning    [url-whitespace] Leading or trailing whitespace in URL
           `https://github.com/PostHog/posthog.com/issues/new?title=Feedback
           on: I used to think you don't need product people. I
           was wrong.&body=**Issue with: /blog/product-360.md**
           '.
Result     Valid: filtered

URL        `https://github.com/PostHog/posthog.com/issues/new?title=Feedback on: HostHogs - free drinks, free pizza and frequently asked questions&body=**Issue with: /blog/hosthog-blog.md**'
Parent URL https://posthog.com/blog/hosthog-blog, line 72, col 56789
Real URL   https://github.com/PostHog/posthog.com/issues/new?title=Feedback%20on:%20HostHogs%20-%20free%20drinks,%20free%20pizza%20and%20frequently%20asked%20questions&body=%2A%2AIssue%20with:%20/blog/hosthog-blog.md%2A%2A
Info       The URL is outside of the domain filter, checked only
           syntax.
Warning    [url-whitespace] Leading or trailing whitespace in URL
           `https://github.com/PostHog/posthog.com/issues/new?title=Feedback
           on: HostHogs - free drinks, free pizza and frequently
           asked questions&body=**Issue with:
           /blog/hosthog-blog.md**
           '.
Result     Valid: filtered

URL        `https://github.com/PostHog/posthog.com/issues/new?title=Feedback on: Solving the mystery of PostHog’s missing session recordings&body=**Issue with: /blog/missing-recordings.md**'
Parent URL https://posthog.com/blog/missing-recordings, line 72, col 58311
Real URL   https://github.com/PostHog/posthog.com/issues/new?title=Feedback%20on:%20Solving%20the%20mystery%20of%20PostHog%E2%80%99s%20missing%20session%20recordings&body=%2A%2AIssue%20with:%20/blog/missing-recordings.md%2A%2A
Info       The URL is outside of the domain filter, checked only
           syntax.
Warning    [url-whitespace] Leading or trailing whitespace in URL
           `https://github.com/PostHog/posthog.com/issues/new?title=Feedback
           on: Solving the mystery of PostHog’s missing session
           recordings&body=**Issue with:
           /blog/missing-recordings.md**
           '.
Result     Valid: filtered

URL        `https://github.com/PostHog/posthog.com/issues/new?title=Feedback on: Send love to open-source projects on Valentine's Day&body=**Issue with: /blog/send-love-to-open-source.md**'
Parent URL https://posthog.com/blog/send-love-to-open-source, line 72, col 53222
Real URL   https://github.com/PostHog/posthog.com/issues/new?title=Feedback%20on:%20Send%20love%20to%20open-source%20projects%20on%20Valentine%27s%20Day&body=%2A%2AIssue%20with:%20/blog/send-love-to-open-source.md%2A%2A
Info       The URL is outside of the domain filter, checked only
           syntax.
Warning    [url-whitespace] Leading or trailing whitespace in URL
           `https://github.com/PostHog/posthog.com/issues/new?title=Feedback
           on: Send love to open-source projects on Valentine's
           Day&body=**Issue with:
           /blog/send-love-to-open-source.md**
           '.
Result     Valid: filtered

URL        `https://github.com/PostHog/posthog.com/issues/new?title=Feedback on: How I learned to love feedback loops (and make better products)&body=**Issue with: /blog/feedback-loops.md**'
Parent URL https://posthog.com/blog/feedback-loops, line 72, col 56022
Real URL   https://github.com/PostHog/posthog.com/issues/new?title=Feedback%20on:%20How%20I%20learned%20to%20love%20feedback%20loops%20%28and%20make%20better%20products%29&body=%2A%2AIssue%20with:%20/blog/feedback-loops.md%2A%2A
Info       The URL is outside of the domain filter, checked only
           syntax.
Warning    [url-whitespace] Leading or trailing whitespace in URL
           `https://github.com/PostHog/posthog.com/issues/new?title=Feedback
           on: How I learned to love feedback loops (and make
           better products)&body=**Issue with:
           /blog/feedback-loops.md**
           '.
Result     Valid: filtered

URL        `https://github.com/PostHog/posthog.com/issues/new?title=Feedback on: Array 1.32.0&body=**Issue with: /blog/the-posthog-array-1-32-0.md**'
Parent URL https://posthog.com/blog/the-posthog-array-1-32-0, line 72, col 62953
Real URL   https://github.com/PostHog/posthog.com/issues/new?title=Feedback%20on:%20Array%201.32.0&body=%2A%2AIssue%20with:%20/blog/the-posthog-array-1-32-0.md%2A%2A
Info       The URL is outside of the domain filter, checked only
           syntax.
Warning    [url-whitespace] Leading or trailing whitespace in URL
           `https://github.com/PostHog/posthog.com/issues/new?title=Feedback
           on: Array 1.32.0&body=**Issue with:
           /blog/the-posthog-array-1-32-0.md**
           '.
Result     Valid: filtered

URL        `https://github.com/PostHog/posthog.com/issues/new?title=Feedback on: Why open-source projects are essential for large businesses&body=**Issue with: /blog/scarf-open-source-projects.md**'
Parent URL https://posthog.com/blog/scarf-open-source-projects, line 72, col 54841
Real URL   https://github.com/PostHog/posthog.com/issues/new?title=Feedback%20on:%20Why%20open-source%20projects%20are%20essential%20for%20large%20businesses&body=%2A%2AIssue%20with:%20/blog/scarf-open-source-projects.md%2A%2A
Info       The URL is outside of the domain filter, checked only
           syntax.
Warning    [url-whitespace] Leading or trailing whitespace in URL
           `https://github.com/PostHog/posthog.com/issues/new?title=Feedback
           on: Why open-source projects are essential for large
           businesses&body=**Issue with:
           /blog/scarf-open-source-projects.md**
           '.
Result     Valid: filtered

URL        `https://github.com/PostHog/posthog.com/issues/new?title=Feedback on: A new 'Privacy Shield' won't solve big tech's GDPR problem&body=**Issue with: /blog/gdpr-google-analytics-privacy-shield.md**'
Parent URL https://posthog.com/blog/gdpr-google-analytics-privacy-shield, line 72, col 59603
Real URL   https://github.com/PostHog/posthog.com/issues/new?title=Feedback%20on:%20A%20new%20%27Privacy%20Shield%27%20won%27t%20solve%20big%20tech%27s%20GDPR%20problem&body=%2A%2AIssue%20with:%20/blog/gdpr-google-analytics-privacy-shield.md%2A%2A
Info       The URL is outside of the domain filter, checked only
           syntax.
Warning    [url-whitespace] Leading or trailing whitespace in URL
           `https://github.com/PostHog/posthog.com/issues/new?title=Feedback
           on: A new 'Privacy Shield' won't solve big tech's GDPR
           problem&body=**Issue with:
           /blog/gdpr-google-analytics-privacy-shield.md**
           '.
Result     Valid: filtered

URL        `https://github.com/PostHog/posthog.com/issues/new?title=Feedback on: The 3 critical reasons companies choose self-hosted analytics&body=**Issue with: /blog/why-companies-self-host.md**'
Parent URL https://posthog.com/blog/why-companies-self-host, line 72, col 58984
Real URL   https://github.com/PostHog/posthog.com/issues/new?title=Feedback%20on:%20The%203%20critical%20reasons%20companies%20choose%20self-hosted%20analytics&body=%2A%2AIssue%20with:%20/blog/why-companies-self-host.md%2A%2A
Info       The URL is outside of the domain filter, checked only
           syntax.
Warning    [url-whitespace] Leading or trailing whitespace in URL
           `https://github.com/PostHog/posthog.com/issues/new?title=Feedback
           on: The 3 critical reasons companies choose
           self-hosted analytics&body=**Issue with:
           /blog/why-companies-self-host.md**
           '.
Result     Valid: filtered

URL        `https://github.com/PostHog/posthog.com/issues/new?title=Feedback on: Things I learned last year&body=**Issue with: /blog/ceo-diary-5.md**'
Parent URL https://posthog.com/blog/ceo-diary-5, line 72, col 61383
Real URL   https://github.com/PostHog/posthog.com/issues/new?title=Feedback%20on:%20Things%20I%20learned%20last%20year&body=%2A%2AIssue%20with:%20/blog/ceo-diary-5.md%2A%2A
Info       The URL is outside of the domain filter, checked only
           syntax.
Warning    [url-whitespace] Leading or trailing whitespace in URL
           `https://github.com/PostHog/posthog.com/issues/new?title=Feedback
           on: Things I learned last year&body=**Issue with:
           /blog/ceo-diary-5.md**
           '.
Result     Valid: filtered

URL        `https://github.com/PostHog/posthog.com/issues/new?title=Feedback on: What is user segmentation?&body=**Issue with: /blog/how-to-do-user-segmentation.md**'
Parent URL https://posthog.com/blog/how-to-do-user-segmentation, line 72, col 58668
Real URL   https://github.com/PostHog/posthog.com/issues/new?title=Feedback%20on:%20What%20is%20user%20segmentation?&body=%2A%2AIssue%20with:%20/blog/how-to-do-user-segmentation.md%2A%2A
Info       The URL is outside of the domain filter, checked only
           syntax.
Warning    [url-whitespace] Leading or trailing whitespace in URL
           `https://github.com/PostHog/posthog.com/issues/new?title=Feedback
           on: What is user segmentation?&body=**Issue with:
           /blog/how-to-do-user-segmentation.md**
           '.
Result     Valid: filtered

URL        `https://github.com/PostHog/posthog.com/issues/new?title=Feedback on: Group Analytics is now available in PostHog&body=**Issue with: /blog/group-analytics-launch.md**'
Parent URL https://posthog.com/blog/group-analytics-launch, line 72, col 49117
Real URL   https://github.com/PostHog/posthog.com/issues/new?title=Feedback%20on:%20Group%20Analytics%20is%20now%20available%20in%20PostHog&body=%2A%2AIssue%20with:%20/blog/group-analytics-launch.md%2A%2A
Info       The URL is outside of the domain filter, checked only
           syntax.
Warning    [url-whitespace] Leading or trailing whitespace in URL
           `https://github.com/PostHog/posthog.com/issues/new?title=Feedback
           on: Group Analytics is now available in
           PostHog&body=**Issue with:
           /blog/group-analytics-launch.md**
           '.
Result     Valid: filtered

URL        `https://github.com/PostHog/posthog.com/issues/new?title=Feedback on: Array 1.31.0&body=**Issue with: /blog/the-posthog-array-1-31-0.md**'
Parent URL https://posthog.com/blog/the-posthog-array-1-31-0, line 72, col 61982
Real URL   https://github.com/PostHog/posthog.com/issues/new?title=Feedback%20on:%20Array%201.31.0&body=%2A%2AIssue%20with:%20/blog/the-posthog-array-1-31-0.md%2A%2A
Info       The URL is outside of the domain filter, checked only
           syntax.
Warning    [url-whitespace] Leading or trailing whitespace in URL
           `https://github.com/PostHog/posthog.com/issues/new?title=Feedback
           on: Array 1.31.0&body=**Issue with:
           /blog/the-posthog-array-1-31-0.md**
           '.
Result     Valid: filtered

URL        `https://github.com/PostHog/posthog.com/issues/new?title=Feedback on: How to achieve B2B product market fit&body=**Issue with: /blog/how-to-product-market-fit.md**'
Parent URL https://posthog.com/blog/how-to-product-market-fit, line 72, col 59314
Real URL   https://github.com/PostHog/posthog.com/issues/new?title=Feedback%20on:%20How%20to%20achieve%20B2B%20product%20market%20fit&body=%2A%2AIssue%20with:%20/blog/how-to-product-market-fit.md%2A%2A
Info       The URL is outside of the domain filter, checked only
           syntax.
Warning    [url-whitespace] Leading or trailing whitespace in URL
           `https://github.com/PostHog/posthog.com/issues/new?title=Feedback
           on: How to achieve B2B product market fit&body=**Issue
           with: /blog/how-to-product-market-fit.md**
           '.
Result     Valid: filtered

URL        `https://github.com/PostHog/posthog.com/issues/new?title=Feedback on: How to work out what your users really need&body=**Issue with: /blog/how-to-work-out-what-users-need.md**'
Parent URL https://posthog.com/blog/how-to-work-out-what-users-need, line 72, col 68672
Real URL   https://github.com/PostHog/posthog.com/issues/new?title=Feedback%20on:%20How%20to%20work%20out%20what%20your%20users%20really%20need&body=%2A%2AIssue%20with:%20/blog/how-to-work-out-what-users-need.md%2A%2A
Info       The URL is outside of the domain filter, checked only
           syntax.
Warning    [url-whitespace] Leading or trailing whitespace in URL
           `https://github.com/PostHog/posthog.com/issues/new?title=Feedback
           on: How to work out what your users really
           need&body=**Issue with:
           /blog/how-to-work-out-what-users-need.md**
           '.
Result     Valid: filtered

URL        `https://github.com/PostHog/posthog.com/issues/new?title=Feedback on: Don’t bother securing your trademarks in the beginning&body=**Issue with: /blog/registering-trademarks.md**'
Parent URL https://posthog.com/blog/registering-trademarks, line 72, col 51201
Real URL   https://github.com/PostHog/posthog.com/issues/new?title=Feedback%20on:%20Don%E2%80%99t%20bother%20securing%20your%20trademarks%20in%20the%20beginning&body=%2A%2AIssue%20with:%20/blog/registering-trademarks.md%2A%2A
Info       The URL is outside of the domain filter, checked only
           syntax.
Warning    [url-whitespace] Leading or trailing whitespace in URL
           `https://github.com/PostHog/posthog.com/issues/new?title=Feedback
           on: Don’t bother securing your trademarks in the
           beginning&body=**Issue with:
           /blog/registering-trademarks.md**
           '.
Result     Valid: filtered

URL        `https://github.com/PostHog/posthog.com/issues/new?title=Feedback on: Introduction to self-service analytics&body=**Issue with: /blog/Introduction-to-self-service-analytics.md**'
Parent URL https://posthog.com/blog/Introduction-to-self-service-analytics, line 72, col 56192
Real URL   https://github.com/PostHog/posthog.com/issues/new?title=Feedback%20on:%20Introduction%20to%20self-service%20analytics&body=%2A%2AIssue%20with:%20/blog/Introduction-to-self-service-analytics.md%2A%2A
Info       The URL is outside of the domain filter, checked only
           syntax.
Warning    [url-whitespace] Leading or trailing whitespace in URL
           `https://github.com/PostHog/posthog.com/issues/new?title=Feedback
           on: Introduction to self-service
           analytics&body=**Issue with:
           /blog/Introduction-to-self-service-analytics.md**
           '.
Result     Valid: filtered

URL        `https://github.com/PostHog/posthog.com/issues/new?title=Feedback on: Give Back Friday with PostHog&body=**Issue with: /blog/give-back-friday-2021.md**'
Parent URL https://posthog.com/blog/give-back-friday-2021, line 72, col 56158
Real URL   https://github.com/PostHog/posthog.com/issues/new?title=Feedback%20on:%20Give%20Back%20Friday%20with%20PostHog&body=%2A%2AIssue%20with:%20/blog/give-back-friday-2021.md%2A%2A
Info       The URL is outside of the domain filter, checked only
           syntax.
Warning    [url-whitespace] Leading or trailing whitespace in URL
           `https://github.com/PostHog/posthog.com/issues/new?title=Feedback
           on: Give Back Friday with PostHog&body=**Issue with:
           /blog/give-back-friday-2021.md**
           '.
Result     Valid: filtered

URL        `https://github.com/PostHog/posthog.com/issues/new?title=Feedback on: How to measure product engagement&body=**Issue with: /blog/how-to-measure-product-engagement.md**'
Parent URL https://posthog.com/blog/how-to-measure-product-engagement, line 75, col 24341
Real URL   https://github.com/PostHog/posthog.com/issues/new?title=Feedback%20on:%20How%20to%20measure%20product%20engagement&body=%2A%2AIssue%20with:%20/blog/how-to-measure-product-engagement.md%2A%2A
Info       The URL is outside of the domain filter, checked only
           syntax.
Warning    [url-whitespace] Leading or trailing whitespace in URL
           `https://github.com/PostHog/posthog.com/issues/new?title=Feedback
           on: How to measure product engagement&body=**Issue
           with: /blog/how-to-measure-product-engagement.md**
           '.
Result     Valid: filtered

URL        `https://github.com/PostHog/posthog.com/issues/new?title=Feedback on: Array 1.30.0&body=**Issue with: /blog/the-posthog-array-1-30-0.md**'
Parent URL https://posthog.com/blog/the-posthog-array-1-30-0, line 72, col 61931
Real URL   https://github.com/PostHog/posthog.com/issues/new?title=Feedback%20on:%20Array%201.30.0&body=%2A%2AIssue%20with:%20/blog/the-posthog-array-1-30-0.md%2A%2A
Info       The URL is outside of the domain filter, checked only
           syntax.
Warning    [url-whitespace] Leading or trailing whitespace in URL
           `https://github.com/PostHog/posthog.com/issues/new?title=Feedback
           on: Array 1.30.0&body=**Issue with:
           /blog/the-posthog-array-1-30-0.md**
           '.
Result     Valid: filtered

URL        `https://github.com/PostHog/posthog.com/issues/new?title=Feedback on: The state of plugins on PostHog&body=**Issue with: /blog/the-state-of-plugins.md**'
Parent URL https://posthog.com/blog/the-state-of-plugins, line 72, col 59408
Real URL   https://github.com/PostHog/posthog.com/issues/new?title=Feedback%20on:%20The%20state%20of%20plugins%20on%20PostHog&body=%2A%2AIssue%20with:%20/blog/the-state-of-plugins.md%2A%2A
Info       The URL is outside of the domain filter, checked only
           syntax.
Warning    [url-whitespace] Leading or trailing whitespace in URL
           `https://github.com/PostHog/posthog.com/issues/new?title=Feedback
           on: The state of plugins on PostHog&body=**Issue with:
           /blog/the-state-of-plugins.md**
           '.
Result     Valid: filtered

URL        `https://github.com/PostHog/posthog.com/issues/new?title=Feedback on: Cancer and revenue - the latest board meeting&body=**Issue with: /blog/ceo-diary-3.md**'
Parent URL https://posthog.com/blog/ceo-diary-3, line 72, col 59106
Real URL   https://github.com/PostHog/posthog.com/issues/new?title=Feedback%20on:%20Cancer%20and%20revenue%20-%20the%20latest%20board%20meeting&body=%2A%2AIssue%20with:%20/blog/ceo-diary-3.md%2A%2A
Info       The URL is outside of the domain filter, checked only
           syntax.
Warning    [url-whitespace] Leading or trailing whitespace in URL
           `https://github.com/PostHog/posthog.com/issues/new?title=Feedback
           on: Cancer and revenue - the latest board
           meeting&body=**Issue with: /blog/ceo-diary-3.md**
           '.
Result     Valid: filtered

URL        `https://github.com/PostHog/posthog.com/issues/new?title=Feedback on: How we turned ClickHouse into our event mansion&body=**Issue with: /blog/how-we-turned-clickhouse-into-our-eventmansion.mdx**'
Parent URL https://posthog.com/blog/how-we-turned-clickhouse-into-our-eventmansion, line 72, col 62500
Real URL   https://github.com/PostHog/posthog.com/issues/new?title=Feedback%20on:%20How%20we%20turned%20ClickHouse%20into%20our%20event%20mansion&body=%2A%2AIssue%20with:%20/blog/how-we-turned-clickhouse-into-our-eventmansion.mdx%2A%2A
Info       The URL is outside of the domain filter, checked only
           syntax.
Warning    [url-whitespace] Leading or trailing whitespace in URL
           `https://github.com/PostHog/posthog.com/issues/new?title=Feedback
           on: How we turned ClickHouse into our event
           mansion&body=**Issue with:
           /blog/how-we-turned-clickhouse-into-our-eventmansion.mdx**
           '.
Result     Valid: filtered

URL        `https://github.com/PostHog/posthog.com/issues/new?title=Feedback on: An introduction to customer retention&body=**Issue with: /blog/introduction-to-customer-retention.md**'
Parent URL https://posthog.com/blog/introduction-to-customer-retention, line 72, col 65057
Real URL   https://github.com/PostHog/posthog.com/issues/new?title=Feedback%20on:%20An%20introduction%20to%20customer%20retention&body=%2A%2AIssue%20with:%20/blog/introduction-to-customer-retention.md%2A%2A
Info       The URL is outside of the domain filter, checked only
           syntax.
Warning    [url-whitespace] Leading or trailing whitespace in URL
           `https://github.com/PostHog/posthog.com/issues/new?title=Feedback
           on: An introduction to customer retention&body=**Issue
           with: /blog/introduction-to-customer-retention.md**
           '.
Result     Valid: filtered

URL        `https://github.com/PostHog/posthog.com/issues/new?title=Feedback on: How to speed up ClickHouse queries using materialized columns&body=**Issue with: /blog/clickhouse-materialized-columns.md**'
Parent URL https://posthog.com/blog/clickhouse-materialized-columns, line 74, col 22694
Real URL   https://github.com/PostHog/posthog.com/issues/new?title=Feedback%20on:%20How%20to%20speed%20up%20ClickHouse%20queries%20using%20materialized%20columns&body=%2A%2AIssue%20with:%20/blog/clickhouse-materialized-columns.md%2A%2A
Info       The URL is outside of the domain filter, checked only
           syntax.
Warning    [url-whitespace] Leading or trailing whitespace in URL
           `https://github.com/PostHog/posthog.com/issues/new?title=Feedback
           on: How to speed up ClickHouse queries using
           materialized columns&body=**Issue with:
           /blog/clickhouse-materialized-columns.md**
           '.
Result     Valid: filtered

URL        `https://github.com/PostHog/posthog.com/issues/new?title=Feedback on: Array 1.29.0&body=**Issue with: /blog/the-posthog-array-1-29-0.md**'
Parent URL https://posthog.com/blog/the-posthog-array-1-29-0, line 72, col 66533
Real URL   https://github.com/PostHog/posthog.com/issues/new?title=Feedback%20on:%20Array%201.29.0&body=%2A%2AIssue%20with:%20/blog/the-posthog-array-1-29-0.md%2A%2A
Info       The URL is outside of the domain filter, checked only
           syntax.
Warning    [url-whitespace] Leading or trailing whitespace in URL
           `https://github.com/PostHog/posthog.com/issues/new?title=Feedback
           on: Array 1.29.0&body=**Issue with:
           /blog/the-posthog-array-1-29-0.md**
           '.
Result     Valid: filtered

URL        `https://github.com/PostHog/posthog.com/issues/new?title=Feedback on: An introduction to product analytics and how it works&body=**Issue with: /blog/what-is-product-analytics.md**'
Parent URL https://posthog.com/blog/what-is-product-analytics, line 72, col 63598
Real URL   https://github.com/PostHog/posthog.com/issues/new?title=Feedback%20on:%20An%20introduction%20to%20product%20analytics%20and%20how%20it%20works&body=%2A%2AIssue%20with:%20/blog/what-is-product-analytics.md%2A%2A
Info       The URL is outside of the domain filter, checked only
           syntax.
Warning    [url-whitespace] Leading or trailing whitespace in URL
           `https://github.com/PostHog/posthog.com/issues/new?title=Feedback
           on: An introduction to product analytics and how it
           works&body=**Issue with:
           /blog/what-is-product-analytics.md**
           '.
Result     Valid: filtered

URL        `https://github.com/PostHog/posthog.com/issues/new?title=Feedback on: Why we're removing the sessions page&body=**Issue with: /blog/sessions-removal.md**'
Parent URL https://posthog.com/blog/sessions-removal, line 73, col 19218
Real URL   https://github.com/PostHog/posthog.com/issues/new?title=Feedback%20on:%20Why%20we%27re%20removing%20the%20sessions%20page&body=%2A%2AIssue%20with:%20/blog/sessions-removal.md%2A%2A
Info       The URL is outside of the domain filter, checked only
           syntax.
Warning    [url-whitespace] Leading or trailing whitespace in URL
           `https://github.com/PostHog/posthog.com/issues/new?title=Feedback
           on: Why we're removing the sessions page&body=**Issue
           with: /blog/sessions-removal.md**
           '.
Result     Valid: filtered

URL        `https://github.com/PostHog/posthog.com/issues/new?title=Feedback on: How we designed the PostHog mascot&body=**Issue with: /blog/drawing-hedgehogs.md**'
Parent URL https://posthog.com/blog/drawing-hedgehogs, line 72, col 56399
Real URL   https://github.com/PostHog/posthog.com/issues/new?title=Feedback%20on:%20How%20we%20designed%20the%20PostHog%20mascot&body=%2A%2AIssue%20with:%20/blog/drawing-hedgehogs.md%2A%2A
Info       The URL is outside of the domain filter, checked only
           syntax.
Warning    [url-whitespace] Leading or trailing whitespace in URL
           `https://github.com/PostHog/posthog.com/issues/new?title=Feedback
           on: How we designed the PostHog mascot&body=**Issue
           with: /blog/drawing-hedgehogs.md**
           '.
Result     Valid: filtered

URL        `https://github.com/PostHog/posthog.com/issues/new?title=Feedback on: How to seed, grow, and scale Developer Relations (and how we're doing it at PostHog)&body=**Issue with: /blog/seed-grow-scale-devrel.mdx**'
Parent URL https://posthog.com/blog/seed-grow-scale-devrel, line 72, col 92475
Real URL   https://github.com/PostHog/posthog.com/issues/new?title=Feedback%20on:%20How%20to%20seed,%20grow,%20and%20scale%20Developer%20Relations%20%28and%20how%20we%27re%20doing%20it%20at%20PostHog%29&body=%2A%2AIssue%20with:%20/blog/seed-grow-scale-devrel.mdx%2A%2A
Info       The URL is outside of the domain filter, checked only
           syntax.
Warning    [url-whitespace] Leading or trailing whitespace in URL
           `https://github.com/PostHog/posthog.com/issues/new?title=Feedback
           on: How to seed, grow, and scale Developer Relations
           (and how we're doing it at PostHog)&body=**Issue with:
           /blog/seed-grow-scale-devrel.mdx**
           '.
Result     Valid: filtered

URL        `https://github.com/PostHog/posthog.com/issues/new?title=Feedback on: How we rebranded PostHog in four weeks - a postmortem&body=**Issue with: /blog/postmortem-rebrand.md**'
Parent URL https://posthog.com/blog/postmortem-rebrand, line 72, col 65253
Real URL   https://github.com/PostHog/posthog.com/issues/new?title=Feedback%20on:%20How%20we%20rebranded%20PostHog%20in%20four%20weeks%20-%20a%20postmortem&body=%2A%2AIssue%20with:%20/blog/postmortem-rebrand.md%2A%2A
Info       The URL is outside of the domain filter, checked only
           syntax.
Warning    [url-whitespace] Leading or trailing whitespace in URL
           `https://github.com/PostHog/posthog.com/issues/new?title=Feedback
           on: How we rebranded PostHog in four weeks - a
           postmortem&body=**Issue with:
           /blog/postmortem-rebrand.md**
           '.
Result     Valid: filtered

URL        `https://github.com/PostHog/posthog.com/issues/new?title=Feedback on: Building the future of game analytics - An interview with PureSkill.gg CTO, Evan Sosenko&body=**Issue with: /blog/building-the-future-of-game-analytics-pureskill.mdx**'
Parent URL https://posthog.com/blog/building-the-future-of-game-analytics-pureskill, line 72, col 46354
Real URL   https://github.com/PostHog/posthog.com/issues/new?title=Feedback%20on:%20Building%20the%20future%20of%20game%20analytics%20-%20An%20interview%20with%20PureSkill.gg%20CTO,%20Evan%20Sosenko&body=%2A%2AIssue%20with:%20/blog/building-the-future-of-game-analytics-pureskill.mdx%2A%2A
Info       The URL is outside of the domain filter, checked only
           syntax.
Warning    [url-whitespace] Leading or trailing whitespace in URL
           `https://github.com/PostHog/posthog.com/issues/new?title=Feedback
           on: Building the future of game analytics - An
           interview with PureSkill.gg CTO, Evan
           Sosenko&body=**Issue with:
           /blog/building-the-future-of-game-analytics-pureskill.mdx**
           '.
Result     Valid: filtered

URL        `https://github.com/PostHog/posthog.com/issues/new?title=Feedback on: Array 1.28.0&body=**Issue with: /blog/the-posthog-array-1-28-0.md**'
Parent URL https://posthog.com/blog/the-posthog-array-1-28-0, line 72, col 63606
Real URL   https://github.com/PostHog/posthog.com/issues/new?title=Feedback%20on:%20Array%201.28.0&body=%2A%2AIssue%20with:%20/blog/the-posthog-array-1-28-0.md%2A%2A
Info       The URL is outside of the domain filter, checked only
           syntax.
Warning    [url-whitespace] Leading or trailing whitespace in URL
           `https://github.com/PostHog/posthog.com/issues/new?title=Feedback
           on: Array 1.28.0&body=**Issue with:
           /blog/the-posthog-array-1-28-0.md**
           '.
Result     Valid: filtered

URL        `https://github.com/PostHog/posthog.com/issues/new?title=Feedback on: How PostHog uses Wren to offset carbon emissions during offsites&body=**Issue with: /blog/carbon-offset-wren.md**'
Parent URL https://posthog.com/blog/carbon-offset-wren, line 72, col 46537
Real URL   https://github.com/PostHog/posthog.com/issues/new?title=Feedback%20on:%20How%20PostHog%20uses%20Wren%20to%20offset%20carbon%20emissions%20during%20offsites&body=%2A%2AIssue%20with:%20/blog/carbon-offset-wren.md%2A%2A
Info       The URL is outside of the domain filter, checked only
           syntax.
Warning    [url-whitespace] Leading or trailing whitespace in URL
           `https://github.com/PostHog/posthog.com/issues/new?title=Feedback
           on: How PostHog uses Wren to offset carbon emissions
           during offsites&body=**Issue with:
           /blog/carbon-offset-wren.md**
           '.
Result     Valid: filtered

URL        `https://github.com/PostHog/posthog.com/issues/new?title=Feedback on: How to choose job titles in your early stage startup&body=**Issue with: /blog/startup-job-titles.md**'
Parent URL https://posthog.com/blog/startup-job-titles, line 72, col 57864
Real URL   https://github.com/PostHog/posthog.com/issues/new?title=Feedback%20on:%20How%20to%20choose%20job%20titles%20in%20your%20early%20stage%20startup&body=%2A%2AIssue%20with:%20/blog/startup-job-titles.md%2A%2A
Info       The URL is outside of the domain filter, checked only
           syntax.
Warning    [url-whitespace] Leading or trailing whitespace in URL
           `https://github.com/PostHog/posthog.com/issues/new?title=Feedback
           on: How to choose job titles in your early stage
           startup&body=**Issue with:
           /blog/startup-job-titles.md**
           '.
Result     Valid: filtered

URL        `https://github.com/PostHog/posthog.com/issues/new?title=Feedback on: The importance of dogfooding - Why product managers should use their product as much as their users&body=**Issue with: /blog/dogfooding.md**'
Parent URL https://posthog.com/blog/dogfooding, line 72, col 52262
Real URL   https://github.com/PostHog/posthog.com/issues/new?title=Feedback%20on:%20The%20importance%20of%20dogfooding%20-%20Why%20product%20managers%20should%20use%20their%20product%20as%20much%20as%20their%20users&body=%2A%2AIssue%20with:%20/blog/dogfooding.md%2A%2A
Info       The URL is outside of the domain filter, checked only
           syntax.
Warning    [url-whitespace] Leading or trailing whitespace in URL
           `https://github.com/PostHog/posthog.com/issues/new?title=Feedback
           on: The importance of dogfooding - Why product
           managers should use their product as much as their
           users&body=**Issue with: /blog/dogfooding.md**
           '.
Result     Valid: filtered

URL        `https://github.com/PostHog/posthog.com/issues/new?title=Feedback on: Optimize for not breaking up with your co-founder&body=**Issue with: /blog/ceo-diary-2.md**'
Parent URL https://posthog.com/blog/ceo-diary-2, line 72, col 50076
Real URL   https://github.com/PostHog/posthog.com/issues/new?title=Feedback%20on:%20Optimize%20for%20not%20breaking%20up%20with%20your%20co-founder&body=%2A%2AIssue%20with:%20/blog/ceo-diary-2.md%2A%2A
Info       The URL is outside of the domain filter, checked only
           syntax.
Warning    [url-whitespace] Leading or trailing whitespace in URL
           `https://github.com/PostHog/posthog.com/issues/new?title=Feedback
           on: Optimize for not breaking up with your
           co-founder&body=**Issue with: /blog/ceo-diary-2.md**
           '.
Result     Valid: filtered

URL        `https://github.com/PostHog/posthog.com/issues/new?title=Feedback on: Winning from the back - late mover advantage&body=**Issue with: /blog/ceo-diary-1.md**'
Parent URL https://posthog.com/blog/ceo-diary-1, line 72, col 53525
Real URL   https://github.com/PostHog/posthog.com/issues/new?title=Feedback%20on:%20Winning%20from%20the%20back%20-%20late%20mover%20advantage&body=%2A%2AIssue%20with:%20/blog/ceo-diary-1.md%2A%2A
Info       The URL is outside of the domain filter, checked only
           syntax.
Warning    [url-whitespace] Leading or trailing whitespace in URL
           `https://github.com/PostHog/posthog.com/issues/new?title=Feedback
           on: Winning from the back - late mover
           advantage&body=**Issue with: /blog/ceo-diary-1.md**
           '.
Result     Valid: filtered

URL        `https://github.com/PostHog/posthog.com/issues/new?title=Feedback on: Google is about to make it a lot harder to track website and app users without third-party cookies&body=**Issue with: /blog/cookieless-analytics.md**'
Parent URL https://posthog.com/blog/cookieless-analytics, line 72, col 53449
Real URL   https://github.com/PostHog/posthog.com/issues/new?title=Feedback%20on:%20Google%20is%20about%20to%20make%20it%20a%20lot%20harder%20to%20track%20website%20and%20app%20users%20without%20third-party%20cookies&body=%2A%2AIssue%20with:%20/blog/cookieless-analytics.md%2A%2A
Info       The URL is outside of the domain filter, checked only
           syntax.
Warning    [url-whitespace] Leading or trailing whitespace in URL
           `https://github.com/PostHog/posthog.com/issues/new?title=Feedback
           on: Google is about to make it a lot harder to track
           website and app users without third-party
           cookies&body=**Issue with:
           /blog/cookieless-analytics.md**
           '.
Result     Valid: filtered

URL        `https://github.com/PostHog/posthog.com/issues/new?title=Feedback on: How to get the first 10 paying customers for your devtool company (and other customer acquisition tips)&body=**Issue with: /blog/first-10-paying-customers.md**'
Parent URL https://posthog.com/blog/first-10-paying-customers, line 74, col 44029
Real URL   https://github.com/PostHog/posthog.com/issues/new?title=Feedback%20on:%20How%20to%20get%20the%20first%2010%20paying%20customers%20for%20your%20devtool%20company%20%28and%20other%20customer%20acquisition%20tips%29&body=%2A%2AIssue%20with:%20/blog/first-10-paying-customers.md%2A%2A
Info       The URL is outside of the domain filter, checked only
           syntax.
Warning    [url-whitespace] Leading or trailing whitespace in URL
           `https://github.com/PostHog/posthog.com/issues/new?title=Feedback
           on: How to get the first 10 paying customers for your
           devtool company (and other customer acquisition
           tips)&body=**Issue with:
           /blog/first-10-paying-customers.md**
           '.
Result     Valid: filtered

URL        `https://github.com/PostHog/posthog.com/issues/new?title=Feedback on: We just made PostHog Open Source 1000x more scalable via ClickHouse&body=**Issue with: /blog/clickhouse-announcement.md**'
Parent URL https://posthog.com/blog/clickhouse-announcement, line 73, col 19493
Real URL   https://github.com/PostHog/posthog.com/issues/new?title=Feedback%20on:%20We%20just%20made%20PostHog%20Open%20Source%201000x%20more%20scalable%20via%20ClickHouse&body=%2A%2AIssue%20with:%20/blog/clickhouse-announcement.md%2A%2A
Info       The URL is outside of the domain filter, checked only
           syntax.
Warning    [url-whitespace] Leading or trailing whitespace in URL
           `https://github.com/PostHog/posthog.com/issues/new?title=Feedback
           on: We just made PostHog Open Source 1000x more
           scalable via ClickHouse&body=**Issue with:
           /blog/clickhouse-announcement.md**
           '.
Result     Valid: filtered

URL        `https://github.com/PostHog/posthog.com/issues/new?title=Feedback on: Introducing Joe Martin - Our first Product Marketer&body=**Issue with: /blog/joe-martin-intro.md**'
Parent URL https://posthog.com/blog/joe-martin-intro, line 72, col 49192
Real URL   https://github.com/PostHog/posthog.com/issues/new?title=Feedback%20on:%20Introducing%20Joe%20Martin%20-%20Our%20first%20Product%20Marketer&body=%2A%2AIssue%20with:%20/blog/joe-martin-intro.md%2A%2A
Info       The URL is outside of the domain filter, checked only
           syntax.
Warning    [url-whitespace] Leading or trailing whitespace in URL
           `https://github.com/PostHog/posthog.com/issues/new?title=Feedback
           on: Introducing Joe Martin - Our first Product
           Marketer&body=**Issue with:
           /blog/joe-martin-intro.md**
           '.
Result     Valid: filtered

URL        `https://github.com/PostHog/posthog.com/issues/new?title=Feedback on: Building an open source data science publishing platform - An interview with Datapane CEO, Leo Anthias&body=**Issue with: /blog/leo-anthias-interview.md**'
Parent URL https://posthog.com/blog/leo-anthias-interview, line 72, col 51878
Real URL   https://github.com/PostHog/posthog.com/issues/new?title=Feedback%20on:%20Building%20an%20open%20source%20data%20science%20publishing%20platform%20-%20An%20interview%20with%20Datapane%20CEO,%20Leo%20Anthias&body=%2A%2AIssue%20with:%20/blog/leo-anthias-interview.md%2A%2A
Info       The URL is outside of the domain filter, checked only
           syntax.
Warning    [url-whitespace] Leading or trailing whitespace in URL
           `https://github.com/PostHog/posthog.com/issues/new?title=Feedback
           on: Building an open source data science publishing
           platform - An interview with Datapane CEO, Leo
           Anthias&body=**Issue with:
           /blog/leo-anthias-interview.md**
           '.
Result     Valid: filtered

URL        `https://github.com/PostHog/posthog.com/issues/new?title=Feedback on: Content marketing strategy for devtool companies - How we do it at PostHog&body=**Issue with: /blog/running-content-at-posthog.md**'
Parent URL https://posthog.com/blog/running-content-at-posthog, line 72, col 60310
Real URL   https://github.com/PostHog/posthog.com/issues/new?title=Feedback%20on:%20Content%20marketing%20strategy%20for%20devtool%20companies%20-%20How%20we%20do%20it%20at%20PostHog&body=%2A%2AIssue%20with:%20/blog/running-content-at-posthog.md%2A%2A
Info       The URL is outside of the domain filter, checked only
           syntax.
Warning    [url-whitespace] Leading or trailing whitespace in URL
           `https://github.com/PostHog/posthog.com/issues/new?title=Feedback
           on: Content marketing strategy for devtool companies -
           How we do it at PostHog&body=**Issue with:
           /blog/running-content-at-posthog.md**
           '.
Result     Valid: filtered

URL        `https://github.com/PostHog/posthog.com/issues/new?title=Feedback on: Array 1.27.0&body=**Issue with: /blog/the-posthog-array-1-27-0.md**'
Parent URL https://posthog.com/blog/the-posthog-array-1-27-0, line 72, col 66188
Real URL   https://github.com/PostHog/posthog.com/issues/new?title=Feedback%20on:%20Array%201.27.0&body=%2A%2AIssue%20with:%20/blog/the-posthog-array-1-27-0.md%2A%2A
Info       The URL is outside of the domain filter, checked only
           syntax.
Warning    [url-whitespace] Leading or trailing whitespace in URL
           `https://github.com/PostHog/posthog.com/issues/new?title=Feedback
           on: Array 1.27.0&body=**Issue with:
           /blog/the-posthog-array-1-27-0.md**
           '.
Result     Valid: filtered

URL        `https://github.com/PostHog/posthog.com/issues/new?title=Feedback on: Introducing Phil Leggetter, our new head of Developer Relations&body=**Issue with: /blog/intro-phil-leggetter.md**'
Parent URL https://posthog.com/blog/intro-phil-leggetter, line 72, col 46994
Real URL   https://github.com/PostHog/posthog.com/issues/new?title=Feedback%20on:%20Introducing%20Phil%20Leggetter,%20our%20new%20head%20of%20Developer%20Relations&body=%2A%2AIssue%20with:%20/blog/intro-phil-leggetter.md%2A%2A
Info       The URL is outside of the domain filter, checked only
           syntax.
Warning    [url-whitespace] Leading or trailing whitespace in URL
           `https://github.com/PostHog/posthog.com/issues/new?title=Feedback
           on: Introducing Phil Leggetter, our new head of
           Developer Relations&body=**Issue with:
           /blog/intro-phil-leggetter.md**
           '.
Result     Valid: filtered

URL        `https://github.com/PostHog/posthog.com/issues/new?title=Feedback on: YC adds PostHog to top valued companies for July 2021&body=**Issue with: /blog/yc-top-companies.md**'
Parent URL https://posthog.com/blog/yc-top-companies, line 72, col 46687
Real URL   https://github.com/PostHog/posthog.com/issues/new?title=Feedback%20on:%20YC%20adds%20PostHog%20to%20top%20valued%20companies%20for%20July%202021&body=%2A%2AIssue%20with:%20/blog/yc-top-companies.md%2A%2A
Info       The URL is outside of the domain filter, checked only
           syntax.
Warning    [url-whitespace] Leading or trailing whitespace in URL
           `https://github.com/PostHog/posthog.com/issues/new?title=Feedback
           on: YC adds PostHog to top valued companies for July
           2021&body=**Issue with: /blog/yc-top-companies.md**
           '.
Result     Valid: filtered

URL        `https://github.com/PostHog/posthog.com/issues/new?title=Feedback on: How PostHog's new VP focused the company on nailing funnels in his first week&body=**Issue with: /blog/new-vp-nailing-funnels.md**'
Parent URL https://posthog.com/blog/new-vp-nailing-funnels, line 72, col 59870
Real URL   https://github.com/PostHog/posthog.com/issues/new?title=Feedback%20on:%20How%20PostHog%27s%20new%20VP%20focused%20the%20company%20on%20nailing%20funnels%20in%20his%20first%20week&body=%2A%2AIssue%20with:%20/blog/new-vp-nailing-funnels.md%2A%2A
Info       The URL is outside of the domain filter, checked only
           syntax.
Warning    [url-whitespace] Leading or trailing whitespace in URL
           `https://github.com/PostHog/posthog.com/issues/new?title=Feedback
           on: How PostHog's new VP focused the company on
           nailing funnels in his first week&body=**Issue with:
           /blog/new-vp-nailing-funnels.md**
           '.
Result     Valid: filtered

URL        `https://github.com/PostHog/posthog.com/issues/new?title=Feedback on: A non-coder's thoughts on an 'Everybody Codes' culture&body=**Issue with: /blog/a-non-coders-thoughts-on-everybody-codes-culture.md**'
Parent URL https://posthog.com/blog/a-non-coders-thoughts-on-everybody-codes-culture, line 72, col 51727
Real URL   https://github.com/PostHog/posthog.com/issues/new?title=Feedback%20on:%20A%20non-coder%27s%20thoughts%20on%20an%20%27Everybody%20Codes%27%20culture&body=%2A%2AIssue%20with:%20/blog/a-non-coders-thoughts-on-everybody-codes-culture.md%2A%2A
Info       The URL is outside of the domain filter, checked only
           syntax.
Warning    [url-whitespace] Leading or trailing whitespace in URL
           `https://github.com/PostHog/posthog.com/issues/new?title=Feedback
           on: A non-coder's thoughts on an 'Everybody Codes'
           culture&body=**Issue with:
           /blog/a-non-coders-thoughts-on-everybody-codes-culture.md**
           '.
Result     Valid: filtered

URL        `https://github.com/PostHog/posthog.com/issues/new?title=Feedback on: How we do hiring & HR at PostHog&body=**Issue with: /blog/how-we-do-hiring-and-hr-at-posthog.md**'
Parent URL https://posthog.com/blog/how-we-do-hiring-and-hr-at-posthog, line 75, col 29001
Real URL   https://github.com/PostHog/posthog.com/issues/new?title=Feedback%20on:%20How%20we%20do%20hiring%20&%20HR%20at%20PostHog&body=%2A%2AIssue%20with:%20/blog/how-we-do-hiring-and-hr-at-posthog.md%2A%2A
Info       The URL is outside of the domain filter, checked only
           syntax.
Warning    [url-whitespace] Leading or trailing whitespace in URL
           `https://github.com/PostHog/posthog.com/issues/new?title=Feedback
           on: How we do hiring & HR at PostHog&body=**Issue
           with: /blog/how-we-do-hiring-and-hr-at-posthog.md**
           '.
Result     Valid: filtered

URL        `https://github.com/PostHog/posthog.com/issues/new?title=Feedback on: How we do customer support at our open source devtool company&body=**Issue with: /blog/customer-support-at-posthog.md**'
Parent URL https://posthog.com/blog/customer-support-at-posthog, line 76, col 20479
Real URL   https://github.com/PostHog/posthog.com/issues/new?title=Feedback%20on:%20How%20we%20do%20customer%20support%20at%20our%20open%20source%20devtool%20company&body=%2A%2AIssue%20with:%20/blog/customer-support-at-posthog.md%2A%2A
Info       The URL is outside of the domain filter, checked only
           syntax.
Warning    [url-whitespace] Leading or trailing whitespace in URL
           `https://github.com/PostHog/posthog.com/issues/new?title=Feedback
           on: How we do customer support at our open source
           devtool company&body=**Issue with:
           /blog/customer-support-at-posthog.md**
           '.
Result     Valid: filtered

URL        `https://github.com/PostHog/posthog.com/issues/new?title=Feedback on: Frontend filters & backend SQL - A chat with Eric Duong, Sam Winslow, James Greenhill, and Buddy Williams&body=**Issue with: /blog/frontend-filters-and-backend-sql.md**'
Parent URL https://posthog.com/blog/frontend-filters-and-backend-sql, line 72, col 93817
Real URL   https://github.com/PostHog/posthog.com/issues/new?title=Feedback%20on:%20Frontend%20filters%20&%20backend%20SQL%20-%20A%20chat%20with%20Eric%20Duong,%20Sam%20Winslow,%20James%20Greenhill,%20and%20Buddy%20Williams&body=%2A%2AIssue%20with:%20/blog/frontend-filters-and-backend-sql.md%2A%2A
Info       The URL is outside of the domain filter, checked only
           syntax.
Warning    [url-whitespace] Leading or trailing whitespace in URL
           `https://github.com/PostHog/posthog.com/issues/new?title=Feedback
           on: Frontend filters & backend SQL - A chat with Eric
           Duong, Sam Winslow, James Greenhill, and Buddy
           Williams&body=**Issue with:
           /blog/frontend-filters-and-backend-sql.md**
           '.
Result     Valid: filtered

URL        `https://github.com/PostHog/posthog.com/issues/new?title=Feedback on: Writing for developers&body=**Issue with: /blog/writing-for-developers.md**'
Parent URL https://posthog.com/blog/writing-for-developers, line 72, col 57676
Real URL   https://github.com/PostHog/posthog.com/issues/new?title=Feedback%20on:%20Writing%20for%20developers&body=%2A%2AIssue%20with:%20/blog/writing-for-developers.md%2A%2A
Info       The URL is outside of the domain filter, checked only
           syntax.
Warning    [url-whitespace] Leading or trailing whitespace in URL
           `https://github.com/PostHog/posthog.com/issues/new?title=Feedback
           on: Writing for developers&body=**Issue with:
           /blog/writing-for-developers.md**
           '.
Result     Valid: filtered

URL        `https://github.com/PostHog/posthog.com/issues/new?title=Feedback on: Why we're giving away 100 times more cloud usage, free&body=**Issue with: /blog/100-times-more-events.md**'
Parent URL https://posthog.com/blog/100-times-more-events, line 72, col 62931
Real URL   https://github.com/PostHog/posthog.com/issues/new?title=Feedback%20on:%20Why%20we%27re%20giving%20away%20100%20times%20more%20cloud%20usage,%20free&body=%2A%2AIssue%20with:%20/blog/100-times-more-events.md%2A%2A
Info       The URL is outside of the domain filter, checked only
           syntax.
Warning    [url-whitespace] Leading or trailing whitespace in URL
           `https://github.com/PostHog/posthog.com/issues/new?title=Feedback
           on: Why we're giving away 100 times more cloud usage,
           free&body=**Issue with:
           /blog/100-times-more-events.md**
           '.
Result     Valid: filtered

URL        `https://github.com/PostHog/posthog.com/issues/new?title=Feedback on: Array 1.25.0&body=**Issue with: /blog/the-posthog-array-1-25-0.mdx**'
Parent URL https://posthog.com/blog/the-posthog-array-1-25-0, line 72, col 70880
Real URL   https://github.com/PostHog/posthog.com/issues/new?title=Feedback%20on:%20Array%201.25.0&body=%2A%2AIssue%20with:%20/blog/the-posthog-array-1-25-0.mdx%2A%2A
Info       The URL is outside of the domain filter, checked only
           syntax.
Warning    [url-whitespace] Leading or trailing whitespace in URL
           `https://github.com/PostHog/posthog.com/issues/new?title=Feedback
           on: Array 1.25.0&body=**Issue with:
           /blog/the-posthog-array-1-25-0.mdx**
           '.
Result     Valid: filtered

URL        `https://github.com/PostHog/posthog.com/issues/new?title=Feedback on: Array 1.26.0&body=**Issue with: /blog/the-posthog-array-1-26-0.md**'
Parent URL https://posthog.com/blog/the-posthog-array-1-26-0, line 72, col 69449
Real URL   https://github.com/PostHog/posthog.com/issues/new?title=Feedback%20on:%20Array%201.26.0&body=%2A%2AIssue%20with:%20/blog/the-posthog-array-1-26-0.md%2A%2A
Info       The URL is outside of the domain filter, checked only
           syntax.
Warning    [url-whitespace] Leading or trailing whitespace in URL
           `https://github.com/PostHog/posthog.com/issues/new?title=Feedback
           on: Array 1.26.0&body=**Issue with:
           /blog/the-posthog-array-1-26-0.md**
           '.
Result     Valid: filtered

URL        `https://github.com/PostHog/posthog.com/issues/new?title=Feedback on: How we monetized our open source devtool&body=**Issue with: /blog/open-source-business-models.md**'
Parent URL https://posthog.com/blog/open-source-business-models, line 72, col 56483
Real URL   https://github.com/PostHog/posthog.com/issues/new?title=Feedback%20on:%20How%20we%20monetized%20our%20open%20source%20devtool&body=%2A%2AIssue%20with:%20/blog/open-source-business-models.md%2A%2A
Info       The URL is outside of the domain filter, checked only
           syntax.
Warning    [url-whitespace] Leading or trailing whitespace in URL
           `https://github.com/PostHog/posthog.com/issues/new?title=Feedback
           on: How we monetized our open source
           devtool&body=**Issue with:
           /blog/open-source-business-models.md**
           '.
Result     Valid: filtered

URL        `https://github.com/PostHog/posthog.com/issues/new?title=Feedback on: An engineer's guide to picking a cofounder&body=**Issue with: /blog/pick-cofounder.md**'
Parent URL https://posthog.com/blog/pick-cofounder, line 72, col 55571
Real URL   https://github.com/PostHog/posthog.com/issues/new?title=Feedback%20on:%20An%20engineer%27s%20guide%20to%20picking%20a%20cofounder&body=%2A%2AIssue%20with:%20/blog/pick-cofounder.md%2A%2A
Info       The URL is outside of the domain filter, checked only
           syntax.
Warning    [url-whitespace] Leading or trailing whitespace in URL
           `https://github.com/PostHog/posthog.com/issues/new?title=Feedback
           on: An engineer's guide to picking a
           cofounder&body=**Issue with: /blog/pick-cofounder.md**
           '.
Result     Valid: filtered

URL        `https://github.com/PostHog/posthog.com/issues/new?title=Feedback on: How we do meetings at PostHog&body=**Issue with: /blog/meetings.mdx**'
Parent URL https://posthog.com/blog/meetings, line 72, col 52726
Real URL   https://github.com/PostHog/posthog.com/issues/new?title=Feedback%20on:%20How%20we%20do%20meetings%20at%20PostHog&body=%2A%2AIssue%20with:%20/blog/meetings.mdx%2A%2A
Info       The URL is outside of the domain filter, checked only
           syntax.
Warning    [url-whitespace] Leading or trailing whitespace in URL
           `https://github.com/PostHog/posthog.com/issues/new?title=Feedback
           on: How we do meetings at PostHog&body=**Issue with:
           /blog/meetings.mdx**
           '.
Result     Valid: filtered

URL        `https://github.com/PostHog/posthog.com/issues/new?title=Feedback on: Array 1.24.0&body=**Issue with: /blog/the-posthog-array-1-24-0.mdx**'
Parent URL https://posthog.com/blog/the-posthog-array-1-24-0, line 72, col 135487
Real URL   https://github.com/PostHog/posthog.com/issues/new?title=Feedback%20on:%20Array%201.24.0&body=%2A%2AIssue%20with:%20/blog/the-posthog-array-1-24-0.mdx%2A%2A
Info       The URL is outside of the domain filter, checked only
           syntax.
Warning    [url-whitespace] Leading or trailing whitespace in URL
           `https://github.com/PostHog/posthog.com/issues/new?title=Feedback
           on: Array 1.24.0&body=**Issue with:
           /blog/the-posthog-array-1-24-0.mdx**
           '.
Result     Valid: filtered

URL        `https://github.com/PostHog/posthog.com/issues/new?title=Feedback on: Array 1.23.0&body=**Issue with: /blog/the-posthog-array-1-23-0.mdx**'
Parent URL https://posthog.com/blog/the-posthog-array-1-23-0, line 72, col 86948
Real URL   https://github.com/PostHog/posthog.com/issues/new?title=Feedback%20on:%20Array%201.23.0&body=%2A%2AIssue%20with:%20/blog/the-posthog-array-1-23-0.mdx%2A%2A
Info       The URL is outside of the domain filter, checked only
           syntax.
Warning    [url-whitespace] Leading or trailing whitespace in URL
           `https://github.com/PostHog/posthog.com/issues/new?title=Feedback
           on: Array 1.23.0&body=**Issue with:
           /blog/the-posthog-array-1-23-0.mdx**
           '.
Result     Valid: filtered

URL        `https://github.com/PostHog/posthog.com/issues/new?title=Feedback on: How we justified quitting our jobs and financing PostHog early on&body=**Issue with: /blog/inflated-risk-seems-riskier.md**'
Parent URL https://posthog.com/blog/inflated-risk-seems-riskier, line 72, col 58700
Real URL   https://github.com/PostHog/posthog.com/issues/new?title=Feedback%20on:%20How%20we%20justified%20quitting%20our%20jobs%20and%20financing%20PostHog%20early%20on&body=%2A%2AIssue%20with:%20/blog/inflated-risk-seems-riskier.md%2A%2A
Info       The URL is outside of the domain filter, checked only
           syntax.
Warning    [url-whitespace] Leading or trailing whitespace in URL
           `https://github.com/PostHog/posthog.com/issues/new?title=Feedback
           on: How we justified quitting our jobs and financing
           PostHog early on&body=**Issue with:
           /blog/inflated-risk-seems-riskier.md**
           '.
Result     Valid: filtered

URL        `https://github.com/PostHog/posthog.com/issues/new?title=Feedback on: Array 1.22.0&body=**Issue with: /blog/the-posthog-array-1-22-0.mdx**'
Parent URL https://posthog.com/blog/the-posthog-array-1-22-0, line 73, col 62261
Real URL   https://github.com/PostHog/posthog.com/issues/new?title=Feedback%20on:%20Array%201.22.0&body=%2A%2AIssue%20with:%20/blog/the-posthog-array-1-22-0.mdx%2A%2A
Info       The URL is outside of the domain filter, checked only
           syntax.
Warning    [url-whitespace] Leading or trailing whitespace in URL
           `https://github.com/PostHog/posthog.com/issues/new?title=Feedback
           on: Array 1.22.0&body=**Issue with:
           /blog/the-posthog-array-1-22-0.mdx**
           '.
Result     Valid: filtered

URL        `https://github.com/PostHog/posthog.com/issues/new?title=Feedback on: Array 1.21.0&body=**Issue with: /blog/the-posthog-array-1-21-0.mdx**'
Parent URL https://posthog.com/blog/the-posthog-array-1-21-0, line 72, col 145451
Real URL   https://github.com/PostHog/posthog.com/issues/new?title=Feedback%20on:%20Array%201.21.0&body=%2A%2AIssue%20with:%20/blog/the-posthog-array-1-21-0.mdx%2A%2A
Info       The URL is outside of the domain filter, checked only
           syntax.
Warning    [url-whitespace] Leading or trailing whitespace in URL
           `https://github.com/PostHog/posthog.com/issues/new?title=Feedback
           on: Array 1.21.0&body=**Issue with:
           /blog/the-posthog-array-1-21-0.mdx**
           '.
Result     Valid: filtered

URL        `https://github.com/PostHog/posthog.com/issues/new?title=Feedback on: A story about pivots&body=**Issue with: /blog/story-about-pivots.md**'
Parent URL https://posthog.com/blog/story-about-pivots, line 73, col 35352
Real URL   https://github.com/PostHog/posthog.com/issues/new?title=Feedback%20on:%20A%20story%20about%20pivots&body=%2A%2AIssue%20with:%20/blog/story-about-pivots.md%2A%2A
Info       The URL is outside of the domain filter, checked only
           syntax.
Warning    [url-whitespace] Leading or trailing whitespace in URL
           `https://github.com/PostHog/posthog.com/issues/new?title=Feedback
           on: A story about pivots&body=**Issue with:
           /blog/story-about-pivots.md**
           '.
Result     Valid: filtered

URL        `https://github.com/PostHog/posthog.com/issues/new?title=Feedback on: Array 1.20.0&body=**Issue with: /blog/the-posthog-array-1-20-0.md**'
Parent URL https://posthog.com/blog/the-posthog-array-1-20-0, line 72, col 101804
Real URL   https://github.com/PostHog/posthog.com/issues/new?title=Feedback%20on:%20Array%201.20.0&body=%2A%2AIssue%20with:%20/blog/the-posthog-array-1-20-0.md%2A%2A
Info       The URL is outside of the domain filter, checked only
           syntax.
Warning    [url-whitespace] Leading or trailing whitespace in URL
           `https://github.com/PostHog/posthog.com/issues/new?title=Feedback
           on: Array 1.20.0&body=**Issue with:
           /blog/the-posthog-array-1-20-0.md**
           '.
Result     Valid: filtered

URL        `https://github.com/PostHog/posthog.com/issues/new?title=Feedback on: Array 1.19.0&body=**Issue with: /blog/the-posthog-array-1-19-0.md**'
Parent URL https://posthog.com/blog/the-posthog-array-1-19-0, line 73, col 75136
Real URL   https://github.com/PostHog/posthog.com/issues/new?title=Feedback%20on:%20Array%201.19.0&body=%2A%2AIssue%20with:%20/blog/the-posthog-array-1-19-0.md%2A%2A
Info       The URL is outside of the domain filter, checked only
           syntax.
Warning    [url-whitespace] Leading or trailing whitespace in URL
           `https://github.com/PostHog/posthog.com/issues/new?title=Feedback
           on: Array 1.19.0&body=**Issue with:
           /blog/the-posthog-array-1-19-0.md**
           '.
Result     Valid: filtered

URL        `mailto:posthog-js@1.7.3-beta.3'
Name       `posthog-js@1.7.3-beta.3'
Parent URL https://posthog.com/blog/the-posthog-array-1-19-0, line 73, col 48895
Real URL   mailto:posthog-js@1.7.3-beta.3
Info       The URL is outside of the domain filter, checked only
           syntax.
Result     Error: Invalid top level domain part of mail address `posthog-js@1.7.3-beta.3'.

URL        `mailto:posthog-js@1.8.0'
Name       `posthog-js@1.8.0'
Parent URL https://posthog.com/blog/the-posthog-array-1-19-0, line 73, col 18958
Real URL   mailto:posthog-js@1.8.0
Info       The URL is outside of the domain filter, checked only
           syntax.
Result     Error: Invalid top level domain part of mail address `posthog-js@1.8.0'.

URL        `https://github.com/PostHog/posthog.com/issues/new?title=Feedback on: Array 1.18.0&body=**Issue with: /blog/the-posthog-array-1-18-0.md**'
Parent URL https://posthog.com/blog/the-posthog-array-1-18-0, line 72, col 94586
Real URL   https://github.com/PostHog/posthog.com/issues/new?title=Feedback%20on:%20Array%201.18.0&body=%2A%2AIssue%20with:%20/blog/the-posthog-array-1-18-0.md%2A%2A
Info       The URL is outside of the domain filter, checked only
           syntax.
Warning    [url-whitespace] Leading or trailing whitespace in URL
           `https://github.com/PostHog/posthog.com/issues/new?title=Feedback
           on: Array 1.18.0&body=**Issue with:
           /blog/the-posthog-array-1-18-0.md**
           '.
Result     Valid: filtered

URL        `https://github.com/PostHog/posthog.com/issues/new?title=Feedback on: Array 1.17.0&body=**Issue with: /blog/the-posthog-array-1-17-0.md**'
Parent URL https://posthog.com/blog/the-posthog-array-1-17-0, line 72, col 96528
Real URL   https://github.com/PostHog/posthog.com/issues/new?title=Feedback%20on:%20Array%201.17.0&body=%2A%2AIssue%20with:%20/blog/the-posthog-array-1-17-0.md%2A%2A
Info       The URL is outside of the domain filter, checked only
           syntax.
Warning    [url-whitespace] Leading or trailing whitespace in URL
           `https://github.com/PostHog/posthog.com/issues/new?title=Feedback
           on: Array 1.17.0&body=**Issue with:
           /blog/the-posthog-array-1-17-0.md**
           '.
Result     Valid: filtered

URL        `https://github.com/PostHog/posthog.com/issues/new?title=Feedback on: Array 1.16.0&body=**Issue with: /blog/the-posthog-array-1-16-0.md**'
Parent URL https://posthog.com/blog/the-posthog-array-1-16-0, line 72, col 86458
Real URL   https://github.com/PostHog/posthog.com/issues/new?title=Feedback%20on:%20Array%201.16.0&body=%2A%2AIssue%20with:%20/blog/the-posthog-array-1-16-0.md%2A%2A
Info       The URL is outside of the domain filter, checked only
           syntax.
Warning    [url-whitespace] Leading or trailing whitespace in URL
           `https://github.com/PostHog/posthog.com/issues/new?title=Feedback
           on: Array 1.16.0&body=**Issue with:
           /blog/the-posthog-array-1-16-0.md**
           '.
Result     Valid: filtered

URL        `https://github.com/PostHog/posthog.com/issues/new?title=Feedback on: PostHog Joins Hacktoberfest 2020&body=**Issue with: /blog/hacktoberfest-2020.md**'
Parent URL https://posthog.com/blog/hacktoberfest-2020, line 73, col 14742
Real URL   https://github.com/PostHog/posthog.com/issues/new?title=Feedback%20on:%20PostHog%20Joins%20Hacktoberfest%202020&body=%2A%2AIssue%20with:%20/blog/hacktoberfest-2020.md%2A%2A
Info       The URL is outside of the domain filter, checked only
           syntax.
Warning    [url-whitespace] Leading or trailing whitespace in URL
           `https://github.com/PostHog/posthog.com/issues/new?title=Feedback
           on: PostHog Joins Hacktoberfest 2020&body=**Issue
           with: /blog/hacktoberfest-2020.md**
           '.
Result     Valid: filtered

URL        `https://github.com/PostHog/posthog.com/issues/new?title=Feedback on: Should open source projects track you?&body=**Issue with: /blog/open-source-telemetry-ethical.md**'
Parent URL https://posthog.com/blog/open-source-telemetry-ethical, line 72, col 53490
Real URL   https://github.com/PostHog/posthog.com/issues/new?title=Feedback%20on:%20Should%20open%20source%20projects%20track%20you?&body=%2A%2AIssue%20with:%20/blog/open-source-telemetry-ethical.md%2A%2A
Info       The URL is outside of the domain filter, checked only
           syntax.
Warning    [url-whitespace] Leading or trailing whitespace in URL
           `https://github.com/PostHog/posthog.com/issues/new?title=Feedback
           on: Should open source projects track
           you?&body=**Issue with:
           /blog/open-source-telemetry-ethical.md**
           '.
Result     Valid: filtered

URL        `https://github.com/PostHog/posthog.com/issues/new?title=Feedback on: Array 1.14.0&body=**Issue with: /blog/the-posthog-array-1-14-0.md**'
Parent URL https://posthog.com/blog/the-posthog-array-1-14-0, line 72, col 71539
Real URL   https://github.com/PostHog/posthog.com/issues/new?title=Feedback%20on:%20Array%201.14.0&body=%2A%2AIssue%20with:%20/blog/the-posthog-array-1-14-0.md%2A%2A
Info       The URL is outside of the domain filter, checked only
           syntax.
Warning    [url-whitespace] Leading or trailing whitespace in URL
           `https://github.com/PostHog/posthog.com/issues/new?title=Feedback
           on: Array 1.14.0&body=**Issue with:
           /blog/the-posthog-array-1-14-0.md**
           '.
Result     Valid: filtered

URL        `https://github.com/PostHog/posthog.com/issues/new?title=Feedback on: Building an all-remote company from scratch&body=**Issue with: /blog/remote-culture.md**'
Parent URL https://posthog.com/blog/remote-culture, line 74, col 17443
Real URL   https://github.com/PostHog/posthog.com/issues/new?title=Feedback%20on:%20Building%20an%20all-remote%20company%20from%20scratch&body=%2A%2AIssue%20with:%20/blog/remote-culture.md%2A%2A
Info       The URL is outside of the domain filter, checked only
           syntax.
Warning    [url-whitespace] Leading or trailing whitespace in URL
           `https://github.com/PostHog/posthog.com/issues/new?title=Feedback
           on: Building an all-remote company from
           scratch&body=**Issue with: /blog/remote-culture.md**
           '.
Result     Valid: filtered

URL        `https://github.com/PostHog/posthog.com/issues/new?title=Feedback on: Open source is eating SaaS&body=**Issue with: /blog/open-source-eating-saas.md**'
Parent URL https://posthog.com/blog/open-source-eating-saas, line 72, col 46629
Real URL   https://github.com/PostHog/posthog.com/issues/new?title=Feedback%20on:%20Open%20source%20is%20eating%20SaaS&body=%2A%2AIssue%20with:%20/blog/open-source-eating-saas.md%2A%2A
Info       The URL is outside of the domain filter, checked only
           syntax.
Warning    [url-whitespace] Leading or trailing whitespace in URL
           `https://github.com/PostHog/posthog.com/issues/new?title=Feedback
           on: Open source is eating SaaS&body=**Issue with:
           /blog/open-source-eating-saas.md**
           '.
Result     Valid: filtered

URL        `https://github.com/PostHog/posthog.com/issues/new?title=Feedback on: Why you may not need a sales team&body=**Issue with: /blog/product-led-growth.md**'
Parent URL https://posthog.com/blog/product-led-growth, line 77, col 27396
Real URL   https://github.com/PostHog/posthog.com/issues/new?title=Feedback%20on:%20Why%20you%20may%20not%20need%20a%20sales%20team&body=%2A%2AIssue%20with:%20/blog/product-led-growth.md%2A%2A
Info       The URL is outside of the domain filter, checked only
           syntax.
Warning    [url-whitespace] Leading or trailing whitespace in URL
           `https://github.com/PostHog/posthog.com/issues/new?title=Feedback
           on: Why you may not need a sales team&body=**Issue
           with: /blog/product-led-growth.md**
           '.
Result     Valid: filtered

URL        `https://github.com/PostHog/posthog.com/issues/new?title=Feedback on: Array 1.13.0&body=**Issue with: /blog/the-posthog-array-1-13-0.md**'
Parent URL https://posthog.com/blog/the-posthog-array-1-13-0, line 72, col 62870
Real URL   https://github.com/PostHog/posthog.com/issues/new?title=Feedback%20on:%20Array%201.13.0&body=%2A%2AIssue%20with:%20/blog/the-posthog-array-1-13-0.md%2A%2A
Info       The URL is outside of the domain filter, checked only
           syntax.
Warning    [url-whitespace] Leading or trailing whitespace in URL
           `https://github.com/PostHog/posthog.com/issues/new?title=Feedback
           on: Array 1.13.0&body=**Issue with:
           /blog/the-posthog-array-1-13-0.md**
           '.
Result     Valid: filtered

URL        `https://github.com/PostHog/posthog.com/issues/new?title=Feedback on: The Early Days of GitLab - A Chat with Sid Sijbrandij&body=**Issue with: /blog/a-chat-with-sid.md**'
Parent URL https://posthog.com/blog/a-chat-with-sid, line 72, col 60130
Real URL   https://github.com/PostHog/posthog.com/issues/new?title=Feedback%20on:%20The%20Early%20Days%20of%20GitLab%20-%20A%20Chat%20with%20Sid%20Sijbrandij&body=%2A%2AIssue%20with:%20/blog/a-chat-with-sid.md%2A%2A
Info       The URL is outside of the domain filter, checked only
           syntax.
Warning    [url-whitespace] Leading or trailing whitespace in URL
           `https://github.com/PostHog/posthog.com/issues/new?title=Feedback
           on: The Early Days of GitLab - A Chat with Sid
           Sijbrandij&body=**Issue with:
           /blog/a-chat-with-sid.md**
           '.
Result     Valid: filtered

URL        `https://github.com/PostHog/posthog.com/issues/new?title=Feedback on: Array 1.12.0&body=**Issue with: /blog/the-posthog-array-1-12-0.md**'
Parent URL https://posthog.com/blog/the-posthog-array-1-12-0, line 72, col 60892
Real URL   https://github.com/PostHog/posthog.com/issues/new?title=Feedback%20on:%20Array%201.12.0&body=%2A%2AIssue%20with:%20/blog/the-posthog-array-1-12-0.md%2A%2A
Info       The URL is outside of the domain filter, checked only
           syntax.
Warning    [url-whitespace] Leading or trailing whitespace in URL
           `https://github.com/PostHog/posthog.com/issues/new?title=Feedback
           on: Array 1.12.0&body=**Issue with:
           /blog/the-posthog-array-1-12-0.md**
           '.
Result     Valid: filtered

URL        `https://github.com/PostHog/posthog.com/issues/new?title=Feedback on: Array 1.11.0&body=**Issue with: /blog/the-posthog-array-1-11-0.md**'
Parent URL https://posthog.com/blog/the-posthog-array-1-11-0, line 72, col 54291
Real URL   https://github.com/PostHog/posthog.com/issues/new?title=Feedback%20on:%20Array%201.11.0&body=%2A%2AIssue%20with:%20/blog/the-posthog-array-1-11-0.md%2A%2A
Info       The URL is outside of the domain filter, checked only
           syntax.
Warning    [url-whitespace] Leading or trailing whitespace in URL
           `https://github.com/PostHog/posthog.com/issues/new?title=Feedback
           on: Array 1.11.0&body=**Issue with:
           /blog/the-posthog-array-1-11-0.md**
           '.
Result     Valid: filtered

URL        `https://github.com/PostHog/posthog.com/issues/new?title=Feedback on: We ship whenever&body=**Issue with: /blog/we-ship-whenever.md**'
Parent URL https://posthog.com/blog/we-ship-whenever, line 72, col 42037
Real URL   https://github.com/PostHog/posthog.com/issues/new?title=Feedback%20on:%20We%20ship%20whenever&body=%2A%2AIssue%20with:%20/blog/we-ship-whenever.md%2A%2A
Info       The URL is outside of the domain filter, checked only
           syntax.
Warning    [url-whitespace] Leading or trailing whitespace in URL
           `https://github.com/PostHog/posthog.com/issues/new?title=Feedback
           on: We ship whenever&body=**Issue with:
           /blog/we-ship-whenever.md**
           '.
Result     Valid: filtered

URL        `https://github.com/PostHog/posthog.com/issues/new?title=Feedback on: Array 1.10.0&body=**Issue with: /blog/the-posthog-array-1-10-0.md**'
Parent URL https://posthog.com/blog/the-posthog-array-1-10-0, line 72, col 66898
Real URL   https://github.com/PostHog/posthog.com/issues/new?title=Feedback%20on:%20Array%201.10.0&body=%2A%2AIssue%20with:%20/blog/the-posthog-array-1-10-0.md%2A%2A
Info       The URL is outside of the domain filter, checked only
           syntax.
Warning    [url-whitespace] Leading or trailing whitespace in URL
           `https://github.com/PostHog/posthog.com/issues/new?title=Feedback
           on: Array 1.10.0&body=**Issue with:
           /blog/the-posthog-array-1-10-0.md**
           '.
Result     Valid: filtered

URL        `https://github.com/PostHog/posthog.com/issues/new?title=Feedback on: PostHog is now available on Segment!&body=**Issue with: /blog/posthog-segment-integration.md**'
Parent URL https://posthog.com/blog/posthog-segment-integration, line 72, col 35812
Real URL   https://github.com/PostHog/posthog.com/issues/new?title=Feedback%20on:%20PostHog%20is%20now%20available%20on%20Segment%21&body=%2A%2AIssue%20with:%20/blog/posthog-segment-integration.md%2A%2A
Info       The URL is outside of the domain filter, checked only
           syntax.
Warning    [url-whitespace] Leading or trailing whitespace in URL
           `https://github.com/PostHog/posthog.com/issues/new?title=Feedback
           on: PostHog is now available on Segment!&body=**Issue
           with: /blog/posthog-segment-integration.md**
           '.
Result     Valid: filtered

URL        `https://github.com/PostHog/posthog.com/issues/new?title=Feedback on: Array 1.9.0&body=**Issue with: /blog/the-posthog-array-1-9-0.md**'
Parent URL https://posthog.com/blog/the-posthog-array-1-9-0, line 72, col 64084
Real URL   https://github.com/PostHog/posthog.com/issues/new?title=Feedback%20on:%20Array%201.9.0&body=%2A%2AIssue%20with:%20/blog/the-posthog-array-1-9-0.md%2A%2A
Info       The URL is outside of the domain filter, checked only
           syntax.
Warning    [url-whitespace] Leading or trailing whitespace in URL
           `https://github.com/PostHog/posthog.com/issues/new?title=Feedback
           on: Array 1.9.0&body=**Issue with:
           /blog/the-posthog-array-1-9-0.md**
           '.
Result     Valid: filtered

URL        `https://github.com/PostHog/posthog.com/issues/new?title=Feedback on: Setting up super fast Cypress tests on GitHub Actions&body=**Issue with: /blog/cypress-end-to-end-tests.md**'
Parent URL https://posthog.com/blog/cypress-end-to-end-tests, line 79, col 76535
Real URL   https://github.com/PostHog/posthog.com/issues/new?title=Feedback%20on:%20Setting%20up%20super%20fast%20Cypress%20tests%20on%20GitHub%20Actions&body=%2A%2AIssue%20with:%20/blog/cypress-end-to-end-tests.md%2A%2A
Info       The URL is outside of the domain filter, checked only
           syntax.
Warning    [url-whitespace] Leading or trailing whitespace in URL
           `https://github.com/PostHog/posthog.com/issues/new?title=Feedback
           on: Setting up super fast Cypress tests on GitHub
           Actions&body=**Issue with:
           /blog/cypress-end-to-end-tests.md**
           '.
Result     Valid: filtered

URL        `https://github.com/PostHog/posthog.com/issues/new?title=Feedback on: Array 1.8.0&body=**Issue with: /blog/the-posthog-array-1-8-0.md**'
Parent URL https://posthog.com/blog/the-posthog-array-1-8-0, line 72, col 56679
Real URL   https://github.com/PostHog/posthog.com/issues/new?title=Feedback%20on:%20Array%201.8.0&body=%2A%2AIssue%20with:%20/blog/the-posthog-array-1-8-0.md%2A%2A
Info       The URL is outside of the domain filter, checked only
           syntax.
Warning    [url-whitespace] Leading or trailing whitespace in URL
           `https://github.com/PostHog/posthog.com/issues/new?title=Feedback
           on: Array 1.8.0&body=**Issue with:
           /blog/the-posthog-array-1-8-0.md**
           '.
Result     Valid: filtered

URL        `mailto:james@posthog.com.'
Name       `james@posthog.com.'
Parent URL https://posthog.com/blog/the-posthog-array-1-8-0, line 72, col 41093
Real URL   mailto:james@posthog.com.
Info       The URL is outside of the domain filter, checked only
           syntax.
Result     Error: Invalid top level domain part of mail address `james@posthog.com.'.

URL        `mailto:tim@posthog.com.'
Name       `tim@posthog.com.'
Parent URL https://posthog.com/blog/the-posthog-array-1-8-0, line 72, col 40803
Real URL   mailto:tim@posthog.com.
Info       The URL is outside of the domain filter, checked only
           syntax.
Result     Error: Invalid top level domain part of mail address `tim@posthog.com.'.

URL        `https://github.com/PostHog/posthog.com/issues/new?title=Feedback on: Array 1.7.0&body=**Issue with: /blog/the-posthog-array-1-7-0.md**'
Parent URL https://posthog.com/blog/the-posthog-array-1-7-0, line 72, col 59810
Real URL   https://github.com/PostHog/posthog.com/issues/new?title=Feedback%20on:%20Array%201.7.0&body=%2A%2AIssue%20with:%20/blog/the-posthog-array-1-7-0.md%2A%2A
Info       The URL is outside of the domain filter, checked only
           syntax.
Warning    [url-whitespace] Leading or trailing whitespace in URL
           `https://github.com/PostHog/posthog.com/issues/new?title=Feedback
           on: Array 1.7.0&body=**Issue with:
           /blog/the-posthog-array-1-7-0.md**
           '.
Result     Valid: filtered

URL        `https://github.com/PostHog/posthog.com/issues/new?title=Feedback on: Array 1.6.0&body=**Issue with: /blog/the-posthog-array-1-6-0.md**'
Parent URL https://posthog.com/blog/the-posthog-array-1-6-0, line 72, col 56281
Real URL   https://github.com/PostHog/posthog.com/issues/new?title=Feedback%20on:%20Array%201.6.0&body=%2A%2AIssue%20with:%20/blog/the-posthog-array-1-6-0.md%2A%2A
Info       The URL is outside of the domain filter, checked only
           syntax.
Warning    [url-whitespace] Leading or trailing whitespace in URL
           `https://github.com/PostHog/posthog.com/issues/new?title=Feedback
           on: Array 1.6.0&body=**Issue with:
           /blog/the-posthog-array-1-6-0.md**
           '.
Result     Valid: filtered

URL        `https://github.com/PostHog/posthog.com/issues/new?title=Feedback on: Array 1.5.0&body=**Issue with: /blog/the-posthog-array-1-5-0.md**'
Parent URL https://posthog.com/blog/the-posthog-array-1-5-0, line 72, col 53937
Real URL   https://github.com/PostHog/posthog.com/issues/new?title=Feedback%20on:%20Array%201.5.0&body=%2A%2AIssue%20with:%20/blog/the-posthog-array-1-5-0.md%2A%2A
Info       The URL is outside of the domain filter, checked only
           syntax.
Warning    [url-whitespace] Leading or trailing whitespace in URL
           `https://github.com/PostHog/posthog.com/issues/new?title=Feedback
           on: Array 1.5.0&body=**Issue with:
           /blog/the-posthog-array-1-5-0.md**
           '.
Result     Valid: filtered

URL        `https://github.com/PostHog/posthog.com/issues/new?title=Feedback on: Array 1.4.0&body=**Issue with: /blog/the-posthog-array-1-4-0.md**'
Parent URL https://posthog.com/blog/the-posthog-array-1-4-0, line 72, col 55821
Real URL   https://github.com/PostHog/posthog.com/issues/new?title=Feedback%20on:%20Array%201.4.0&body=%2A%2AIssue%20with:%20/blog/the-posthog-array-1-4-0.md%2A%2A
Info       The URL is outside of the domain filter, checked only
           syntax.
Warning    [url-whitespace] Leading or trailing whitespace in URL
           `https://github.com/PostHog/posthog.com/issues/new?title=Feedback
           on: Array 1.4.0&body=**Issue with:
           /blog/the-posthog-array-1-4-0.md**
           '.
Result     Valid: filtered

URL        `https://github.com/PostHog/posthog.com/issues/new?title=Feedback on: Array 1.3.0&body=**Issue with: /blog/the-posthog-array-1-3-0.md**'
Parent URL https://posthog.com/blog/the-posthog-array-1-3-0, line 72, col 58029
Real URL   https://github.com/PostHog/posthog.com/issues/new?title=Feedback%20on:%20Array%201.3.0&body=%2A%2AIssue%20with:%20/blog/the-posthog-array-1-3-0.md%2A%2A
Info       The URL is outside of the domain filter, checked only
           syntax.
Warning    [url-whitespace] Leading or trailing whitespace in URL
           `https://github.com/PostHog/posthog.com/issues/new?title=Feedback
           on: Array 1.3.0&body=**Issue with:
           /blog/the-posthog-array-1-3-0.md**
           '.
Result     Valid: filtered

URL        `https://github.com/PostHog/posthog.com/issues/new?title=Feedback on: Array 1.2.0&body=**Issue with: /blog/the-posthog-array-1-2-0.md**'
Parent URL https://posthog.com/blog/the-posthog-array-1-2-0, line 72, col 54958
Real URL   https://github.com/PostHog/posthog.com/issues/new?title=Feedback%20on:%20Array%201.2.0&body=%2A%2AIssue%20with:%20/blog/the-posthog-array-1-2-0.md%2A%2A
Info       The URL is outside of the domain filter, checked only
           syntax.
Warning    [url-whitespace] Leading or trailing whitespace in URL
           `https://github.com/PostHog/posthog.com/issues/new?title=Feedback
           on: Array 1.2.0&body=**Issue with:
           /blog/the-posthog-array-1-2-0.md**
           '.
Result     Valid: filtered

URL        `https://github.com/PostHog/posthog.com/issues/new?title=Feedback on: Array 1.1.0&body=**Issue with: /blog/the-posthog-array-1-1-0.md**'
Parent URL https://posthog.com/blog/the-posthog-array-1-1-0, line 72, col 66406
Real URL   https://github.com/PostHog/posthog.com/issues/new?title=Feedback%20on:%20Array%201.1.0&body=%2A%2AIssue%20with:%20/blog/the-posthog-array-1-1-0.md%2A%2A
Info       The URL is outside of the domain filter, checked only
           syntax.
Warning    [url-whitespace] Leading or trailing whitespace in URL
           `https://github.com/PostHog/posthog.com/issues/new?title=Feedback
           on: Array 1.1.0&body=**Issue with:
           /blog/the-posthog-array-1-1-0.md**
           '.
Result     Valid: filtered

URL        `https://github.com/PostHog/posthog.com/issues/new?title=Feedback on: Array 1.0.11&body=**Issue with: /blog/the-posthog-array-1-0-11.md**'
Parent URL https://posthog.com/blog/the-posthog-array-1-0-11, line 73, col 35267
Real URL   https://github.com/PostHog/posthog.com/issues/new?title=Feedback%20on:%20Array%201.0.11&body=%2A%2AIssue%20with:%20/blog/the-posthog-array-1-0-11.md%2A%2A
Info       The URL is outside of the domain filter, checked only
           syntax.
Warning    [url-whitespace] Leading or trailing whitespace in URL
           `https://github.com/PostHog/posthog.com/issues/new?title=Feedback
           on: Array 1.0.11&body=**Issue with:
           /blog/the-posthog-array-1-0-11.md**
           '.
Result     Valid: filtered

URL        `https://github.com/PostHog/posthog.com/issues/new?title=Feedback on: Array 1.0.9&body=**Issue with: /blog/the-posthog-array-1-0-9.md**'
Parent URL https://posthog.com/blog/the-posthog-array-1-0-9, line 72, col 53077
Real URL   https://github.com/PostHog/posthog.com/issues/new?title=Feedback%20on:%20Array%201.0.9&body=%2A%2AIssue%20with:%20/blog/the-posthog-array-1-0-9.md%2A%2A
Info       The URL is outside of the domain filter, checked only
           syntax.
Warning    [url-whitespace] Leading or trailing whitespace in URL
           `https://github.com/PostHog/posthog.com/issues/new?title=Feedback
           on: Array 1.0.9&body=**Issue with:
           /blog/the-posthog-array-1-0-9.md**
           '.
Result     Valid: filtered

URL        `https://github.com/PostHog/posthog.com/issues/new?title=Feedback on: Array 1.0.10&body=**Issue with: /blog/the-posthog-array-1-0-10.md**'
Parent URL https://posthog.com/blog/the-posthog-array-1-0-10, line 72, col 52279
Real URL   https://github.com/PostHog/posthog.com/issues/new?title=Feedback%20on:%20Array%201.0.10&body=%2A%2AIssue%20with:%20/blog/the-posthog-array-1-0-10.md%2A%2A
Info       The URL is outside of the domain filter, checked only
           syntax.
Warning    [url-whitespace] Leading or trailing whitespace in URL
           `https://github.com/PostHog/posthog.com/issues/new?title=Feedback
           on: Array 1.0.10&body=**Issue with:
           /blog/the-posthog-array-1-0-10.md**
           '.
Result     Valid: filtered

URL        `https://github.com/PostHog/posthog.com/issues/new?title=Feedback on: Array 1.0.0&body=**Issue with: /blog/the-posthog-array-1.md**'
Parent URL https://posthog.com/blog/the-posthog-array-1, line 72, col 54039
Real URL   https://github.com/PostHog/posthog.com/issues/new?title=Feedback%20on:%20Array%201.0.0&body=%2A%2AIssue%20with:%20/blog/the-posthog-array-1.md%2A%2A
Info       The URL is outside of the domain filter, checked only
           syntax.
Warning    [url-whitespace] Leading or trailing whitespace in URL
           `https://github.com/PostHog/posthog.com/issues/new?title=Feedback
           on: Array 1.0.0&body=**Issue with:
           /blog/the-posthog-array-1.md**
           '.
Result     Valid: filtered

URL        `https://github.com/PostHog/posthog.com/issues/new?title=Feedback on: Array 1.0.8&body=**Issue with: /blog/the-posthog-array-1-0-8.mdx**'
Parent URL https://posthog.com/blog/the-posthog-array-1-0-8, line 74, col 19787
Real URL   https://github.com/PostHog/posthog.com/issues/new?title=Feedback%20on:%20Array%201.0.8&body=%2A%2AIssue%20with:%20/blog/the-posthog-array-1-0-8.mdx%2A%2A
Info       The URL is outside of the domain filter, checked only
           syntax.
Warning    [url-whitespace] Leading or trailing whitespace in URL
           `https://github.com/PostHog/posthog.com/issues/new?title=Feedback
           on: Array 1.0.8&body=**Issue with:
           /blog/the-posthog-array-1-0-8.mdx**
           '.
Result     Valid: filtered

URL        `https://github.com/PostHog/posthog.com/issues/new?title=Feedback on: After the HN launch&body=**Issue with: /blog/after-the-hn-launch.md**'
Parent URL https://posthog.com/blog/after-the-hn-launch, line 72, col 46417
Real URL   https://github.com/PostHog/posthog.com/issues/new?title=Feedback%20on:%20After%20the%20HN%20launch&body=%2A%2AIssue%20with:%20/blog/after-the-hn-launch.md%2A%2A
Info       The URL is outside of the domain filter, checked only
           syntax.
Warning    [url-whitespace] Leading or trailing whitespace in URL
           `https://github.com/PostHog/posthog.com/issues/new?title=Feedback
           on: After the HN launch&body=**Issue with:
           /blog/after-the-hn-launch.md**
           '.
Result     Valid: filtered

URL        `https://github.com/PostHog/posthog.com/issues/new?title=Feedback on: Pivot to PostHog&body=**Issue with: /blog/pivot-to-posthog.md**'
Parent URL https://posthog.com/blog/pivot-to-posthog, line 72, col 47973
Real URL   https://github.com/PostHog/posthog.com/issues/new?title=Feedback%20on:%20Pivot%20to%20PostHog&body=%2A%2AIssue%20with:%20/blog/pivot-to-posthog.md%2A%2A
Info       The URL is outside of the domain filter, checked only
           syntax.
Warning    [url-whitespace] Leading or trailing whitespace in URL
           `https://github.com/PostHog/posthog.com/issues/new?title=Feedback
           on: Pivot to PostHog&body=**Issue with:
           /blog/pivot-to-posthog.md**
           '.
Result     Valid: filtered

URL        `https://github.com/PostHog/posthog.com/issues/new?title=Feedback on: Moving to San Francisco&body=**Issue with: /blog/moving-to-sf.md**'
Parent URL https://posthog.com/blog/moving-to-sf, line 72, col 47389
Real URL   https://github.com/PostHog/posthog.com/issues/new?title=Feedback%20on:%20Moving%20to%20San%20Francisco&body=%2A%2AIssue%20with:%20/blog/moving-to-sf.md%2A%2A
Info       The URL is outside of the domain filter, checked only
           syntax.
Warning    [url-whitespace] Leading or trailing whitespace in URL
           `https://github.com/PostHog/posthog.com/issues/new?title=Feedback
           on: Moving to San Francisco&body=**Issue with:
           /blog/moving-to-sf.md**
           '.
Result     Valid: filtered

URL        `https://github.com/PostHog/posthog.com/issues/new?title=Feedback on: The YC Interview&body=**Issue with: /blog/the-yc-interview.md**'
Parent URL https://posthog.com/blog/the-yc-interview, line 72, col 48111
Real URL   https://github.com/PostHog/posthog.com/issues/new?title=Feedback%20on:%20The%20YC%20Interview&body=%2A%2AIssue%20with:%20/blog/the-yc-interview.md%2A%2A
Info       The URL is outside of the domain filter, checked only
           syntax.
Warning    [url-whitespace] Leading or trailing whitespace in URL
           `https://github.com/PostHog/posthog.com/issues/new?title=Feedback
           on: The YC Interview&body=**Issue with:
           /blog/the-yc-interview.md**
           '.
Result     Valid: filtered

URL        `https://github.com/PostHog/posthog.com/issues/new?title=Feedback on: The time before YC&body=**Issue with: /blog/before-yc.md**'
Parent URL https://posthog.com/blog/before-yc, line 72, col 48741
Real URL   https://github.com/PostHog/posthog.com/issues/new?title=Feedback%20on:%20The%20time%20before%20YC&body=%2A%2AIssue%20with:%20/blog/before-yc.md%2A%2A
Info       The URL is outside of the domain filter, checked only
           syntax.
Warning    [url-whitespace] Leading or trailing whitespace in URL
           `https://github.com/PostHog/posthog.com/issues/new?title=Feedback
           on: The time before YC&body=**Issue with:
           /blog/before-yc.md**
           '.
Result     Valid: filtered

URL        `https://github.com/PostHog/posthog.com/issues/new?title=Feedback on: Adding tools&body=**Issue with: /handbook/company/adding-tools.md**'
Parent URL https://posthog.com/handbook/company/adding-tools, line 81, col 15361
Real URL   https://github.com/PostHog/posthog.com/issues/new?title=Feedback%20on:%20Adding%20tools&body=%2A%2AIssue%20with:%20/handbook/company/adding-tools.md%2A%2A
Info       The URL is outside of the domain filter, checked only
           syntax.
Warning    [url-whitespace] Leading or trailing whitespace in URL
           `https://github.com/PostHog/posthog.com/issues/new?title=Feedback
           on: Adding tools&body=**Issue with:
           /handbook/company/adding-tools.md**
           '.
Result     Valid: filtered

URL        `https://github.com/PostHog/posthog.com/issues/new?title=Feedback on: Contributing to product design&body=**Issue with: /handbook/company/contributing-to-product-design.md**'
Parent URL https://posthog.com/handbook/company/contributing-to-product-design, line 72, col 220164
Real URL   https://github.com/PostHog/posthog.com/issues/new?title=Feedback%20on:%20Contributing%20to%20product%20design&body=%2A%2AIssue%20with:%20/handbook/company/contributing-to-product-design.md%2A%2A
Info       The URL is outside of the domain filter, checked only
           syntax.
Warning    [url-whitespace] Leading or trailing whitespace in URL
           `https://github.com/PostHog/posthog.com/issues/new?title=Feedback
           on: Contributing to product design&body=**Issue with:
           /handbook/company/contributing-to-product-design.md**
           '.
Result     Valid: filtered

URL        `https://github.com/PostHog/posthog.com/issues/new?title=Feedback on: A primer on using GitHub at PostHog&body=**Issue with: /handbook/company/new-to-github.md**'
Parent URL https://posthog.com/handbook/company/new-to-github, line 72, col 239891
Real URL   https://github.com/PostHog/posthog.com/issues/new?title=Feedback%20on:%20A%20primer%20on%20using%20GitHub%20at%20PostHog&body=%2A%2AIssue%20with:%20/handbook/company/new-to-github.md%2A%2A
Info       The URL is outside of the domain filter, checked only
           syntax.
Warning    [url-whitespace] Leading or trailing whitespace in URL
           `https://github.com/PostHog/posthog.com/issues/new?title=Feedback
           on: A primer on using GitHub at PostHog&body=**Issue
           with: /handbook/company/new-to-github.md**
           '.
Result     Valid: filtered

URL        `https://github.com/PostHog/posthog.com/issues/new?title=Feedback on: Engineering&body=**Issue with: /handbook/engineering/index.md**'
Parent URL https://posthog.com/handbook/engineering, line 72, col 207889
Real URL   https://github.com/PostHog/posthog.com/issues/new?title=Feedback%20on:%20Engineering&body=%2A%2AIssue%20with:%20/handbook/engineering/index.md%2A%2A
Info       The URL is outside of the domain filter, checked only
           syntax.
Warning    [url-whitespace] Leading or trailing whitespace in URL
           `https://github.com/PostHog/posthog.com/issues/new?title=Feedback
           on: Engineering&body=**Issue with:
           /handbook/engineering/index.md**
           '.
Result     Valid: filtered

URL        `https://github.com/PostHog/posthog.com/issues/new?title=Feedback on: Storybook&body=**Issue with: /handbook/engineering/storybook.mdx**'
Parent URL https://posthog.com/handbook/engineering/storybook, line 72, col 220491
Real URL   https://github.com/PostHog/posthog.com/issues/new?title=Feedback%20on:%20Storybook&body=%2A%2AIssue%20with:%20/handbook/engineering/storybook.mdx%2A%2A
Info       The URL is outside of the domain filter, checked only
           syntax.
Warning    [url-whitespace] Leading or trailing whitespace in URL
           `https://github.com/PostHog/posthog.com/issues/new?title=Feedback
           on: Storybook&body=**Issue with:
           /handbook/engineering/storybook.mdx**
           '.
Result     Valid: filtered

URL        `https://github.com/PostHog/posthog.com/issues/new?title=Feedback on: Enterprise features prioritization&body=**Issue with: /handbook/product/enterprise-features-prioritization.md**'
Parent URL https://posthog.com/handbook/product/enterprise-features-prioritization, line 72, col 210169
Real URL   https://github.com/PostHog/posthog.com/issues/new?title=Feedback%20on:%20Enterprise%20features%20prioritization&body=%2A%2AIssue%20with:%20/handbook/product/enterprise-features-prioritization.md%2A%2A
Info       The URL is outside of the domain filter, checked only
           syntax.
Warning    [url-whitespace] Leading or trailing whitespace in URL
           `https://github.com/PostHog/posthog.com/issues/new?title=Feedback
           on: Enterprise features prioritization&body=**Issue
           with:
           /handbook/product/enterprise-features-prioritization.md**
           '.
Result     Valid: filtered

URL        `https://github.com/PostHog/posthog.com/issues/new?title=Feedback on: Eltje Lange's README&body=**Issue with: /handbook/company/team/eltje-lange.md**'
Parent URL https://posthog.com/handbook/company/team/eltje-lange, line 72, col 230120
Real URL   https://github.com/PostHog/posthog.com/issues/new?title=Feedback%20on:%20Eltje%20Lange%27s%20README&body=%2A%2AIssue%20with:%20/handbook/company/team/eltje-lange.md%2A%2A
Info       The URL is outside of the domain filter, checked only
           syntax.
Warning    [url-whitespace] Leading or trailing whitespace in URL
           `https://github.com/PostHog/posthog.com/issues/new?title=Feedback
           on: Eltje Lange's README&body=**Issue with:
           /handbook/company/team/eltje-lange.md**
           '.
Result     Valid: filtered

URL        `https://github.com/PostHog/posthog.com/issues/new?title=Feedback on: Exporting a blog post image from Figma&body=**Issue with: /handbook/growth/marketing/exporting-blog-post-image.md**'
Parent URL https://posthog.com/handbook/growth/marketing/exporting-blog-post-image, line 72, col 215474
Real URL   https://github.com/PostHog/posthog.com/issues/new?title=Feedback%20on:%20Exporting%20a%20blog%20post%20image%20from%20Figma&body=%2A%2AIssue%20with:%20/handbook/growth/marketing/exporting-blog-post-image.md%2A%2A
Info       The URL is outside of the domain filter, checked only
           syntax.
Warning    [url-whitespace] Leading or trailing whitespace in URL
           `https://github.com/PostHog/posthog.com/issues/new?title=Feedback
           on: Exporting a blog post image from
           Figma&body=**Issue with:
           /handbook/growth/marketing/exporting-blog-post-image.md**
           '.
Result     Valid: filtered

URL        `https://github.com/PostHog/posthog.com/issues/new?title=Feedback on: Product announcements&body=**Issue with: /handbook/growth/marketing/product-announcements.md**'
Parent URL https://posthog.com/handbook/growth/marketing/product-announcements, line 72, col 215766
Real URL   https://github.com/PostHog/posthog.com/issues/new?title=Feedback%20on:%20Product%20announcements&body=%2A%2AIssue%20with:%20/handbook/growth/marketing/product-announcements.md%2A%2A
Info       The URL is outside of the domain filter, checked only
           syntax.
Warning    [url-whitespace] Leading or trailing whitespace in URL
           `https://github.com/PostHog/posthog.com/issues/new?title=Feedback
           on: Product announcements&body=**Issue with:
           /handbook/growth/marketing/product-announcements.md**
           '.
Result     Valid: filtered

URL        `https://github.com/PostHog/posthog.com/issues/new?title=Feedback on: Customer onboarding&body=**Issue with: /handbook/growth/sales/customer-onboarding.md**'
Parent URL https://posthog.com/handbook/growth/sales/customer-onboarding, line 72, col 211105
Real URL   https://github.com/PostHog/posthog.com/issues/new?title=Feedback%20on:%20Customer%20onboarding&body=%2A%2AIssue%20with:%20/handbook/growth/sales/customer-onboarding.md%2A%2A
Info       The URL is outside of the domain filter, checked only
           syntax.
Warning    [url-whitespace] Leading or trailing whitespace in URL
           `https://github.com/PostHog/posthog.com/issues/new?title=Feedback
           on: Customer onboarding&body=**Issue with:
           /handbook/growth/sales/customer-onboarding.md**
           '.
Result     Valid: filtered

URL        `https://github.com/PostHog/posthog.com/issues/new?title=Feedback on: Feature Flag Use Cases&body=**Issue with: /docs/feature-flag-use-cases.md**'
Parent URL https://posthog.com/docs/feature-flag-use-cases, line 72, col 370938
Real URL   https://github.com/PostHog/posthog.com/issues/new?title=Feedback%20on:%20Feature%20Flag%20Use%20Cases&body=%2A%2AIssue%20with:%20/docs/feature-flag-use-cases.md%2A%2A
Info       The URL is outside of the domain filter, checked only
           syntax.
Warning    [url-whitespace] Leading or trailing whitespace in URL
           `https://github.com/PostHog/posthog.com/issues/new?title=Feedback
           on: Feature Flag Use Cases&body=**Issue with:
           /docs/feature-flag-use-cases.md**
           '.
Result     Valid: filtered

URL        `https://github.com/PostHog/posthog.com/issues/new?title=Feedback on: PostHog Direction&body=**Issue with: /docs/posthog-direction.md**'
Parent URL https://posthog.com/docs/posthog-direction, line 72, col 367470
Real URL   https://github.com/PostHog/posthog.com/issues/new?title=Feedback%20on:%20PostHog%20Direction&body=%2A%2AIssue%20with:%20/docs/posthog-direction.md%2A%2A
Info       The URL is outside of the domain filter, checked only
           syntax.
Warning    [url-whitespace] Leading or trailing whitespace in URL
           `https://github.com/PostHog/posthog.com/issues/new?title=Feedback
           on: PostHog Direction&body=**Issue with:
           /docs/posthog-direction.md**
           '.
Result     Valid: filtered

URL        `https://github.com/PostHog/posthog.com/issues/new?title=Feedback on: Product direction&body=**Issue with: /docs/product-direction.md**'
Parent URL https://posthog.com/docs/product-direction, line 72, col 373723
Real URL   https://github.com/PostHog/posthog.com/issues/new?title=Feedback%20on:%20Product%20direction&body=%2A%2AIssue%20with:%20/docs/product-direction.md%2A%2A
Info       The URL is outside of the domain filter, checked only
           syntax.
Warning    [url-whitespace] Leading or trailing whitespace in URL
           `https://github.com/PostHog/posthog.com/issues/new?title=Feedback
           on: Product direction&body=**Issue with:
           /docs/product-direction.md**
           '.
Result     Valid: filtered

URL        `https://github.com/PostHog/posthog.com/issues/new?title=Feedback on: Laudspeaker Connector&body=**Issue with: /docs/apps/laudspeaker-connector.md**'
Parent URL https://posthog.com/docs/apps/laudspeaker-connector, line 72, col 378181
Real URL   https://github.com/PostHog/posthog.com/issues/new?title=Feedback%20on:%20Laudspeaker%20Connector&body=%2A%2AIssue%20with:%20/docs/apps/laudspeaker-connector.md%2A%2A
Info       The URL is outside of the domain filter, checked only
           syntax.
Warning    [url-whitespace] Leading or trailing whitespace in URL
           `https://github.com/PostHog/posthog.com/issues/new?title=Feedback
           on: Laudspeaker Connector&body=**Issue with:
           /docs/apps/laudspeaker-connector.md**
           '.
Result     Valid: filtered

URL        `https://github.com/PostHog/posthog.com/issues/new?title=Feedback on: Patterns Connector&body=**Issue with: /docs/apps/patterns-connector.md**'
Parent URL https://posthog.com/docs/apps/patterns-connector, line 72, col 381896
Real URL   https://github.com/PostHog/posthog.com/issues/new?title=Feedback%20on:%20Patterns%20Connector&body=%2A%2AIssue%20with:%20/docs/apps/patterns-connector.md%2A%2A
Info       The URL is outside of the domain filter, checked only
           syntax.
Warning    [url-whitespace] Leading or trailing whitespace in URL
           `https://github.com/PostHog/posthog.com/issues/new?title=Feedback
           on: Patterns Connector&body=**Issue with:
           /docs/apps/patterns-connector.md**
           '.
Result     Valid: filtered

URL        `https://github.com/PostHog/posthog.com/issues/new?title=Feedback on: "How come your website is so nice?"&body=**Issue with: /blog/ceo-diary-4.md**'
Parent URL https://posthog.com/blog/ceo-diary-4, line 72, col 57138
Real URL   https://github.com/PostHog/posthog.com/issues/new?title=Feedback%20on:%20%22How%20come%20your%20website%20is%20so%20nice?%22&body=%2A%2AIssue%20with:%20/blog/ceo-diary-4.md%2A%2A
Info       The URL is outside of the domain filter, checked only
           syntax.
Warning    [url-whitespace] Leading or trailing whitespace in URL
           `https://github.com/PostHog/posthog.com/issues/new?title=Feedback
           on: "How come your website is so nice?"&body=**Issue
           with: /blog/ceo-diary-4.md**
           '.
Result     Valid: filtered

URL        `https://github.com/PostHog/posthog.com/issues/new?title=Feedback on: &body=**Issue with: /blog/_includes/let-us-know-cta.mdx**'
Parent URL https://posthog.com/blog/_includes/let-us-know-cta, line 72, col 32831
Real URL   https://github.com/PostHog/posthog.com/issues/new?title=Feedback%20on:%20&body=%2A%2AIssue%20with:%20/blog/_includes/let-us-know-cta.mdx%2A%2A
Info       The URL is outside of the domain filter, checked only
           syntax.
Warning    [url-whitespace] Leading or trailing whitespace in URL
           `https://github.com/PostHog/posthog.com/issues/new?title=Feedback
           on: &body=**Issue with:
           /blog/_includes/let-us-know-cta.mdx**
           '.
Result     Valid: filtered

URL        `https://posthog.com/integrations/geoip'
Parent URL https://posthog.com/sitemap/sitemap-0.xml, line 1, col 92277
Real URL   https://posthog.com/apps/geoip
Check time 3.057 seconds
Info       Redirected to `https://posthog.com/apps/geoip'.
Result     Error: 404 Not Found

URL        `https://posthog.com/integrations/hubspot'
Parent URL https://posthog.com/sitemap/sitemap-0.xml, line 1, col 92925
Real URL   https://posthog.com/apps/hubspot
Check time 2.873 seconds
Info       Redirected to `https://posthog.com/apps/hubspot'.
Result     Error: 404 Not Found

URL        `https://posthog.com/integrations/customer.io'
Parent URL https://posthog.com/sitemap/sitemap-0.xml, line 1, col 93168
Real URL   https://posthog.com/apps/customer.io
Check time 3.131 seconds
Info       Redirected to `https://posthog.com/apps/customer.io'.
Result     Error: 404 Not Found

URL        `https://posthog.com/integrations/sendgrid'
Parent URL https://posthog.com/sitemap/sitemap-0.xml, line 1, col 93287
Real URL   https://posthog.com/apps/sendgrid
Check time 3.492 seconds
Info       Redirected to `https://posthog.com/apps/sendgrid'.
Result     Error: 404 Not Found

URL        `https://posthog.com/integrations/pubsub-export'
Parent URL https://posthog.com/sitemap/sitemap-0.xml, line 1, col 93661
Real URL   https://posthog.com/apps/pubsub-export
Check time 3.621 seconds
Info       Redirected to
           `https://posthog.com/apps/pubsub-export'.
Result     Error: 404 Not Found

URL        `https://posthog.com/integrations/event-sequence-timer-plugin'
Parent URL https://posthog.com/sitemap/sitemap-0.xml, line 1, col 94434
Real URL   https://posthog.com/apps/event-sequence-timer-plugin
Check time 3.705 seconds
Info       Redirected to
           `https://posthog.com/apps/event-sequence-timer-plugin'.
Result     Error: 404 Not Found

URL        `https://posthog.com/integrations/salesforce'
Parent URL https://posthog.com/sitemap/sitemap-0.xml, line 1, col 94690
Real URL   https://posthog.com/apps/salesforce
Check time 3.120 seconds
Info       Redirected to `https://posthog.com/apps/salesforce'.
Result     Error: 404 Not Found

URL        `https://posthog.com/integrations/postgresql-export'
Parent URL https://posthog.com/sitemap/sitemap-0.xml, line 1, col 95067
Real URL   https://posthog.com/apps/postgresql-export
Check time 3.202 seconds
Info       Redirected to
           `https://posthog.com/apps/postgresql-export'.
Result     Error: 404 Not Found

URL        `https://posthog.com/integrations/pagerduty-(beta)'
Parent URL https://posthog.com/sitemap/sitemap-0.xml, line 1, col 95194
Real URL   https://posthog.com/apps/pagerduty-(beta)
Check time 3.642 seconds
Info       Redirected to
           `https://posthog.com/apps/pagerduty-(beta)'.
Result     Error: 404 Not Found

URL        `https://posthog.com/integrations/gcs-export'
Parent URL https://posthog.com/sitemap/sitemap-0.xml, line 1, col 95315
Real URL   https://posthog.com/apps/gcs-export
Check time 3.250 seconds
Info       Redirected to `https://posthog.com/apps/gcs-export'.
Result     Error: 404 Not Found

URL        `https://posthog.com/integrations/orbit-stats-sync'
Parent URL https://posthog.com/sitemap/sitemap-0.xml, line 1, col 95706
Real URL   https://posthog.com/apps/orbit-stats-sync
Check time 3.550 seconds
Info       Redirected to
           `https://posthog.com/apps/orbit-stats-sync'.
Result     Error: 404 Not Found

URL        `https://posthog.com/integrations/redshift-import-plugin-(beta)'
Parent URL https://posthog.com/sitemap/sitemap-0.xml, line 1, col 95846
Real URL   https://posthog.com/apps/redshift-import-plugin-(beta)
Check time 3.140 seconds
Info       Redirected to
           `https://posthog.com/apps/redshift-import-plugin-(beta)'.
Result     Error: 404 Not Found

URL        `https://posthog.com/integrations/migrator-3000-(beta)'
Parent URL https://posthog.com/sitemap/sitemap-0.xml, line 1, col 96104
Real URL   https://posthog.com/apps/migrator-3000-(beta)
Check time 3.492 seconds
Info       Redirected to
           `https://posthog.com/apps/migrator-3000-(beta)'.
Result     Error: 404 Not Found

URL        `https://posthog.com/integrations/zendesk'
Parent URL https://posthog.com/sitemap/sitemap-0.xml, line 1, col 96594
Real URL   https://posthog.com/apps/zendesk
Check time 3.590 seconds
Info       Redirected to `https://posthog.com/apps/zendesk'.
Result     Error: 404 Not Found

URL        `https://posthog.com/integrations/netdata-event-processing-(alpha)'
Parent URL https://posthog.com/sitemap/sitemap-0.xml, line 1, col 96737
Real URL   https://posthog.com/apps/netdata-event-processing-(alpha)
Check time 2.839 seconds
Info       Redirected to
           `https://posthog.com/apps/netdata-event-processing-(alpha)'.
Result     Error: 404 Not Found

URL        `https://posthog.com/integrations/avo-inspector-plugin'
Parent URL https://posthog.com/sitemap/sitemap-0.xml, line 1, col 96868
Real URL   https://posthog.com/apps/avo-inspector-plugin
Check time 3.355 seconds
Info       Redirected to
           `https://posthog.com/apps/avo-inspector-plugin'.
Result     Error: 404 Not Found

URL        `https://posthog.com/integrations/aws-kinesis'
Parent URL https://posthog.com/sitemap/sitemap-0.xml, line 1, col 97347
Real URL   https://posthog.com/apps/aws-kinesis
Check time 3.327 seconds
Info       Redirected to `https://posthog.com/apps/aws-kinesis'.
Result     Error: 404 Not Found

URL        `https://posthog.com/integrations/unduplicates'
Parent URL https://posthog.com/sitemap/sitemap-0.xml, line 1, col 97470
Real URL   https://posthog.com/apps/unduplicates
Check time 3.142 seconds
Info       Redirected to `https://posthog.com/apps/unduplicates'.
Result     Error: 404 Not Found

URL        `https://posthog.com/integrations/advanced-geoip'
Parent URL https://posthog.com/sitemap/sitemap-0.xml, line 1, col 97595
Real URL   https://posthog.com/apps/advanced-geoip
Check time 2.737 seconds
Info       Redirected to
           `https://posthog.com/apps/advanced-geoip'.
Result     Error: 404 Not Found

URL        `https://posthog.com/integrations/variance'
Parent URL https://posthog.com/sitemap/sitemap-0.xml, line 1, col 97714
Real URL   https://posthog.com/apps/variance
Check time 2.912 seconds
Info       Redirected to `https://posthog.com/apps/variance'.
Result     Error: 404 Not Found

URL        `https://posthog.com/integrations/shopify-connector'
Parent URL https://posthog.com/sitemap/sitemap-0.xml, line 1, col 97842
Real URL   https://posthog.com/apps/shopify-connector
Check time 3.245 seconds
Info       Redirected to
           `https://posthog.com/apps/shopify-connector'.
Result     Error: 404 Not Found

URL        `https://posthog.com/integrations/engage.so-connector'
Parent URL https://posthog.com/sitemap/sitemap-0.xml, line 1, col 97972
Real URL   https://posthog.com/apps/engage.so-connector
Check time 3.367 seconds
Info       Redirected to
           `https://posthog.com/apps/engage.so-connector'.
Result     Error: 404 Not Found

URL        `https://posthog.com/integrations/patterns.app-connector'
Parent URL https://posthog.com/sitemap/sitemap-0.xml, line 1, col 98230
Real URL   https://posthog.com/apps/patterns.app-connector
Check time 2.896 seconds
Info       Redirected to
           `https://posthog.com/apps/patterns.app-connector'.
Result     Error: 404 Not Found

URL        `https://posthog.com/integrations/semver-flattener'
Parent URL https://posthog.com/sitemap/sitemap-0.xml, line 1, col 98357
Real URL   https://posthog.com/apps/semver-flattener
Check time 2.526 seconds
Info       Redirected to
           `https://posthog.com/apps/semver-flattener'.
Result     Error: 404 Not Found

URL        `https://posthog.com/integrations/laudspeaker'
Parent URL https://posthog.com/sitemap/sitemap-0.xml, line 1, col 98600
Real URL   https://posthog.com/apps/laudspeaker
Check time 2.857 seconds
Info       Redirected to `https://posthog.com/apps/laudspeaker'.
Result     Error: 404 Not Found

URL        `https://posthog.com/integrations/drop-events-based-on-property'
Parent URL https://posthog.com/sitemap/sitemap-0.xml, line 1, col 98740
Real URL   https://posthog.com/apps/drop-events-based-on-property
Check time 3.500 seconds
Info       Redirected to
           `https://posthog.com/apps/drop-events-based-on-property'.
Result     Error: 404 Not Found

URL        `https://posthog.com/plugins/geoip'
Parent URL https://posthog.com/sitemap/sitemap-0.xml, line 1, col 105867
Real URL   https://posthog.com/apps/geoip
Check time 3.394 seconds
Info       Redirected to `https://posthog.com/apps/geoip'.
Result     Error: 404 Not Found

URL        `https://posthog.com/plugins/hello-world'
Parent URL https://posthog.com/sitemap/sitemap-0.xml, line 1, col 105982
Real URL   https://posthog.com/apps/hello-world
Check time 3.297 seconds
Info       Redirected to `https://posthog.com/apps/hello-world'.
Result     Error: 404 Not Found

URL        `https://posthog.com/plugins/hubspot'
Parent URL https://posthog.com/sitemap/sitemap-0.xml, line 1, col 106595
Real URL   https://posthog.com/apps/hubspot
Check time 3.097 seconds
Info       Redirected to `https://posthog.com/apps/hubspot'.
Result     Error: 404 Not Found

URL        `https://posthog.com/plugins/customer.io'
Parent URL https://posthog.com/sitemap/sitemap-0.xml, line 1, col 106943
Real URL   https://posthog.com/apps/customer.io
Check time 2.773 seconds
Info       Redirected to `https://posthog.com/apps/customer.io'.
Result     Error: 404 Not Found

URL        `https://posthog.com/plugins/sendgrid'
Parent URL https://posthog.com/sitemap/sitemap-0.xml, line 1, col 107055
Real URL   https://posthog.com/apps/sendgrid
Check time 3.497 seconds
Info       Redirected to `https://posthog.com/apps/sendgrid'.
Result     Error: 404 Not Found

URL        `https://posthog.com/plugins/pub/sub-export'
Parent URL https://posthog.com/sitemap/sitemap-0.xml, line 1, col 107409
Real URL   https://posthog.com/apps/pub/sub-export
Check time 3.425 seconds
Info       Redirected to
           `https://posthog.com/apps/pub/sub-export'.
Result     Error: 404 Not Found

URL        `https://posthog.com/plugins/useragent-enhancer'
Parent URL https://posthog.com/sitemap/sitemap-0.xml, line 1, col 107764
Real URL   https://posthog.com/apps/useragent-enhancer
Check time 3.252 seconds
Info       Redirected to
           `https://posthog.com/apps/useragent-enhancer'.
Result     Error: 404 Not Found

URL        `https://posthog.com/plugins/event-sequence-timer-plugin'
Parent URL https://posthog.com/sitemap/sitemap-0.xml, line 1, col 108382
Real URL   https://posthog.com/apps/event-sequence-timer-plugin
Check time 3.448 seconds
Info       Redirected to
           `https://posthog.com/apps/event-sequence-timer-plugin'.
Result     Error: 404 Not Found

URL        `https://posthog.com/plugins/first-event-today'
Parent URL https://posthog.com/sitemap/sitemap-0.xml, line 1, col 108631
Real URL   https://posthog.com/apps/first-event-today
Check time 3.963 seconds
Info       Redirected to
           `https://posthog.com/apps/first-event-today'.
Result     Error: 404 Not Found

URL        `https://posthog.com/plugins/salesforce'
Parent URL https://posthog.com/sitemap/sitemap-0.xml, line 1, col 108745
Real URL   https://posthog.com/apps/salesforce
Check time 3.974 seconds
Info       Redirected to `https://posthog.com/apps/salesforce'.
Result     Error: 404 Not Found

URL        `https://posthog.com/plugins/postgresql-export'
Parent URL https://posthog.com/sitemap/sitemap-0.xml, line 1, col 109101
Real URL   https://posthog.com/apps/postgresql-export
Check time 4.232 seconds
Info       Redirected to
           `https://posthog.com/apps/postgresql-export'.
Result     Error: 404 Not Found

URL        `https://posthog.com/plugins/pagerduty-(beta)'
Parent URL https://posthog.com/sitemap/sitemap-0.xml, line 1, col 109221
Real URL   https://posthog.com/apps/pagerduty-(beta)
Check time 4.155 seconds
Info       Redirected to
           `https://posthog.com/apps/pagerduty-(beta)'.
Result     Error: 404 Not Found

URL        `https://posthog.com/plugins/gcs-export'
Parent URL https://posthog.com/sitemap/sitemap-0.xml, line 1, col 109335
Real URL   https://posthog.com/apps/gcs-export
Check time 4.296 seconds
Info       Redirected to `https://posthog.com/apps/gcs-export'.
Result     Error: 404 Not Found

URL        `https://posthog.com/plugins/orbit-stats-sync'
Parent URL https://posthog.com/sitemap/sitemap-0.xml, line 1, col 109705
Real URL   https://posthog.com/apps/orbit-stats-sync
Check time 3.614 seconds
Info       Redirected to
           `https://posthog.com/apps/orbit-stats-sync'.
Result     Error: 404 Not Found

URL        `https://posthog.com/plugins/redshift-import-plugin-(beta)'
Parent URL https://posthog.com/sitemap/sitemap-0.xml, line 1, col 109838
Real URL   https://posthog.com/apps/redshift-import-plugin-(beta)
Check time 3.613 seconds
Info       Redirected to
           `https://posthog.com/apps/redshift-import-plugin-(beta)'.
Result     Error: 404 Not Found

URL        `https://posthog.com/plugins/migrator-3000-(beta)'
Parent URL https://posthog.com/sitemap/sitemap-0.xml, line 1, col 110082
Real URL   https://posthog.com/apps/migrator-3000-(beta)
Check time 3.786 seconds
Info       Redirected to
           `https://posthog.com/apps/migrator-3000-(beta)'.
Result     Error: 404 Not Found

            URL        `manual/glossary#event'
            Name       `events'
            Parent URL https://posthog.com/manual/glossary, line 72, col 377409
            Real URL   https://posthog.com/manual/manual/glossary#event
            Check time 3.487 seconds
            Result     Error: 404 Not Found

            URL        `manual/funnels'
            Name       `funnels'
            Parent URL https://posthog.com/manual/glossary, line 72, col 397434
            Real URL   https://posthog.com/manual/manual/funnels
            Check time 3.506 seconds
            Result     Error: 404 Not Found

            URL        `/manual/experiments'
            Name       `experimentation suite'
            Parent URL https://posthog.com/manual/glossary, line 72, col 435770
            Real URL   https://posthog.com/manual/experiments
            Check time 3.572 seconds
            Result     Error: 404 Not Found

            URL        `/manual/SSO'
            Name       `Find out more about SAML on PostHog'
            Parent URL https://posthog.com/manual/glossary, line 72, col 460548
            Real URL   https://posthog.com/manual/SSO
            Check time 3.788 seconds
            Result     Error: 404 Not Found

            URL        `/tutorial/stripe-payment-data'
            Name       `How to get Stripe payment and revenue data'
            Parent URL https://posthog.com/blog/b2b-saas-product-metrics, line 72, col 59147
            Real URL   https://posthog.com/tutorial/stripe-payment-data
            Check time 3.334 seconds
            Result     Error: 404 Not Found

            URL        `/product/experimentation'
            Name       `experiments'
            Parent URL https://posthog.com/customers/ycombinator, line 72, col 27167
            Real URL   https://posthog.com/product/experimentation
            Check time 3.989 seconds
            Result     Error: 404 Not Found

            URL        `/engineering/posthog-com/jobs'
            Name       `instructions on how to do this are here'
            Parent URL https://posthog.com/handbook/people/hiring-process, line 72, col 204207
            Real URL   https://posthog.com/engineering/posthog-com/jobs
            Check time 2.609 seconds
            Result     Error: 404 Not Found

            URL        `https://posthog.com/handbook/small-teams/design'
            Name       `Design'
            Parent URL https://posthog.com/handbook/people/hiring-process/design-hiring, line 72, col 195177
            Real URL   https://posthog.com/handbook/small-teams/design
            Check time 3.260 seconds
            Result     Error: 404 Not Found

            URL        `https://posthog.com/product-features/session-recording'
            Name       `session recording'
            Parent URL https://posthog.com/blog/turning-engineers-into-product-people, line 72, col 30707
            Real URL   https://posthog.com/apps/session-recording
            Check time 3.575 seconds
            Info       Redirected to
                       `https://posthog.com/apps/session-recording'.
            Result     Error: 404 Not Found

            URL        `https://posthog.com/product-features/feature-flags'
            Name       `feature flags'
            Parent URL https://posthog.com/blog/turning-engineers-into-product-people, line 72, col 30886
            Real URL   https://posthog.com/apps/feature-flags
            Check time 3.405 seconds
            Info       Redirected to
                       `https://posthog.com/apps/feature-flags'.
            Result     Error: 404 Not Found

URL        `yakkomajuri.github.io'
Name       `https://yakkomajuri.github.io'
Parent URL https://posthog.com/handbook/company/team/yakko-majuri, line 72, col 197858
Real URL   https://posthog.com/handbook/company/team/yakkomajuri.github.io
Check time 3.065 seconds
Result     Error: 404 Not Found

            URL        `/docs/user-guides/Retention'
            Name       `Retention'
            Parent URL https://posthog.com/blog/the-posthog-array-1-36-0, line 72, col 39771
            Real URL   https://posthog.com/manual/Retention
            Check time 3.976 seconds
            Info       Redirected to `https://posthog.com/manual/Retention'.
            Result     Error: 404 Not Found

            URL        `https://posthog.com/marketplace/'
            Name       `the PostHog Marketplace'
            Parent URL https://posthog.com/blog/the-posthog-array-1-36-0, line 72, col 44403
            Real URL   https://posthog.com/marketplace/
            Check time 3.663 seconds
            Result     Error: 404 Not Found

            URL        `https://posthog.com/handbook/company/team/marcus-hyett'
            Name       `Tim'
            Parent URL https://posthog.com/blog/new-vp-nailing-funnels, line 72, col 40684
            Real URL   https://posthog.com/handbook/company/team/marcus-hyett
            Check time 3.657 seconds
            Result     Error: 404 Not Found

            URL        `/docs/user-guides/session-recording'
            Name       `Session Recording'
            Parent URL https://posthog.com/blog/the-posthog-array-1-17-0, line 72, col 25633
            Real URL   https://posthog.com/manual/session-recording
            Check time 3.114 seconds
            Info       Redirected to
                       `https://posthog.com/manual/session-recording'.
            Result     Error: 404 Not Found

            URL        `https://posthog.com/docs/stack/'
            Name       `technologies'
            Parent URL https://posthog.com/careers/full-stack-engineer-experimentation, line 72, col 41733
            Real URL   https://posthog.com/docs/stack/
            Check time 3.731 seconds
            Result     Error: 404 Not Found

            URL        `https://posthog.com/handbook/growth/developer-relations'
            Name       `DevRel at PostHog'
            Parent URL https://posthog.com/handbook/people/hiring-process/devrel-hiring, line 72, col 195858
            Real URL   https://posthog.com/handbook/growth/developer-relations
            Check time 4.076 seconds
            Result     Error: 404 Not Found

Statistics:
Downloaded: 442.8MB.
Content types: 2179 image, 979 text, 0 video, 0 audio, 15 application, 37 mail and 4955 other.
URL lengths: min=14, max=11714, avg=86.

That's it. 8165 links in 8230 URLs checked. 488 warnings found. 80 errors found.
Stopped checking at 2022-11-02 00:08:46-005 (18 minutes, 38 seconds)
